D/StatusBar.MSimNetworkController( 1119): refreshViews connected={ wifi } mMSimSignalLevel=0 mMSimcombinedSignalIconId=0x7f02019c/com.android.systemui:drawable/stat_sys_wifi_signal_4_fully mMSimcombinedActivityIconId=0x0 mAirplaneMode=false mMSimDataActivity=0 mMSimPhoneSignalIconId=0x7f020135 mMSimDataDirectionIconId=0x0 mMSimDataSignalIconId=0x7f020135 mMSimDataTypeIconId=0x0 mNoMSimIconId=0x0 mWifiIconId=0x7f02019c mBluetoothTetherIconId=0x108088c mMSimMobileActivityIconId=0x0 mMSimCallBusyingIconId=0x0 mMSimRoamingIconId=0x0 mMSimIconId=7f02017a sub=1
V/UsbDeviceManager( 1016): USB UEVENT: {USB_STATE=DISCONNECTED, SUBSYSTEM=android_usb, DEVPATH=/devices/virtual/android_usb/android0, SEQNUM=16110, ACTION=change}
D/UsbDeviceManager( 1016): setEnabledFunctions mtp,adb makeDefault: false
D/UsbDeviceManager( 1016): broadcasting Intent { act=android.hardware.usb.action.USB_STATE flg=0x20000000 (has extras) } connected: false configured: false
D/BatteryService( 1016): batteryPropertiesChanged: chargerAcOnline=false, chargerUsbOnline=false, chargerWirelessOnline=false, batteryStatus=3, batteryHealth=2, batteryPresent=true, batteryLevel=48, batteryTechnology=Li-ion, batteryVoltage=3782, batteryCurrentNow=402535, batteryChargeCounter=-2147483648, batteryTemperature=377
I/ActivityManager( 1016): Process com.android.calendar (pid 14093) has died.
I/ActivityManager( 1016): Process com.android.providers.calendar (pid 13808) has died.
I/ActivityManager( 1016): Start proc in.amazon.mShop.android.shopping for broadcast in.amazon.mShop.android.shopping/com.amazon.clouddrive.library.device.receivers.AutoUploadReceiverProxy: pid=14337 uid=10246 gids={50246, 1028, 1015, 3003}
D/StatusBar.MSimNetworkController( 1119): onSignalStrengthsChanged received on subscription :1signalStrength=SignalStrength: 7 0 -120 -160 -120 -1 -1 99 2147483647 2147483647 2147483647 2147483647 2147483647 gsm|lte level=2
D/StatusBar.MSimNetworkController( 1119): updateTelephonySignalStrength: subscription =1
D/StatusBar.MSimNetworkController( 1119): updateTelephonySignalStrength iconList = [I@41bc60e0iconLevel = 2 mInetCondition = 1
D/StatusBar.MSimNetworkController( 1119): refreshViews subscription =1mMSimDataConnected =false
D/StatusBar.MSimNetworkController( 1119): refreshViews mMSimDataActivity =0
D/StatusBar.MSimNetworkController( 1119): refreshViews: Data not connected!! Set no data type icon / Roaming for subscription: 1
D/StatusBar.MSimNetworkController( 1119): refreshViews connected={ wifi } mMSimSignalLevel=0 mMSimcombinedSignalIconId=0x7f02019c/com.android.systemui:drawable/stat_sys_wifi_signal_4_fully mMSimcombinedActivityIconId=0x0 mAirplaneMode=false mMSimDataActivity=0 mMSimPhoneSignalIconId=0x7f020135 mMSimDataDirectionIconId=0x0 mMSimDataSignalIconId=0x7f020135 mMSimDataTypeIconId=0x0 mNoMSimIconId=0x0 mWifiIconId=0x7f02019c mBluetoothTetherIconId=0x108088c mMSimMobileActivityIconId=0x0 mMSimCallBusyingIconId=0x0 mMSimRoamingIconId=0x0 mMSimIconId=7f02017a sub=1
D/StatusBar.MSimNetworkController( 1119): onSignalStrengthsChanged received on subscription :0signalStrength=SignalStrength: 23 0 -120 -160 -120 -1 -1 99 2147483647 2147483647 2147483647 2147483647 2147483647 gsm|lte level=4
D/StatusBar.MSimNetworkController( 1119): updateTelephonySignalStrength: subscription =0
D/StatusBar.MSimNetworkController( 1119): updateTelephonySignalStrength iconList = [I@41bc61c0iconLevel = 4 mInetCondition = 1
D/StatusBar.MSimNetworkController( 1119): refreshViews subscription =0mMSimDataConnected =false
D/StatusBar.MSimNetworkController( 1119): refreshViews mMSimDataActivity =0
D/StatusBar.MSimNetworkController( 1119): refreshViews: Data not connected!! Set no data type icon / Roaming for subscription: 0
D/StatusBar.MSimNetworkController( 1119): refreshViews connected={ wifi } mMSimSignalLevel=0 mMSimcombinedSignalIconId=0x7f02019c/com.android.systemui:drawable/stat_sys_wifi_signal_4_fully mMSimcombinedActivityIconId=0x0 mAirplaneMode=false mMSimDataActivity=0 mMSimPhoneSignalIconId=0x7f020139 mMSimDataDirectionIconId=0x0 mMSimDataSignalIconId=0x7f020139 mMSimDataTypeIconId=0x0 mNoMSimIconId=0x0 mWifiIconId=0x7f02019c mBluetoothTetherIconId=0x108088c mMSimMobileActivityIconId=0x0 mMSimCallBusyingIconId=0x0 mMSimRoamingIconId=0x7f02015b mMSimIconId=7f020158 sub=0
I/ActivityManager( 1016): START u0 {act=android.intent.action.MAIN cat=[android.intent.category.HOME] flg=0x10200000 cmp=com.sonyericsson.home/com.sonymobile.home.HomeActivity} from pid 1016
I/AlarmManager( 1016): set  [type=3 trigger on=(+150ms) repeatInt=150 repeatInt=PendingIntent{42805d18: PendingIntentRecord{41a891e8 com.domobile.applock startService}} worksource = null]
I/ActivityManager( 1016): START u0 {act=android.intent.action.MAIN cat=[android.intent.category.LAUNCHER] flg=0x10200000 cmp=com.whatsapp/.Main} from pid 1398
I/AlarmManager( 1016): set  [type=3 trigger on=(+300ms) repeatInt=300 repeatInt=PendingIntent{4267c0c0: PendingIntentRecord{41a891e8 com.domobile.applock startService}} worksource = null]
W/ContextImpl(13793): Calling a method in the system process without a qualified user: android.app.ContextImpl.startService:1524 android.content.ContextWrapper.startService:494 android.content.ContextWrapper.startService:494 com.sonyericsson.usbux.service.UsbServiceReceiver.onReceive:58 android.app.ActivityThread.handleReceiver:2460 
I/ActivityManager( 1016): Process com.android.chrome (pid 14287) has died.
I/ActivityManager( 1016): Process in.amazon.mShop.android.shopping (pid 14337) has died.
D/StatusBar.MSimNetworkController( 1119): onSignalStrengthsChanged received on subscription :1signalStrength=SignalStrength: 5 0 -120 -160 -120 -1 -1 99 2147483647 2147483647 2147483647 2147483647 2147483647 gsm|lte level=2
D/StatusBar.MSimNetworkController( 1119): updateTelephonySignalStrength: subscription =1
D/StatusBar.MSimNetworkController( 1119): updateTelephonySignalStrength iconList = [I@41bc60e0iconLevel = 2 mInetCondition = 1
D/StatusBar.MSimNetworkController( 1119): refreshViews subscription =1mMSimDataConnected =false
D/StatusBar.MSimNetworkController( 1119): refreshViews mMSimDataActivity =0
D/StatusBar.MSimNetworkController( 1119): refreshViews: Data not connected!! Set no data type icon / Roaming for subscription: 1
D/StatusBar.MSimNetworkController( 1119): refreshViews connected={ wifi } mMSimSignalLevel=0 mMSimcombinedSignalIconId=0x7f02019c/com.android.systemui:drawable/stat_sys_wifi_signal_4_fully mMSimcombinedActivityIconId=0x0 mAirplaneMode=false mMSimDataActivity=0 mMSimPhoneSignalIconId=0x7f020135 mMSimDataDirectionIconId=0x0 mMSimDataSignalIconId=0x7f020135 mMSimDataTypeIconId=0x0 mNoMSimIconId=0x0 mWifiIconId=0x7f02019c mBluetoothTetherIconId=0x108088c mMSimMobileActivityIconId=0x0 mMSimCallBusyingIconId=0x0 mMSimRoamingIconId=0x0 mMSimIconId=7f02017a sub=1
I/AlarmManager( 1016): set  [type=2 trigger on=(+9m59s999ms) repeatInt=0 repeatInt=PendingIntent{42b95920: PendingIntentRecord{4270cdf8 com.whatsapp broadcastIntent}} worksource = null]
D/StatusBar.MSimNetworkController( 1119): refreshViews subscription =1mMSimDataConnected =false
D/StatusBar.MSimNetworkController( 1119): refreshViews mMSimDataActivity =0
D/StatusBar.MSimNetworkController( 1119): refreshViews: Data not connected!! Set no data type icon / Roaming for subscription: 1
D/StatusBar.MSimNetworkController( 1119): refreshViews connected={ wifi } mMSimSignalLevel=0 mMSimcombinedSignalIconId=0x7f02019c/com.android.systemui:drawable/stat_sys_wifi_signal_4_fully mMSimcombinedActivityIconId=0x0 mAirplaneMode=false mMSimDataActivity=0 mMSimPhoneSignalIconId=0x7f020135 mMSimDataDirectionIconId=0x0 mMSimDataSignalIconId=0x7f020135 mMSimDataTypeIconId=0x0 mNoMSimIconId=0x0 mWifiIconId=0x7f02019c mBluetoothTetherIconId=0x108088c mMSimMobileActivityIconId=0x0 mMSimCallBusyingIconId=0x0 mMSimRoamingIconId=0x0 mMSimIconId=7f02017a sub=1
I/ActivityManager( 1016): Process com.cleanmaster.mguard:worker (pid 13965) has died.
I/AlarmManager( 1016): set  [type=2 trigger on=(+10m0s0ms) repeatInt=0 repeatInt=PendingIntent{42b96228: PendingIntentRecord{4270cdf8 com.whatsapp broadcastIntent}} worksource = null]
D/StatusBar.MSimNetworkController( 1119): refreshViews subscription =1mMSimDataConnected =false
D/StatusBar.MSimNetworkController( 1119): refreshViews mMSimDataActivity =0
D/StatusBar.MSimNetworkController( 1119): refreshViews: Data not connected!! Set no data type icon / Roaming for subscription: 1
D/StatusBar.MSimNetworkController( 1119): refreshViews connected={ wifi } mMSimSignalLevel=0 mMSimcombinedSignalIconId=0x7f02019c/com.android.systemui:drawable/stat_sys_wifi_signal_4_fully mMSimcombinedActivityIconId=0x0 mAirplaneMode=false mMSimDataActivity=0 mMSimPhoneSignalIconId=0x7f020135 mMSimDataDirectionIconId=0x0 mMSimDataSignalIconId=0x7f020135 mMSimDataTypeIconId=0x0 mNoMSimIconId=0x0 mWifiIconId=0x7f02019c mBluetoothTetherIconId=0x108088c mMSimMobileActivityIconId=0x0 mMSimCallBusyingIconId=0x0 mMSimRoamingIconId=0x0 mMSimIconId=7f02017a sub=1
I/AlarmManager( 1016): set  [type=2 trigger on=(+10m0s0ms) repeatInt=0 repeatInt=PendingIntent{42c330e8: PendingIntentRecord{4270cdf8 com.whatsapp broadcastIntent}} worksource = null]
I/AlarmManager( 1016): set  [type=2 trigger on=(+32s0ms) repeatInt=0 repeatInt=PendingIntent{42c2cbb8: PendingIntentRecord{42cca5d8 com.whatsapp broadcastIntent}} worksource = null]
D/StatusBar.MSimNetworkController( 1119): refreshViews subscription =1mMSimDataConnected =false
D/StatusBar.MSimNetworkController( 1119): refreshViews mMSimDataActivity =0
D/StatusBar.MSimNetworkController( 1119): refreshViews: Data not connected!! Set no data type icon / Roaming for subscription: 1
D/StatusBar.MSimNetworkController( 1119): refreshViews connected={ wifi } mMSimSignalLevel=0 mMSimcombinedSignalIconId=0x7f02019c/com.android.systemui:drawable/stat_sys_wifi_signal_4_fully mMSimcombinedActivityIconId=0x0 mAirplaneMode=false mMSimDataActivity=0 mMSimPhoneSignalIconId=0x7f020135 mMSimDataDirectionIconId=0x0 mMSimDataSignalIconId=0x7f020135 mMSimDataTypeIconId=0x0 mNoMSimIconId=0x0 mWifiIconId=0x7f02019c mBluetoothTetherIconId=0x108088c mMSimMobileActivityIconId=0x0 mMSimCallBusyingIconId=0x0 mMSimRoamingIconId=0x0 mMSimIconId=7f02017a sub=1
D/StatusBar.MSimNetworkController( 1119): onSignalStrengthsChanged received on subscription :1signalStrength=SignalStrength: 3 0 -120 -160 -120 -1 -1 99 2147483647 2147483647 2147483647 2147483647 2147483647 gsm|lte level=1
D/StatusBar.MSimNetworkController( 1119): updateTelephonySignalStrength: subscription =1
D/StatusBar.MSimNetworkController( 1119): updateTelephonySignalStrength iconList = [I@41bc60e0iconLevel = 1 mInetCondition = 1
D/StatusBar.MSimNetworkController( 1119): refreshViews subscription =1mMSimDataConnected =false
D/StatusBar.MSimNetworkController( 1119): refreshViews mMSimDataActivity =0
D/StatusBar.MSimNetworkController( 1119): refreshViews: Data not connected!! Set no data type icon / Roaming for subscription: 1
D/StatusBar.MSimNetworkController( 1119): refreshViews connected={ wifi } mMSimSignalLevel=0 mMSimcombinedSignalIconId=0x7f02019c/com.android.systemui:drawable/stat_sys_wifi_signal_4_fully mMSimcombinedActivityIconId=0x0 mAirplaneMode=false mMSimDataActivity=0 mMSimPhoneSignalIconId=0x7f020133 mMSimDataDirectionIconId=0x0 mMSimDataSignalIconId=0x7f020133 mMSimDataTypeIconId=0x0 mNoMSimIconId=0x0 mWifiIconId=0x7f02019c mBluetoothTetherIconId=0x108088c mMSimMobileActivityIconId=0x0 mMSimCallBusyingIconId=0x0 mMSimRoamingIconId=0x0 mMSimIconId=7f02017a sub=1
D/StatusBar.MSimNetworkController( 1119): refreshViews subscription =1mMSimDataConnected =false
D/StatusBar.MSimNetworkController( 1119): refreshViews mMSimDataActivity =0
D/StatusBar.MSimNetworkController( 1119): refreshViews: Data not connected!! Set no data type icon / Roaming for subscription: 1
D/StatusBar.MSimNetworkController( 1119): refreshViews connected={ wifi } mMSimSignalLevel=0 mMSimcombinedSignalIconId=0x7f02019c/com.android.systemui:drawable/stat_sys_wifi_signal_4_fully mMSimcombinedActivityIconId=0x0 mAirplaneMode=false mMSimDataActivity=0 mMSimPhoneSignalIconId=0x7f020133 mMSimDataDirectionIconId=0x0 mMSimDataSignalIconId=0x7f020133 mMSimDataTypeIconId=0x0 mNoMSimIconId=0x0 mWifiIconId=0x7f02019c mBluetoothTetherIconId=0x108088c mMSimMobileActivityIconId=0x0 mMSimCallBusyingIconId=0x0 mMSimRoamingIconId=0x0 mMSimIconId=7f02017a sub=1
D/BatteryService( 1016): batteryPropertiesChanged: chargerAcOnline=false, chargerUsbOnline=false, chargerWirelessOnline=false, batteryStatus=3, batteryHealth=2, batteryPresent=true, batteryLevel=48, batteryTechnology=Li-ion, batteryVoltage=3766, batteryCurrentNow=503138, batteryChargeCounter=-2147483648, batteryTemperature=378
I/AlarmManager( 1016): set  [type=2 trigger on=(+10m0s0ms) repeatInt=0 repeatInt=PendingIntent{42661f20: PendingIntentRecord{4270cdf8 com.whatsapp broadcastIntent}} worksource = null]
D/StatusBar.MSimNetworkController( 1119): refreshViews subscription =1mMSimDataConnected =false
D/StatusBar.MSimNetworkController( 1119): refreshViews mMSimDataActivity =0
D/StatusBar.MSimNetworkController( 1119): refreshViews: Data not connected!! Set no data type icon / Roaming for subscription: 1
D/StatusBar.MSimNetworkController( 1119): refreshViews connected={ wifi } mMSimSignalLevel=0 mMSimcombinedSignalIconId=0x7f02019c/com.android.systemui:drawable/stat_sys_wifi_signal_4_fully mMSimcombinedActivityIconId=0x0 mAirplaneMode=false mMSimDataActivity=0 mMSimPhoneSignalIconId=0x7f020133 mMSimDataDirectionIconId=0x0 mMSimDataSignalIconId=0x7f020133 mMSimDataTypeIconId=0x0 mNoMSimIconId=0x0 mWifiIconId=0x7f02019c mBluetoothTetherIconId=0x108088c mMSimMobileActivityIconId=0x0 mMSimCallBusyingIconId=0x0 mMSimRoamingIconId=0x0 mMSimIconId=7f02017a sub=1
I/AlarmManager( 1016): set  [type=2 trigger on=(+4s998ms) repeatInt=0 repeatInt=PendingIntent{426ae2b0: PendingIntentRecord{425d1020 com.google.android.gms broadcastIntent}} worksource = WorkSource{1000}]
D/StatusBar.MSimNetworkController( 1119): refreshViews subscription =1mMSimDataConnected =false
D/StatusBar.MSimNetworkController( 1119): refreshViews mMSimDataActivity =0
D/StatusBar.MSimNetworkController( 1119): refreshViews: Data not connected!! Set no data type icon / Roaming for subscription: 1
D/StatusBar.MSimNetworkController( 1119): refreshViews connected={ wifi } mMSimSignalLevel=0 mMSimcombinedSignalIconId=0x7f02019c/com.android.systemui:drawable/stat_sys_wifi_signal_4_fully mMSimcombinedActivityIconId=0x0 mAirplaneMode=false mMSimDataActivity=0 mMSimPhoneSignalIconId=0x7f020133 mMSimDataDirectionIconId=0x0 mMSimDataSignalIconId=0x7f020133 mMSimDataTypeIconId=0x0 mNoMSimIconId=0x0 mWifiIconId=0x7f02019c mBluetoothTetherIconId=0x108088c mMSimMobileActivityIconId=0x0 mMSimCallBusyingIconId=0x0 mMSimRoamingIconId=0x0 mMSimIconId=7f02017a sub=1
D/WifiP2pService( 1016): InactiveState{ when=-2ms what=147461 target=com.android.internal.util.StateMachine$SmHandler }
D/WifiP2pService( 1016): P2pEnabledState{ when=-2ms what=147461 target=com.android.internal.util.StateMachine$SmHandler }
D/WifiP2pService( 1016): DefaultState{ when=-2ms what=147461 target=com.android.internal.util.StateMachine$SmHandler }
I/AlarmManager( 1016): set  [type=2 trigger on=(+19s433ms) repeatInt=0 repeatInt=PendingIntent{4223d378: PendingIntentRecord{425d1020 com.google.android.gms broadcastIntent}} worksource = WorkSource{1000}]
D/StatusBar.MSimNetworkController( 1119): refreshViews subscription =1mMSimDataConnected =false
D/StatusBar.MSimNetworkController( 1119): refreshViews mMSimDataActivity =0
D/StatusBar.MSimNetworkController( 1119): refreshViews: Data not connected!! Set no data type icon / Roaming for subscription: 1
D/StatusBar.MSimNetworkController( 1119): refreshViews connected={ wifi } mMSimSignalLevel=0 mMSimcombinedSignalIconId=0x7f02019c/com.android.systemui:drawable/stat_sys_wifi_signal_4_fully mMSimcombinedActivityIconId=0x0 mAirplaneMode=false mMSimDataActivity=0 mMSimPhoneSignalIconId=0x7f020133 mMSimDataDirectionIconId=0x0 mMSimDataSignalIconId=0x7f020133 mMSimDataTypeIconId=0x0 mNoMSimIconId=0x0 mWifiIconId=0x7f02019c mBluetoothTetherIconId=0x108088c mMSimMobileActivityIconId=0x0 mMSimCallBusyingIconId=0x0 mMSimRoamingIconId=0x0 mMSimIconId=7f02017a sub=1
I/ActivityManager( 1016): Waited long enough for: ServiceRecord{427982d8 u0 com.sonyericsson.usbux/.service.UsbService}
I/ActivityManager( 1016): Start proc com.sonyericsson.android.smartsearch for service com.sonyericsson.android.smartsearch/.conversion.NameConvertService: pid=14545 uid=10154 gids={50154}
I/AlarmManager( 1016): set  [type=2 trigger on=(+9m59s999ms) repeatInt=0 repeatInt=PendingIntent{4282f450: PendingIntentRecord{4270cdf8 com.whatsapp broadcastIntent}} worksource = null]
D/StatusBar.MSimNetworkController( 1119): refreshViews subscription =1mMSimDataConnected =false
D/StatusBar.MSimNetworkController( 1119): refreshViews mMSimDataActivity =0
D/StatusBar.MSimNetworkController( 1119): refreshViews: Data not connected!! Set no data type icon / Roaming for subscription: 1
D/StatusBar.MSimNetworkController( 1119): refreshViews connected={ wifi } mMSimSignalLevel=0 mMSimcombinedSignalIconId=0x7f02019c/com.android.systemui:drawable/stat_sys_wifi_signal_4_fully mMSimcombinedActivityIconId=0x0 mAirplaneMode=false mMSimDataActivity=0 mMSimPhoneSignalIconId=0x7f020133 mMSimDataDirectionIconId=0x0 mMSimDataSignalIconId=0x7f020133 mMSimDataTypeIconId=0x0 mNoMSimIconId=0x0 mWifiIconId=0x7f02019c mBluetoothTetherIconId=0x108088c mMSimMobileActivityIconId=0x0 mMSimCallBusyingIconId=0x0 mMSimRoamingIconId=0x0 mMSimIconId=7f02017a sub=1
I/AlarmManager( 1016): set  [type=2 trigger on=(+10m0s0ms) repeatInt=0 repeatInt=PendingIntent{424dc390: PendingIntentRecord{4270cdf8 com.whatsapp broadcastIntent}} worksource = null]
D/StatusBar.MSimNetworkController( 1119): refreshViews subscription =1mMSimDataConnected =false
D/StatusBar.MSimNetworkController( 1119): refreshViews mMSimDataActivity =0
D/StatusBar.MSimNetworkController( 1119): refreshViews: Data not connected!! Set no data type icon / Roaming for subscription: 1
D/StatusBar.MSimNetworkController( 1119): refreshViews connected={ wifi } mMSimSignalLevel=0 mMSimcombinedSignalIconId=0x7f02019c/com.android.systemui:drawable/stat_sys_wifi_signal_4_fully mMSimcombinedActivityIconId=0x0 mAirplaneMode=false mMSimDataActivity=0 mMSimPhoneSignalIconId=0x7f020133 mMSimDataDirectionIconId=0x0 mMSimDataSignalIconId=0x7f020133 mMSimDataTypeIconId=0x0 mNoMSimIconId=0x0 mWifiIconId=0x7f02019c mBluetoothTetherIconId=0x108088c mMSimMobileActivityIconId=0x0 mMSimCallBusyingIconId=0x0 mMSimRoamingIconId=0x0 mMSimIconId=7f02017a sub=1
D/BatteryService( 1016): batteryPropertiesChanged: chargerAcOnline=false, chargerUsbOnline=true, chargerWirelessOnline=false, batteryStatus=2, batteryHealth=2, batteryPresent=true, batteryLevel=48, batteryTechnology=Li-ion, batteryVoltage=3774, batteryCurrentNow=411358, batteryChargeCounter=-2147483648, batteryTemperature=378
V/UsbDeviceManager( 1016): USB UEVENT: {USB_STATE=CONNECTED, SUBSYSTEM=android_usb, DEVPATH=/devices/virtual/android_usb/android0, SEQNUM=16143, ACTION=change}
V/UsbDeviceManager( 1016): USB UEVENT: {USB_STATE=DISCONNECTED, SUBSYSTEM=android_usb, DEVPATH=/devices/virtual/android_usb/android0, SEQNUM=16144, ACTION=change}
D/UsbDeviceManager( 1016): setEnabledFunctions mtp,adb makeDefault: false
D/UsbDeviceManager( 1016): broadcasting Intent { act=android.hardware.usb.action.USB_STATE flg=0x20000000 (has extras) } connected: false configured: false
V/UsbDeviceManager( 1016): USB UEVENT: {USB_STATE=CONNECTED, SUBSYSTEM=android_usb, DEVPATH=/devices/virtual/android_usb/android0, SEQNUM=16146, ACTION=change}
I/ActivityManager( 1016): Start proc com.cleanmaster.mguard:worker for broadcast com.cleanmaster.mguard/com.cleanmaster.screensave.ScreenADReceiver: pid=14576 uid=10221 gids={50221, 1028, 1015, 3003}
D/UsbDeviceManager( 1016): broadcasting Intent { act=android.hardware.usb.action.USB_STATE flg=0x20000000 (has extras) } connected: true configured: false
I/EntropyMixer( 1016): Writing entropy...
V/UsbDeviceManager( 1016): USB UEVENT: {USB_STATE=CONFIGURED, SUBSYSTEM=android_usb, DEVPATH=/devices/virtual/android_usb/android0, SEQNUM=16149, ACTION=change}
D/UsbDeviceManager( 1016): broadcasting Intent { act=android.hardware.usb.action.USB_STATE flg=0x20000000 (has extras) } connected: true configured: true
D/BatteryService( 1016): batteryPropertiesChanged: chargerAcOnline=false, chargerUsbOnline=true, chargerWirelessOnline=false, batteryStatus=2, batteryHealth=2, batteryPresent=true, batteryLevel=48, batteryTechnology=Li-ion, batteryVoltage=3802, batteryCurrentNow=55386, batteryChargeCounter=-2147483648, batteryTemperature=376
D/StatusBar.MSimNetworkController( 1119): refreshViews subscription =1mMSimDataConnected =false
D/StatusBar.MSimNetworkController( 1119): refreshViews mMSimDataActivity =0
D/StatusBar.MSimNetworkController( 1119): refreshViews: Data not connected!! Set no data type icon / Roaming for subscription: 1
D/StatusBar.MSimNetworkController( 1119): refreshViews connected={ wifi } mMSimSignalLevel=0 mMSimcombinedSignalIconId=0x7f02019c/com.android.systemui:drawable/stat_sys_wifi_signal_4_fully mMSimcombinedActivityIconId=0x0 mAirplaneMode=false mMSimDataActivity=0 mMSimPhoneSignalIconId=0x7f020133 mMSimDataDirectionIconId=0x0 mMSimDataSignalIconId=0x7f020133 mMSimDataTypeIconId=0x0 mNoMSimIconId=0x0 mWifiIconId=0x7f02019c mBluetoothTetherIconId=0x108088c mMSimMobileActivityIconId=0x0 mMSimCallBusyingIconId=0x0 mMSimRoamingIconId=0x0 mMSimIconId=7f02017a sub=1
V/UsbDeviceManager( 1016): USB UEVENT: {USB_STATE=DISCONNECTED, SUBSYSTEM=android_usb, DEVPATH=/devices/virtual/android_usb/android0, SEQNUM=16152, ACTION=change}
D/UsbDeviceManager( 1016): setEnabledFunctions mtp,adb makeDefault: false
D/UsbDeviceManager( 1016): broadcasting Intent { act=android.hardware.usb.action.USB_STATE flg=0x20000000 (has extras) } connected: false configured: false
D/BatteryService( 1016): batteryPropertiesChanged: chargerAcOnline=false, chargerUsbOnline=false, chargerWirelessOnline=false, batteryStatus=3, batteryHealth=2, batteryPresent=true, batteryLevel=48, batteryTechnology=Li-ion, batteryVoltage=3759, batteryCurrentNow=498359, batteryChargeCounter=-2147483648, batteryTemperature=379
I/ActivityManager( 1016): Process com.sonyericsson.capabilities (pid 14214) has died.
D/BatteryService( 1016): batteryPropertiesChanged: chargerAcOnline=false, chargerUsbOnline=false, chargerWirelessOnline=false, batteryStatus=3, batteryHealth=2, batteryPresent=true, batteryLevel=48, batteryTechnology=Li-ion, batteryVoltage=3741, batteryCurrentNow=681921, batteryChargeCounter=-2147483648, batteryTemperature=379
D/BatteryService( 1016): batteryPropertiesChanged: chargerAcOnline=false, chargerUsbOnline=false, chargerWirelessOnline=false, batteryStatus=3, batteryHealth=2, batteryPresent=true, batteryLevel=48, batteryTechnology=Li-ion, batteryVoltage=3747, batteryCurrentNow=688661, batteryChargeCounter=-2147483648, batteryTemperature=379
D/BatteryService( 1016): batteryPropertiesChanged: chargerAcOnline=false, chargerUsbOnline=false, chargerWirelessOnline=false, batteryStatus=3, batteryHealth=2, batteryPresent=true, batteryLevel=48, batteryTechnology=Li-ion, batteryVoltage=3745, batteryCurrentNow=692827, batteryChargeCounter=-2147483648, batteryTemperature=378
I/AlarmManager( 1016): set  [type=2 trigger on=(+10m0s0ms) repeatInt=0 repeatInt=PendingIntent{427db9f0: PendingIntentRecord{4270cdf8 com.whatsapp broadcastIntent}} worksource = null]
D/BatteryService( 1016): batteryPropertiesChanged: chargerAcOnline=false, chargerUsbOnline=false, chargerWirelessOnline=false, batteryStatus=3, batteryHealth=2, batteryPresent=true, batteryLevel=48, batteryTechnology=Li-ion, batteryVoltage=3751, batteryCurrentNow=551786, batteryChargeCounter=-2147483648, batteryTemperature=379
D/BatteryService( 1016): batteryPropertiesChanged: chargerAcOnline=false, chargerUsbOnline=false, chargerWirelessOnline=false, batteryStatus=3, batteryHealth=2, batteryPresent=true, batteryLevel=48, batteryTechnology=Li-ion, batteryVoltage=3742, batteryCurrentNow=710105, batteryChargeCounter=-2147483648, batteryTemperature=380
D/StatusBar.MSimNetworkController( 1119): refreshViews subscription =1mMSimDataConnected =false
D/StatusBar.MSimNetworkController( 1119): refreshViews mMSimDataActivity =0
D/StatusBar.MSimNetworkController( 1119): refreshViews: Data not connected!! Set no data type icon / Roaming for subscription: 1
D/StatusBar.MSimNetworkController( 1119): refreshViews connected={ wifi } mMSimSignalLevel=0 mMSimcombinedSignalIconId=0x7f02019c/com.android.systemui:drawable/stat_sys_wifi_signal_4_fully mMSimcombinedActivityIconId=0x0 mAirplaneMode=false mMSimDataActivity=0 mMSimPhoneSignalIconId=0x7f020133 mMSimDataDirectionIconId=0x0 mMSimDataSignalIconId=0x7f020133 mMSimDataTypeIconId=0x0 mNoMSimIconId=0x0 mWifiIconId=0x7f02019c mBluetoothTetherIconId=0x108088c mMSimMobileActivityIconId=0x0 mMSimCallBusyingIconId=0x0 mMSimRoamingIconId=0x0 mMSimIconId=7f02017a sub=1
W/ActivityManager( 1016): Unable to start service Intent { act=com.cleanmaster.api.RT_ACCESS cmp=com.cmcm.skey/com.cmcm.rtstub.RTApiService } U=0: not found
W/ActivityManager( 1016): Unable to start service Intent { act=com.cleanmaster.api.RT_ACCESS cmp=com.cmcm.rtstub/.RTApiService } U=0: not found
I/AlarmManager( 1016): set  [type=1 trigger on=(+7h0m0s0ms) repeatInt=0 repeatInt=PendingIntent{4280e4b8: PendingIntentRecord{424d0478 com.cleanmaster.mguard broadcastIntent}} worksource = null]
I/ActivityManager( 1016): Start proc com.android.chrome for broadcast com.android.chrome/org.chromium.base.PowerStatusReceiver: pid=14650 uid=10089 gids={50089, 3003, 1028, 1015}
I/ActivityManager( 1016): Process com.sonyericsson.usbux (pid 13793) has died.
I/ActivityManager( 1016): Start proc in.amazon.mShop.android.shopping for broadcast in.amazon.mShop.android.shopping/com.amazon.clouddrive.library.device.receivers.AutoUploadReceiverProxy: pid=14672 uid=10246 gids={50246, 1028, 1015, 3003}
I/ActivityManager( 1016): Process com.google.android.googlequicksearchbox:search (pid 14266) has died.
I/ActivityManager( 1016): Start proc com.sonyericsson.usbux for broadcast com.sonyericsson.usbux/.service.UsbServiceReceiver: pid=14773 uid=1000 gids={41000, 3003, 1028, 1015, 1023, 3002, 3001, 3006, 2992, 1021, 3004, 3005, 1000, 3009, 1010}
I/ActivityManager( 1016): Process com.cleanmaster.mguard:worker (pid 14576) has died.
W/ContextImpl(14773): Calling a method in the system process without a qualified user: android.app.ContextImpl.startService:1524 android.content.ContextWrapper.startService:494 android.content.ContextWrapper.startService:494 com.sonyericsson.usbux.service.UsbServiceReceiver.onReceive:58 android.app.ActivityThread.handleReceiver:2460 
I/ActivityManager( 1016): Start proc com.cleanmaster.mguard:worker for broadcast com.cleanmaster.mguard/com.cleanmaster.screensave.ScreenADReceiver: pid=14786 uid=10221 gids={50221, 1028, 1015, 3003}
W/ActivityManager( 1016): Unable to start service Intent { act=com.cleanmaster.api.RT_ACCESS cmp=com.cmcm.skey/com.cmcm.rtstub.RTApiService } U=0: not found
W/ActivityManager( 1016): Unable to start service Intent { act=com.cleanmaster.api.RT_ACCESS cmp=com.cmcm.rtstub/.RTApiService } U=0: not found
I/AlarmManager( 1016): set  [type=1 trigger on=(+7h0m0s0ms) repeatInt=0 repeatInt=PendingIntent{42857e60: PendingIntentRecord{424d0478 com.cleanmaster.mguard broadcastIntent}} worksource = null]
I/ActivityManager( 1016): Start proc com.sonyericsson.capabilities for broadcast com.sonyericsson.capabilities/.DefCapUpdaterReceiver: pid=14838 uid=10020 gids={50020, 1023, 1028, 1015}
I/ActivityManager( 1016): Start proc com.google.android.googlequicksearchbox:search for broadcast com.google.android.googlequicksearchbox/com.google.android.apps.gsa.sidekick.main.kato.PowerEventReceiver: pid=14851 uid=10064 gids={50064, 3003, 3001, 1028, 3002, 1015}
I/ActivityManager( 1016): Process com.android.chrome (pid 14650) has died.
D/StatusBar.MSimNetworkController( 1119): onSignalStrengthsChanged received on subscription :1signalStrength=SignalStrength: 6 0 -120 -160 -120 -1 -1 99 2147483647 2147483647 2147483647 2147483647 2147483647 gsm|lte level=2
D/StatusBar.MSimNetworkController( 1119): updateTelephonySignalStrength: subscription =1
D/StatusBar.MSimNetworkController( 1119): updateTelephonySignalStrength iconList = [I@41bc60e0iconLevel = 2 mInetCondition = 1
D/StatusBar.MSimNetworkController( 1119): refreshViews subscription =1mMSimDataConnected =false
D/StatusBar.MSimNetworkController( 1119): refreshViews mMSimDataActivity =0
D/StatusBar.MSimNetworkController( 1119): refreshViews: Data not connected!! Set no data type icon / Roaming for subscription: 1
D/StatusBar.MSimNetworkController( 1119): refreshViews connected={ wifi } mMSimSignalLevel=0 mMSimcombinedSignalIconId=0x7f02019c/com.android.systemui:drawable/stat_sys_wifi_signal_4_fully mMSimcombinedActivityIconId=0x0 mAirplaneMode=false mMSimDataActivity=0 mMSimPhoneSignalIconId=0x7f020135 mMSimDataDirectionIconId=0x0 mMSimDataSignalIconId=0x7f020135 mMSimDataTypeIconId=0x0 mNoMSimIconId=0x0 mWifiIconId=0x7f02019c mBluetoothTetherIconId=0x108088c mMSimMobileActivityIconId=0x0 mMSimCallBusyingIconId=0x0 mMSimRoamingIconId=0x0 mMSimIconId=7f02017a sub=1
I/AlarmManager( 1016): set  [type=0 trigger on=(+10s0ms) repeatInt=0 repeatInt=PendingIntent{42c330e8: PendingIntentRecord{42c9aef0 com.google.android.gms startService}} worksource = null]
I/ActivityManager( 1016): Delaying start of: ServiceRecord{42ebbac0 u0 com.google.android.gms/com.google.android.libraries.social.mediamonitor.MediaMonitorIntentService}
I/ActivityManager( 1016): Start proc com.android.chrome for broadcast com.android.chrome/org.chromium.base.PowerStatusReceiver: pid=14874 uid=10089 gids={50089, 3003, 1028, 1015}
I/ActivityManager( 1016): Process in.amazon.mShop.android.shopping (pid 14672) has died.
I/ActivityManager( 1016): Delay finish: com.cleanmaster.mguard/com.ijinshan.screensavershared.mutual.CharingSaverStateReceiver
I/ActivityManager( 1016): Process jp.naver.line.android (pid 14227) has died.
I/ActivityManager( 1016): Resuming delayed broadcast
I/ActivityManager( 1016): Start proc com.cleanmaster.mguard for broadcast com.cleanmaster.mguard/com.cleanmaster.screensave.ScreenSaveUtils$MyBoostReceiver: pid=14897 uid=10221 gids={50221, 1028, 1015, 3003}
I/ActivityManager( 1016): Process com.sonyericsson.capabilities (pid 14838) has died.
W/ActivityManager( 1016): Unable to start service Intent { act=com.cleanmaster.api.RT_ACCESS cmp=com.cmcm.skey/com.cmcm.rtstub.RTApiService } U=0: not found
W/ActivityManager( 1016): Unable to start service Intent { act=com.cleanmaster.api.RT_ACCESS cmp=com.cmcm.rtstub/.RTApiService } U=0: not found
I/ActivityManager( 1016): Delaying start of: ServiceRecord{42cf7490 u0 com.cleanmaster.mguard/com.cleanmaster.screensave.newscreensaver.ScreenSaverService}
D/StatusBar.MSimNetworkController( 1119): refreshViews subscription =1mMSimDataConnected =false
D/StatusBar.MSimNetworkController( 1119): refreshViews mMSimDataActivity =0
D/StatusBar.MSimNetworkController( 1119): refreshViews: Data not connected!! Set no data type icon / Roaming for subscription: 1
D/StatusBar.MSimNetworkController( 1119): refreshViews connected={ wifi } mMSimSignalLevel=0 mMSimcombinedSignalIconId=0x7f02019c/com.android.systemui:drawable/stat_sys_wifi_signal_4_fully mMSimcombinedActivityIconId=0x0 mAirplaneMode=false mMSimDataActivity=0 mMSimPhoneSignalIconId=0x7f020135 mMSimDataDirectionIconId=0x0 mMSimDataSignalIconId=0x7f020135 mMSimDataTypeIconId=0x0 mNoMSimIconId=0x0 mWifiIconId=0x7f02019c mBluetoothTetherIconId=0x108088c mMSimMobileActivityIconId=0x0 mMSimCallBusyingIconId=0x0 mMSimRoamingIconId=0x0 mMSimIconId=7f02017a sub=1
I/ActivityManager( 1016): Delay finish: com.cleanmaster.mguard/com.cleanmaster.screensave.ScreenSaveUtils$MyBoostReceiver
I/AlarmManager( 1016): set  [type=2 trigger on=(+10m0s0ms) repeatInt=0 repeatInt=PendingIntent{423c1f60: PendingIntentRecord{4270cdf8 com.whatsapp broadcastIntent}} worksource = null]
I/ActivityManager( 1016): Resuming delayed broadcast
I/ActivityManager( 1016): Process com.google.android.googlequicksearchbox:search (pid 14851) has died.
D/StatusBar.MSimNetworkController( 1119): onSignalStrengthsChanged received on subscription :0signalStrength=SignalStrength: 21 0 -120 -160 -120 -1 -1 99 2147483647 2147483647 2147483647 2147483647 2147483647 gsm|lte level=4
D/StatusBar.MSimNetworkController( 1119): updateTelephonySignalStrength: subscription =0
D/StatusBar.MSimNetworkController( 1119): updateTelephonySignalStrength iconList = [I@41bc61c0iconLevel = 4 mInetCondition = 1
D/StatusBar.MSimNetworkController( 1119): refreshViews subscription =0mMSimDataConnected =false
D/StatusBar.MSimNetworkController( 1119): refreshViews mMSimDataActivity =0
D/StatusBar.MSimNetworkController( 1119): refreshViews: Data not connected!! Set no data type icon / Roaming for subscription: 0
D/StatusBar.MSimNetworkController( 1119): refreshViews connected={ wifi } mMSimSignalLevel=0 mMSimcombinedSignalIconId=0x7f02019c/com.android.systemui:drawable/stat_sys_wifi_signal_4_fully mMSimcombinedActivityIconId=0x0 mAirplaneMode=false mMSimDataActivity=0 mMSimPhoneSignalIconId=0x7f020139 mMSimDataDirectionIconId=0x0 mMSimDataSignalIconId=0x7f020139 mMSimDataTypeIconId=0x0 mNoMSimIconId=0x0 mWifiIconId=0x7f02019c mBluetoothTetherIconId=0x108088c mMSimMobileActivityIconId=0x0 mMSimCallBusyingIconId=0x0 mMSimRoamingIconId=0x7f02015b mMSimIconId=7f020158 sub=0
D/StatusBar.MSimNetworkController( 1119): onSignalStrengthsChanged received on subscription :1signalStrength=SignalStrength: 9 0 -120 -160 -120 -1 -1 99 2147483647 2147483647 2147483647 2147483647 2147483647 gsm|lte level=3
D/StatusBar.MSimNetworkController( 1119): updateTelephonySignalStrength: subscription =1
D/StatusBar.MSimNetworkController( 1119): updateTelephonySignalStrength iconList = [I@41bc60e0iconLevel = 3 mInetCondition = 1
D/StatusBar.MSimNetworkController( 1119): refreshViews subscription =1mMSimDataConnected =false
D/StatusBar.MSimNetworkController( 1119): refreshViews mMSimDataActivity =0
D/StatusBar.MSimNetworkController( 1119): refreshViews: Data not connected!! Set no data type icon / Roaming for subscription: 1
D/StatusBar.MSimNetworkController( 1119): refreshViews connected={ wifi } mMSimSignalLevel=0 mMSimcombinedSignalIconId=0x7f02019c/com.android.systemui:drawable/stat_sys_wifi_signal_4_fully mMSimcombinedActivityIconId=0x0 mAirplaneMode=false mMSimDataActivity=0 mMSimPhoneSignalIconId=0x7f020137 mMSimDataDirectionIconId=0x0 mMSimDataSignalIconId=0x7f020137 mMSimDataTypeIconId=0x0 mNoMSimIconId=0x0 mWifiIconId=0x7f02019c mBluetoothTetherIconId=0x108088c mMSimMobileActivityIconId=0x0 mMSimCallBusyingIconId=0x0 mMSimRoamingIconId=0x0 mMSimIconId=7f02017a sub=1
D/StatusBar.MSimNetworkController( 1119): refreshViews subscription =1mMSimDataConnected =false
D/StatusBar.MSimNetworkController( 1119): refreshViews mMSimDataActivity =0
D/StatusBar.MSimNetworkController( 1119): refreshViews: Data not connected!! Set no data type icon / Roaming for subscription: 1
D/StatusBar.MSimNetworkController( 1119): refreshViews connected={ wifi } mMSimSignalLevel=0 mMSimcombinedSignalIconId=0x7f02019c/com.android.systemui:drawable/stat_sys_wifi_signal_4_fully mMSimcombinedActivityIconId=0x0 mAirplaneMode=false mMSimDataActivity=0 mMSimPhoneSignalIconId=0x7f020137 mMSimDataDirectionIconId=0x0 mMSimDataSignalIconId=0x7f020137 mMSimDataTypeIconId=0x0 mNoMSimIconId=0x0 mWifiIconId=0x7f02019c mBluetoothTetherIconId=0x108088c mMSimMobileActivityIconId=0x0 mMSimCallBusyingIconId=0x0 mMSimRoamingIconId=0x0 mMSimIconId=7f02017a sub=1
D/StatusBar.MSimNetworkController( 1119): onSignalStrengthsChanged received on subscription :0signalStrength=SignalStrength: 22 0 -120 -160 -120 -1 -1 99 2147483647 2147483647 2147483647 2147483647 2147483647 gsm|lte level=4
D/StatusBar.MSimNetworkController( 1119): updateTelephonySignalStrength: subscription =0
D/StatusBar.MSimNetworkController( 1119): updateTelephonySignalStrength iconList = [I@41bc61c0iconLevel = 4 mInetCondition = 1
D/StatusBar.MSimNetworkController( 1119): refreshViews subscription =0mMSimDataConnected =false
D/StatusBar.MSimNetworkController( 1119): refreshViews mMSimDataActivity =0
D/StatusBar.MSimNetworkController( 1119): refreshViews: Data not connected!! Set no data type icon / Roaming for subscription: 0
D/StatusBar.MSimNetworkController( 1119): refreshViews connected={ wifi } mMSimSignalLevel=0 mMSimcombinedSignalIconId=0x7f02019c/com.android.systemui:drawable/stat_sys_wifi_signal_4_fully mMSimcombinedActivityIconId=0x0 mAirplaneMode=false mMSimDataActivity=0 mMSimPhoneSignalIconId=0x7f020139 mMSimDataDirectionIconId=0x0 mMSimDataSignalIconId=0x7f020139 mMSimDataTypeIconId=0x0 mNoMSimIconId=0x0 mWifiIconId=0x7f02019c mBluetoothTetherIconId=0x108088c mMSimMobileActivityIconId=0x0 mMSimCallBusyingIconId=0x0 mMSimRoamingIconId=0x7f02015b mMSimIconId=7f020158 sub=0
D/StatusBar.MSimNetworkController( 1119): onSignalStrengthsChanged received on subscription :1signalStrength=SignalStrength: 5 0 -120 -160 -120 -1 -1 99 2147483647 2147483647 2147483647 2147483647 2147483647 gsm|lte level=2
D/StatusBar.MSimNetworkController( 1119): updateTelephonySignalStrength: subscription =1
D/StatusBar.MSimNetworkController( 1119): updateTelephonySignalStrength iconList = [I@41bc60e0iconLevel = 2 mInetCondition = 1
D/StatusBar.MSimNetworkController( 1119): refreshViews subscription =1mMSimDataConnected =false
D/StatusBar.MSimNetworkController( 1119): refreshViews mMSimDataActivity =0
D/StatusBar.MSimNetworkController( 1119): refreshViews: Data not connected!! Set no data type icon / Roaming for subscription: 1
D/StatusBar.MSimNetworkController( 1119): refreshViews connected={ wifi } mMSimSignalLevel=0 mMSimcombinedSignalIconId=0x7f02019c/com.android.systemui:drawable/stat_sys_wifi_signal_4_fully mMSimcombinedActivityIconId=0x0 mAirplaneMode=false mMSimDataActivity=0 mMSimPhoneSignalIconId=0x7f020135 mMSimDataDirectionIconId=0x0 mMSimDataSignalIconId=0x7f020135 mMSimDataTypeIconId=0x0 mNoMSimIconId=0x0 mWifiIconId=0x7f02019c mBluetoothTetherIconId=0x108088c mMSimMobileActivityIconId=0x0 mMSimCallBusyingIconId=0x0 mMSimRoamingIconId=0x0 mMSimIconId=7f02017a sub=1
D/StatusBar.MSimNetworkController( 1119): refreshViews subscription =1mMSimDataConnected =false
D/StatusBar.MSimNetworkController( 1119): refreshViews mMSimDataActivity =0
D/StatusBar.MSimNetworkController( 1119): refreshViews: Data not connected!! Set no data type icon / Roaming for subscription: 1
D/StatusBar.MSimNetworkController( 1119): refreshViews connected={ wifi } mMSimSignalLevel=0 mMSimcombinedSignalIconId=0x7f02019c/com.android.systemui:drawable/stat_sys_wifi_signal_4_fully mMSimcombinedActivityIconId=0x0 mAirplaneMode=false mMSimDataActivity=0 mMSimPhoneSignalIconId=0x7f020135 mMSimDataDirectionIconId=0x0 mMSimDataSignalIconId=0x7f020135 mMSimDataTypeIconId=0x0 mNoMSimIconId=0x0 mWifiIconId=0x7f02019c mBluetoothTetherIconId=0x108088c mMSimMobileActivityIconId=0x0 mMSimCallBusyingIconId=0x0 mMSimRoamingIconId=0x0 mMSimIconId=7f02017a sub=1
I/AlarmManager( 1016): set  [type=2 trigger on=(+4s998ms) repeatInt=0 repeatInt=PendingIntent{426ef288: PendingIntentRecord{425d1020 com.google.android.gms broadcastIntent}} worksource = WorkSource{1000}]
I/ActivityManager( 1016): Waited long enough for: ServiceRecord{42db2f90 u0 com.sonyericsson.android.smartsearch/.conversion.NameConvertService}
D/StatusBar.MSimNetworkController( 1119): refreshViews subscription =1mMSimDataConnected =false
D/StatusBar.MSimNetworkController( 1119): refreshViews mMSimDataActivity =0
D/StatusBar.MSimNetworkController( 1119): refreshViews: Data not connected!! Set no data type icon / Roaming for subscription: 1
D/StatusBar.MSimNetworkController( 1119): refreshViews connected={ wifi } mMSimSignalLevel=0 mMSimcombinedSignalIconId=0x7f02019c/com.android.systemui:drawable/stat_sys_wifi_signal_4_fully mMSimcombinedActivityIconId=0x0 mAirplaneMode=false mMSimDataActivity=0 mMSimPhoneSignalIconId=0x7f020135 mMSimDataDirectionIconId=0x0 mMSimDataSignalIconId=0x7f020135 mMSimDataTypeIconId=0x0 mNoMSimIconId=0x0 mWifiIconId=0x7f02019c mBluetoothTetherIconId=0x108088c mMSimMobileActivityIconId=0x0 mMSimCallBusyingIconId=0x0 mMSimRoamingIconId=0x0 mMSimIconId=7f02017a sub=1
D/WifiP2pService( 1016): InactiveState{ when=0 what=147461 target=com.android.internal.util.StateMachine$SmHandler }
D/WifiP2pService( 1016): P2pEnabledState{ when=0 what=147461 target=com.android.internal.util.StateMachine$SmHandler }
D/WifiP2pService( 1016): DefaultState{ when=0 what=147461 target=com.android.internal.util.StateMachine$SmHandler }
I/AlarmManager( 1016): set  [type=2 trigger on=(+19s442ms) repeatInt=0 repeatInt=PendingIntent{425f1608: PendingIntentRecord{425d1020 com.google.android.gms broadcastIntent}} worksource = WorkSource{1000}]
I/AlarmManager( 1016): set  [type=2 trigger on=(+10m0s0ms) repeatInt=0 repeatInt=PendingIntent{425b3e48: PendingIntentRecord{4270cdf8 com.whatsapp broadcastIntent}} worksource = null]
D/StatusBar.MSimNetworkController( 1119): onSignalStrengthsChanged received on subscription :1signalStrength=SignalStrength: 3 0 -120 -160 -120 -1 -1 99 2147483647 2147483647 2147483647 2147483647 2147483647 gsm|lte level=1
D/StatusBar.MSimNetworkController( 1119): updateTelephonySignalStrength: subscription =1
D/StatusBar.MSimNetworkController( 1119): updateTelephonySignalStrength iconList = [I@41bc60e0iconLevel = 1 mInetCondition = 1
D/StatusBar.MSimNetworkController( 1119): refreshViews subscription =1mMSimDataConnected =false
D/StatusBar.MSimNetworkController( 1119): refreshViews mMSimDataActivity =0
D/StatusBar.MSimNetworkController( 1119): refreshViews: Data not connected!! Set no data type icon / Roaming for subscription: 1
D/StatusBar.MSimNetworkController( 1119): refreshViews connected={ wifi } mMSimSignalLevel=0 mMSimcombinedSignalIconId=0x7f02019c/com.android.systemui:drawable/stat_sys_wifi_signal_4_fully mMSimcombinedActivityIconId=0x0 mAirplaneMode=false mMSimDataActivity=0 mMSimPhoneSignalIconId=0x7f020133 mMSimDataDirectionIconId=0x0 mMSimDataSignalIconId=0x7f020133 mMSimDataTypeIconId=0x0 mNoMSimIconId=0x0 mWifiIconId=0x7f02019c mBluetoothTetherIconId=0x108088c mMSimMobileActivityIconId=0x0 mMSimCallBusyingIconId=0x0 mMSimRoamingIconId=0x0 mMSimIconId=7f02017a sub=1
D/StatusBar.MSimNetworkController( 1119): refreshViews subscription =1mMSimDataConnected =false
D/StatusBar.MSimNetworkController( 1119): refreshViews mMSimDataActivity =0
D/StatusBar.MSimNetworkController( 1119): refreshViews: Data not connected!! Set no data type icon / Roaming for subscription: 1
D/StatusBar.MSimNetworkController( 1119): refreshViews connected={ wifi } mMSimSignalLevel=0 mMSimcombinedSignalIconId=0x7f02019c/com.android.systemui:drawable/stat_sys_wifi_signal_4_fully mMSimcombinedActivityIconId=0x0 mAirplaneMode=false mMSimDataActivity=0 mMSimPhoneSignalIconId=0x7f020133 mMSimDataDirectionIconId=0x0 mMSimDataSignalIconId=0x7f020133 mMSimDataTypeIconId=0x0 mNoMSimIconId=0x0 mWifiIconId=0x7f02019c mBluetoothTetherIconId=0x108088c mMSimMobileActivityIconId=0x0 mMSimCallBusyingIconId=0x0 mMSimRoamingIconId=0x0 mMSimIconId=7f02017a sub=1
I/ActivityManager( 1016): START u0 {cmp=com.whatsapp/.HomeActivity} from pid 9091
I/AlarmManager( 1016): set  [type=2 trigger on=(+14s999ms) repeatInt=0 repeatInt=PendingIntent{42531ce8: PendingIntentRecord{422a9cc8 com.whatsapp broadcastIntent}} worksource = null]
D/StatusBar.MSimNetworkController( 1119): refreshViews subscription =1mMSimDataConnected =false
D/StatusBar.MSimNetworkController( 1119): refreshViews mMSimDataActivity =0
D/StatusBar.MSimNetworkController( 1119): refreshViews: Data not connected!! Set no data type icon / Roaming for subscription: 1
D/StatusBar.MSimNetworkController( 1119): refreshViews connected={ wifi } mMSimSignalLevel=0 mMSimcombinedSignalIconId=0x7f02019c/com.android.systemui:drawable/stat_sys_wifi_signal_4_fully mMSimcombinedActivityIconId=0x0 mAirplaneMode=false mMSimDataActivity=0 mMSimPhoneSignalIconId=0x7f020133 mMSimDataDirectionIconId=0x0 mMSimDataSignalIconId=0x7f020133 mMSimDataTypeIconId=0x0 mNoMSimIconId=0x0 mWifiIconId=0x7f02019c mBluetoothTetherIconId=0x108088c mMSimMobileActivityIconId=0x0 mMSimCallBusyingIconId=0x0 mMSimRoamingIconId=0x0 mMSimIconId=7f02017a sub=1
I/ActivityManager( 1016): Waited long enough for: ServiceRecord{425af260 u0 com.sonyericsson.usbux/.service.UsbService}
I/AlarmManager( 1016): set  [type=3 trigger on=(+150ms) repeatInt=150 repeatInt=PendingIntent{42a396c8: PendingIntentRecord{41a891e8 com.domobile.applock startService}} worksource = null]
I/ActivityManager( 1016): Process com.android.chrome (pid 14874) has died.
V/UsbDeviceManager( 1016): USB UEVENT: {USB_STATE=CONNECTED, SUBSYSTEM=android_usb, DEVPATH=/devices/virtual/android_usb/android0, SEQNUM=16205, ACTION=change}
V/UsbDeviceManager( 1016): USB UEVENT: {USB_STATE=DISCONNECTED, SUBSYSTEM=android_usb, DEVPATH=/devices/virtual/android_usb/android0, SEQNUM=16206, ACTION=change}
D/BatteryService( 1016): batteryPropertiesChanged: chargerAcOnline=false, chargerUsbOnline=true, chargerWirelessOnline=false, batteryStatus=2, batteryHealth=2, batteryPresent=true, batteryLevel=48, batteryTechnology=Li-ion, batteryVoltage=3755, batteryCurrentNow=531322, batteryChargeCounter=-2147483648, batteryTemperature=378
V/UsbDeviceManager( 1016): USB UEVENT: {USB_STATE=CONNECTED, SUBSYSTEM=android_usb, DEVPATH=/devices/virtual/android_usb/android0, SEQNUM=16207, ACTION=change}
D/UsbDeviceManager( 1016): broadcasting Intent { act=android.hardware.usb.action.USB_STATE flg=0x20000000 (has extras) } connected: true configured: false
D/UsbDeviceManager( 1016): broadcasting Intent { act=android.hardware.usb.action.USB_STATE flg=0x20000000 (has extras) } connected: true configured: false
V/UsbDeviceManager( 1016): USB UEVENT: {USB_STATE=CONFIGURED, SUBSYSTEM=android_usb, DEVPATH=/devices/virtual/android_usb/android0, SEQNUM=16213, ACTION=change}
V/UsbDeviceManager( 1016): USB UEVENT: {USB_STATE=DISCONNECTED, SUBSYSTEM=android_usb, DEVPATH=/devices/virtual/android_usb/android0, SEQNUM=16214, ACTION=change}
D/UsbDeviceManager( 1016): broadcasting Intent { act=android.hardware.usb.action.USB_STATE flg=0x20000000 (has extras) } connected: true configured: true
D/UsbDeviceManager( 1016): setEnabledFunctions mtp,adb makeDefault: false
D/UsbDeviceManager( 1016): broadcasting Intent { act=android.hardware.usb.action.USB_STATE flg=0x20000000 (has extras) } connected: false configured: false
I/EntropyMixer( 1016): Writing entropy...
D/BatteryService( 1016): batteryPropertiesChanged: chargerAcOnline=false, chargerUsbOnline=false, chargerWirelessOnline=false, batteryStatus=2, batteryHealth=2, batteryPresent=true, batteryLevel=48, batteryTechnology=Li-ion, batteryVoltage=3761, batteryCurrentNow=477774, batteryChargeCounter=-2147483648, batteryTemperature=378
D/StatusBar.MSimNetworkController( 1119): refreshViews subscription =1mMSimDataConnected =false
D/StatusBar.MSimNetworkController( 1119): refreshViews mMSimDataActivity =0
D/StatusBar.MSimNetworkController( 1119): refreshViews: Data not connected!! Set no data type icon / Roaming for subscription: 1
D/StatusBar.MSimNetworkController( 1119): refreshViews connected={ wifi } mMSimSignalLevel=0 mMSimcombinedSignalIconId=0x7f02019c/com.android.systemui:drawable/stat_sys_wifi_signal_4_fully mMSimcombinedActivityIconId=0x0 mAirplaneMode=false mMSimDataActivity=0 mMSimPhoneSignalIconId=0x7f020133 mMSimDataDirectionIconId=0x0 mMSimDataSignalIconId=0x7f020133 mMSimDataTypeIconId=0x0 mNoMSimIconId=0x0 mWifiIconId=0x7f02019c mBluetoothTetherIconId=0x108088c mMSimMobileActivityIconId=0x0 mMSimCallBusyingIconId=0x0 mMSimRoamingIconId=0x0 mMSimIconId=7f02017a sub=1
I/ActivityManager( 1016): Start proc jp.naver.line.android for broadcast jp.naver.line.android/.service.push.SystemBroadcastReceiver: pid=15104 uid=10184 gids={50184, 3003, 1028, 1015, 3002}
V/UsbDeviceManager( 1016): USB UEVENT: {USB_STATE=CONNECTED, SUBSYSTEM=android_usb, DEVPATH=/devices/virtual/android_usb/android0, SEQNUM=16221, ACTION=change}
D/UsbDeviceManager( 1016): broadcasting Intent { act=android.hardware.usb.action.USB_STATE flg=0x20000000 (has extras) } connected: true configured: false
V/UsbDeviceManager( 1016): USB UEVENT: {USB_STATE=DISCONNECTED, SUBSYSTEM=android_usb, DEVPATH=/devices/virtual/android_usb/android0, SEQNUM=16222, ACTION=change}
D/UsbDeviceManager( 1016): setEnabledFunctions mtp,adb makeDefault: false
D/UsbDeviceManager( 1016): broadcasting Intent { act=android.hardware.usb.action.USB_STATE flg=0x20000000 (has extras) } connected: false configured: false
I/ActivityManager( 1016): Process com.sonyericsson.usbux (pid 14773) has died.
V/UsbDeviceManager( 1016): USB UEVENT: {USB_STATE=CONNECTED, SUBSYSTEM=android_usb, DEVPATH=/devices/virtual/android_usb/android0, SEQNUM=16224, ACTION=change}
D/UsbDeviceManager( 1016): broadcasting Intent { act=android.hardware.usb.action.USB_STATE flg=0x20000000 (has extras) } connected: true configured: false
V/UsbDeviceManager( 1016): USB UEVENT: {USB_STATE=CONFIGURED, SUBSYSTEM=android_usb, DEVPATH=/devices/virtual/android_usb/android0, SEQNUM=16226, ACTION=change}
D/UsbDeviceManager( 1016): broadcasting Intent { act=android.hardware.usb.action.USB_STATE flg=0x20000000 (has extras) } connected: true configured: true
