D/BatteryService( 1016): batteryPropertiesChanged: chargerAcOnline=false, chargerUsbOnline=true, chargerWirelessOnline=false, batteryStatus=2, batteryHealth=2, batteryPresent=true, batteryLevel=48, batteryTechnology=Li-ion, batteryVoltage=3751, batteryCurrentNow=622368, batteryChargeCounter=-2147483648, batteryTemperature=379
I/EntropyMixer( 1016): Writing entropy...
D/BatteryService( 1016): batteryPropertiesChanged: chargerAcOnline=false, chargerUsbOnline=true, chargerWirelessOnline=false, batteryStatus=2, batteryHealth=2, batteryPresent=true, batteryLevel=48, batteryTechnology=Li-ion, batteryVoltage=3797, batteryCurrentNow=118370, batteryChargeCounter=-2147483648, batteryTemperature=376
D/BatteryService( 1016): batteryPropertiesChanged: chargerAcOnline=false, chargerUsbOnline=true, chargerWirelessOnline=false, batteryStatus=2, batteryHealth=2, batteryPresent=true, batteryLevel=48, batteryTechnology=Li-ion, batteryVoltage=3814, batteryCurrentNow=38231, batteryChargeCounter=-2147483648, batteryTemperature=376
D/BatteryService( 1016): batteryPropertiesChanged: chargerAcOnline=false, chargerUsbOnline=true, chargerWirelessOnline=false, batteryStatus=2, batteryHealth=2, batteryPresent=true, batteryLevel=48, batteryTechnology=Li-ion, batteryVoltage=3809, batteryCurrentNow=20341, batteryChargeCounter=-2147483648, batteryTemperature=376
D/BatteryService( 1016): batteryPropertiesChanged: chargerAcOnline=false, chargerUsbOnline=true, chargerWirelessOnline=false, batteryStatus=2, batteryHealth=2, batteryPresent=true, batteryLevel=48, batteryTechnology=Li-ion, batteryVoltage=3809, batteryCurrentNow=0, batteryChargeCounter=-2147483648, batteryTemperature=376
D/BatteryService( 1016): batteryPropertiesChanged: chargerAcOnline=false, chargerUsbOnline=true, chargerWirelessOnline=false, batteryStatus=2, batteryHealth=2, batteryPresent=true, batteryLevel=48, batteryTechnology=Li-ion, batteryVoltage=3811, batteryCurrentNow=0, batteryChargeCounter=-2147483648, batteryTemperature=376
D/BatteryService( 1016): batteryPropertiesChanged: chargerAcOnline=false, chargerUsbOnline=true, chargerWirelessOnline=false, batteryStatus=2, batteryHealth=2, batteryPresent=true, batteryLevel=48, batteryTechnology=Li-ion, batteryVoltage=3814, batteryCurrentNow=0, batteryChargeCounter=-2147483648, batteryTemperature=376
D/BatteryService( 1016): batteryPropertiesChanged: chargerAcOnline=false, chargerUsbOnline=true, chargerWirelessOnline=false, batteryStatus=2, batteryHealth=2, batteryPresent=true, batteryLevel=48, batteryTechnology=Li-ion, batteryVoltage=3818, batteryCurrentNow=-61454, batteryChargeCounter=-2147483648, batteryTemperature=376
I/ActivityManager( 1016): Start proc com.android.chrome for broadcast com.android.chrome/org.chromium.base.PowerStatusReceiver: pid=15141 uid=10089 gids={50089, 3003, 1028, 1015}
I/ActivityManager( 1016): Process com.cleanmaster.mguard (pid 14897) has died.
I/ActivityManager( 1016): Start proc in.amazon.mShop.android.shopping for broadcast in.amazon.mShop.android.shopping/com.amazon.clouddrive.library.device.receivers.AutoUploadReceiverProxy: pid=15158 uid=10246 gids={50246, 1028, 1015, 3003}
D/BatteryService( 1016): batteryPropertiesChanged: chargerAcOnline=false, chargerUsbOnline=true, chargerWirelessOnline=false, batteryStatus=2, batteryHealth=2, batteryPresent=true, batteryLevel=48, batteryTechnology=Li-ion, batteryVoltage=3813, batteryCurrentNow=-39151, batteryChargeCounter=-2147483648, batteryTemperature=376
D/StatusBar.MSimNetworkController( 1119): refreshViews subscription =1mMSimDataConnected =false
D/StatusBar.MSimNetworkController( 1119): refreshViews mMSimDataActivity =0
D/StatusBar.MSimNetworkController( 1119): refreshViews: Data not connected!! Set no data type icon / Roaming for subscription: 1
D/StatusBar.MSimNetworkController( 1119): refreshViews connected={ wifi } mMSimSignalLevel=0 mMSimcombinedSignalIconId=0x7f02019c/com.android.systemui:drawable/stat_sys_wifi_signal_4_fully mMSimcombinedActivityIconId=0x0 mAirplaneMode=false mMSimDataActivity=0 mMSimPhoneSignalIconId=0x7f020133 mMSimDataDirectionIconId=0x0 mMSimDataSignalIconId=0x7f020133 mMSimDataTypeIconId=0x0 mNoMSimIconId=0x0 mWifiIconId=0x7f02019c mBluetoothTetherIconId=0x108088c mMSimMobileActivityIconId=0x0 mMSimCallBusyingIconId=0x0 mMSimRoamingIconId=0x0 mMSimIconId=7f02017a sub=1
I/ActivityManager( 1016): Process com.whatsapp (pid 9091) has died.
W/ActivityManager( 1016): Scheduling restart of crashed service com.whatsapp/.messaging.MessageService in 1000ms
I/ActivityManager( 1016): Start proc com.whatsapp for service com.whatsapp/.messaging.MessageService: pid=15243 uid=10213 gids={50213, 3002, 3003, 1028, 1015}
I/ActivityManager( 1016): Start proc com.sonyericsson.usbux for broadcast com.sonyericsson.usbux/.service.UsbServiceReceiver: pid=15305 uid=1000 gids={41000, 3003, 1028, 1015, 1023, 3002, 3001, 3006, 2992, 1021, 3004, 3005, 1000, 3009, 1010}
D/StatusBar.MSimNetworkController( 1119): refreshViews subscription =1mMSimDataConnected =false
D/StatusBar.MSimNetworkController( 1119): refreshViews mMSimDataActivity =0
D/StatusBar.MSimNetworkController( 1119): refreshViews: Data not connected!! Set no data type icon / Roaming for subscription: 1
D/StatusBar.MSimNetworkController( 1119): refreshViews connected={ wifi } mMSimSignalLevel=0 mMSimcombinedSignalIconId=0x7f02019c/com.android.systemui:drawable/stat_sys_wifi_signal_4_fully mMSimcombinedActivityIconId=0x0 mAirplaneMode=false mMSimDataActivity=0 mMSimPhoneSignalIconId=0x7f020133 mMSimDataDirectionIconId=0x0 mMSimDataSignalIconId=0x7f020133 mMSimDataTypeIconId=0x0 mNoMSimIconId=0x0 mWifiIconId=0x7f02019c mBluetoothTetherIconId=0x108088c mMSimMobileActivityIconId=0x0 mMSimCallBusyingIconId=0x0 mMSimRoamingIconId=0x0 mMSimIconId=7f02017a sub=1
W/ContextImpl(15305): Calling a method in the system process without a qualified user: android.app.ContextImpl.startService:1524 android.content.ContextWrapper.startService:494 android.content.ContextWrapper.startService:494 com.sonyericsson.usbux.service.UsbServiceReceiver.onReceive:58 android.app.ActivityThread.handleReceiver:2460 
I/ActivityManager( 1016): Start proc com.android.providers.calendar for content provider com.android.providers.calendar/.CalendarProvider2: pid=15326 uid=10016 gids={50016, 3003, 1028, 1015}
I/ActivityManager( 1016): Start proc com.sonyericsson.capabilities for broadcast com.sonyericsson.capabilities/.DefCapUpdaterReceiver: pid=15339 uid=10020 gids={50020, 1023, 1028, 1015}
I/ActivityManager( 1016): Start proc com.google.android.googlequicksearchbox:search for broadcast com.google.android.googlequicksearchbox/com.google.android.apps.gsa.sidekick.main.kato.PowerEventReceiver: pid=15357 uid=10064 gids={50064, 3003, 3001, 1028, 3002, 1015}
D/StatusBar.MSimNetworkController( 1119): onSignalStrengthsChanged received on subscription :1signalStrength=SignalStrength: 9 0 -120 -160 -120 -1 -1 99 2147483647 2147483647 2147483647 2147483647 2147483647 gsm|lte level=3
D/StatusBar.MSimNetworkController( 1119): updateTelephonySignalStrength: subscription =1
D/StatusBar.MSimNetworkController( 1119): updateTelephonySignalStrength iconList = [I@41bc60e0iconLevel = 3 mInetCondition = 1
D/StatusBar.MSimNetworkController( 1119): refreshViews subscription =1mMSimDataConnected =false
D/StatusBar.MSimNetworkController( 1119): refreshViews mMSimDataActivity =0
D/StatusBar.MSimNetworkController( 1119): refreshViews: Data not connected!! Set no data type icon / Roaming for subscription: 1
D/StatusBar.MSimNetworkController( 1119): refreshViews connected={ wifi } mMSimSignalLevel=0 mMSimcombinedSignalIconId=0x7f02019c/com.android.systemui:drawable/stat_sys_wifi_signal_4_fully mMSimcombinedActivityIconId=0x0 mAirplaneMode=false mMSimDataActivity=0 mMSimPhoneSignalIconId=0x7f020137 mMSimDataDirectionIconId=0x0 mMSimDataSignalIconId=0x7f020137 mMSimDataTypeIconId=0x0 mNoMSimIconId=0x0 mWifiIconId=0x7f02019c mBluetoothTetherIconId=0x108088c mMSimMobileActivityIconId=0x0 mMSimCallBusyingIconId=0x0 mMSimRoamingIconId=0x0 mMSimIconId=7f02017a sub=1
I/ActivityManager( 1016): Process com.android.chrome (pid 15141) has died.
I/ActivityManager( 1016): Start proc com.android.chrome for broadcast com.android.chrome/org.chromium.base.PowerStatusReceiver: pid=15389 uid=10089 gids={50089, 3003, 1028, 1015}
I/ActivityManager( 1016): Process in.amazon.mShop.android.shopping (pid 15158) has died.
D/StatusBar.MSimNetworkController( 1119): refreshViews subscription =1mMSimDataConnected =false
D/StatusBar.MSimNetworkController( 1119): refreshViews mMSimDataActivity =0
D/StatusBar.MSimNetworkController( 1119): refreshViews: Data not connected!! Set no data type icon / Roaming for subscription: 1
D/StatusBar.MSimNetworkController( 1119): refreshViews connected={ wifi } mMSimSignalLevel=0 mMSimcombinedSignalIconId=0x7f02019c/com.android.systemui:drawable/stat_sys_wifi_signal_4_fully mMSimcombinedActivityIconId=0x0 mAirplaneMode=false mMSimDataActivity=0 mMSimPhoneSignalIconId=0x7f020137 mMSimDataDirectionIconId=0x0 mMSimDataSignalIconId=0x7f020137 mMSimDataTypeIconId=0x0 mNoMSimIconId=0x0 mWifiIconId=0x7f02019c mBluetoothTetherIconId=0x108088c mMSimMobileActivityIconId=0x0 mMSimCallBusyingIconId=0x0 mMSimRoamingIconId=0x0 mMSimIconId=7f02017a sub=1
I/AlarmManager( 1016): set  [type=0 trigger on=(+9h14m26s518ms) repeatInt=0 repeatInt=PendingIntent{429f7058: PendingIntentRecord{425b8c58 com.whatsapp broadcastIntent}} worksource = null]
I/AlarmManager( 1016): set  [type=0 trigger on=(+7h14m26s495ms) repeatInt=0 repeatInt=PendingIntent{428bdeb8: PendingIntentRecord{424a2258 com.whatsapp broadcastIntent}} worksource = null]
I/AlarmManager( 1016): set  [type=3 trigger on=(--) repeatInt=3600000 repeatInt=PendingIntent{428ba420: PendingIntentRecord{41ab6928 com.whatsapp broadcastIntent}} worksource = null]
I/AlarmManager( 1016): set  [type=3 trigger on=(--) repeatInt=43200000 repeatInt=PendingIntent{4288d420: PendingIntentRecord{4229e840 com.whatsapp broadcastIntent}} worksource = null]
I/ActivityManager( 1016): Process com.cleanmaster.mguard:worker (pid 14786) has died.
I/ActivityManager( 1016): Start proc com.cleanmaster.mguard:worker for broadcast com.cleanmaster.mguard/com.cleanmaster.screensave.ScreenADReceiver: pid=15415 uid=10221 gids={50221, 1028, 1015, 3003}
I/ActivityManager( 1016): Process jp.naver.line.android (pid 15104) has died.
W/ActivityManager( 1016): Unable to start service Intent { act=com.cleanmaster.api.RT_ACCESS cmp=com.cmcm.skey/com.cmcm.rtstub.RTApiService } U=0: not found
W/ActivityManager( 1016): Unable to start service Intent { act=com.cleanmaster.api.RT_ACCESS cmp=com.cmcm.rtstub/.RTApiService } U=0: not found
I/AlarmManager( 1016): set  [type=1 trigger on=(+7h0m0s0ms) repeatInt=0 repeatInt=PendingIntent{419c0548: PendingIntentRecord{424d0478 com.cleanmaster.mguard broadcastIntent}} worksource = null]
I/ActivityManager( 1016): Process com.sonyericsson.capabilities (pid 15339) has died.
D/StatusBar.MSimNetworkController( 1119): onSignalStrengthsChanged received on subscription :1signalStrength=SignalStrength: 13 0 -120 -160 -120 -1 -1 99 2147483647 2147483647 2147483647 2147483647 2147483647 gsm|lte level=4
D/StatusBar.MSimNetworkController( 1119): updateTelephonySignalStrength: subscription =1
D/StatusBar.MSimNetworkController( 1119): updateTelephonySignalStrength iconList = [I@41bc60e0iconLevel = 4 mInetCondition = 1
D/StatusBar.MSimNetworkController( 1119): refreshViews subscription =1mMSimDataConnected =false
D/StatusBar.MSimNetworkController( 1119): refreshViews mMSimDataActivity =0
D/StatusBar.MSimNetworkController( 1119): refreshViews: Data not connected!! Set no data type icon / Roaming for subscription: 1
D/StatusBar.MSimNetworkController( 1119): refreshViews connected={ wifi } mMSimSignalLevel=0 mMSimcombinedSignalIconId=0x7f02019c/com.android.systemui:drawable/stat_sys_wifi_signal_4_fully mMSimcombinedActivityIconId=0x0 mAirplaneMode=false mMSimDataActivity=0 mMSimPhoneSignalIconId=0x7f020139 mMSimDataDirectionIconId=0x0 mMSimDataSignalIconId=0x7f020139 mMSimDataTypeIconId=0x0 mNoMSimIconId=0x0 mWifiIconId=0x7f02019c mBluetoothTetherIconId=0x108088c mMSimMobileActivityIconId=0x0 mMSimCallBusyingIconId=0x0 mMSimRoamingIconId=0x0 mMSimIconId=7f02017a sub=1
I/ActivityManager( 1016): Start proc jp.naver.line.android for broadcast jp.naver.line.android/.service.push.SystemBroadcastReceiver: pid=15461 uid=10184 gids={50184, 3003, 1028, 1015, 3002}
I/ActivityManager( 1016): Process com.google.android.googlequicksearchbox:search (pid 15357) has died.
I/AlarmManager( 1016): set  [type=2 trigger on=(+10m0s0ms) repeatInt=0 repeatInt=PendingIntent{425309d8: PendingIntentRecord{4270cdf8 com.whatsapp broadcastIntent}} worksource = null]
I/AlarmManager( 1016): set  [type=2 trigger on=(+15s0ms) repeatInt=240000 repeatInt=PendingIntent{419f26f8: PendingIntentRecord{42cf78e0 com.whatsapp broadcastIntent}} worksource = null]
I/ActivityManager( 1016): Start proc in.amazon.mShop.android.shopping for broadcast in.amazon.mShop.android.shopping/com.amazon.clouddrive.library.device.receivers.AutoUploadReceiverProxy: pid=15498 uid=10246 gids={50246, 1028, 1015, 3003}
D/BatteryService( 1016): batteryPropertiesChanged: chargerAcOnline=false, chargerUsbOnline=true, chargerWirelessOnline=false, batteryStatus=2, batteryHealth=2, batteryPresent=true, batteryLevel=48, batteryTechnology=Li-ion, batteryVoltage=3805, batteryCurrentNow=108078, batteryChargeCounter=-2147483648, batteryTemperature=376
I/ActivityManager( 1016): Process com.android.providers.calendar (pid 15326) has died.
D/StatusBar.MSimNetworkController( 1119): onSignalStrengthsChanged received on subscription :1signalStrength=SignalStrength: 14 0 -120 -160 -120 -1 -1 99 2147483647 2147483647 2147483647 2147483647 2147483647 gsm|lte level=4
D/StatusBar.MSimNetworkController( 1119): updateTelephonySignalStrength: subscription =1
D/StatusBar.MSimNetworkController( 1119): updateTelephonySignalStrength iconList = [I@41bc60e0iconLevel = 4 mInetCondition = 1
D/StatusBar.MSimNetworkController( 1119): refreshViews subscription =1mMSimDataConnected =false
D/StatusBar.MSimNetworkController( 1119): refreshViews mMSimDataActivity =0
D/StatusBar.MSimNetworkController( 1119): refreshViews: Data not connected!! Set no data type icon / Roaming for subscription: 1
D/StatusBar.MSimNetworkController( 1119): refreshViews connected={ wifi } mMSimSignalLevel=0 mMSimcombinedSignalIconId=0x7f02019c/com.android.systemui:drawable/stat_sys_wifi_signal_4_fully mMSimcombinedActivityIconId=0x0 mAirplaneMode=false mMSimDataActivity=0 mMSimPhoneSignalIconId=0x7f020139 mMSimDataDirectionIconId=0x0 mMSimDataSignalIconId=0x7f020139 mMSimDataTypeIconId=0x0 mNoMSimIconId=0x0 mWifiIconId=0x7f02019c mBluetoothTetherIconId=0x108088c mMSimMobileActivityIconId=0x0 mMSimCallBusyingIconId=0x0 mMSimRoamingIconId=0x0 mMSimIconId=7f02017a sub=1
D/StatusBar.MSimNetworkController( 1119): refreshViews subscription =1mMSimDataConnected =false
D/StatusBar.MSimNetworkController( 1119): refreshViews mMSimDataActivity =0
D/StatusBar.MSimNetworkController( 1119): refreshViews: Data not connected!! Set no data type icon / Roaming for subscription: 1
D/StatusBar.MSimNetworkController( 1119): refreshViews connected={ wifi } mMSimSignalLevel=0 mMSimcombinedSignalIconId=0x7f02019c/com.android.systemui:drawable/stat_sys_wifi_signal_4_fully mMSimcombinedActivityIconId=0x0 mAirplaneMode=false mMSimDataActivity=0 mMSimPhoneSignalIconId=0x7f020139 mMSimDataDirectionIconId=0x0 mMSimDataSignalIconId=0x7f020139 mMSimDataTypeIconId=0x0 mNoMSimIconId=0x0 mWifiIconId=0x7f02019c mBluetoothTetherIconId=0x108088c mMSimMobileActivityIconId=0x0 mMSimCallBusyingIconId=0x0 mMSimRoamingIconId=0x0 mMSimIconId=7f02017a sub=1
I/ActivityManager( 1016): Start proc com.android.calendar for broadcast com.android.calendar/.alerts.AlertReceiver: pid=15600 uid=10140 gids={50140, 3003, 1028, 1015}
I/ActivityManager( 1016): Start proc com.android.providers.calendar for content provider com.android.providers.calendar/.CalendarProvider2: pid=15616 uid=10016 gids={50016, 3003, 1028, 1015}
I/ActivityManager( 1016): Process com.cleanmaster.mguard:worker (pid 15415) has died.
I/ActivityManager( 1016): Start proc com.cleanmaster.mguard:worker for broadcast com.cleanmaster.mguard/com.ijinshan.screensavershared.mutual.CharingSaverStateReceiver: pid=15631 uid=10221 gids={50221, 1028, 1015, 3003}
I/AlarmManager( 1016): set  [type=1 trigger on=(+7h14m21s833ms) repeatInt=0 repeatInt=PendingIntent{4256cd08: PendingIntentRecord{42315aa0 com.android.calendar broadcastIntent}} worksource = null]
I/ActivityManager( 1016): Process jp.naver.line.android (pid 15461) has died.
D/StatusBar.MSimNetworkController( 1119): refreshViews subscription =1mMSimDataConnected =false
D/StatusBar.MSimNetworkController( 1119): refreshViews mMSimDataActivity =0
D/StatusBar.MSimNetworkController( 1119): refreshViews: Data not connected!! Set no data type icon / Roaming for subscription: 1
D/StatusBar.MSimNetworkController( 1119): refreshViews connected={ wifi } mMSimSignalLevel=0 mMSimcombinedSignalIconId=0x7f02019c/com.android.systemui:drawable/stat_sys_wifi_signal_4_fully mMSimcombinedActivityIconId=0x0 mAirplaneMode=false mMSimDataActivity=0 mMSimPhoneSignalIconId=0x7f020139 mMSimDataDirectionIconId=0x0 mMSimDataSignalIconId=0x7f020139 mMSimDataTypeIconId=0x0 mNoMSimIconId=0x0 mWifiIconId=0x7f02019c mBluetoothTetherIconId=0x108088c mMSimMobileActivityIconId=0x0 mMSimCallBusyingIconId=0x0 mMSimRoamingIconId=0x0 mMSimIconId=7f02017a sub=1
W/ActivityManager( 1016): Unable to start service Intent { act=com.cleanmaster.api.RT_ACCESS cmp=com.cmcm.skey/com.cmcm.rtstub.RTApiService } U=0: not found
W/ActivityManager( 1016): Unable to start service Intent { act=com.cleanmaster.api.RT_ACCESS cmp=com.cmcm.rtstub/.RTApiService } U=0: not found
I/AlarmManager( 1016): set  [type=1 trigger on=(+6h59m59s999ms) repeatInt=0 repeatInt=PendingIntent{42526b20: PendingIntentRecord{424d0478 com.cleanmaster.mguard broadcastIntent}} worksource = null]
I/AlarmManager( 1016): set  [type=1 trigger on=(+7h14m21s324ms) repeatInt=0 repeatInt=PendingIntent{42412b00: PendingIntentRecord{42315aa0 com.android.calendar broadcastIntent}} worksource = null]
I/ActivityManager( 1016): Start proc com.cleanmaster.mguard for broadcast com.cleanmaster.mguard/com.cleanmaster.screensave.ScreenSaveUtils$MyBoostReceiver: pid=15696 uid=10221 gids={50221, 1028, 1015, 3003}
I/ActivityManager( 1016): Process com.android.chrome (pid 15389) has died.
I/ActivityManager( 1016): Process in.amazon.mShop.android.shopping (pid 15498) has died.
W/ActivityManager( 1016): Unable to start service Intent { act=com.cleanmaster.api.RT_ACCESS cmp=com.cmcm.skey/com.cmcm.rtstub.RTApiService } U=0: not found
W/ActivityManager( 1016): Unable to start service Intent { act=com.cleanmaster.api.RT_ACCESS cmp=com.cmcm.rtstub/.RTApiService } U=0: not found
I/ActivityManager( 1016): Delay finish: com.android.calendar/.alerts.AlertReceiver
I/ActivityManager( 1016): Resuming delayed broadcast
I/AlarmManager( 1016): set  [type=1 trigger on=(+7h14m20s363ms) repeatInt=0 repeatInt=PendingIntent{42c77e70: PendingIntentRecord{42315aa0 com.android.calendar broadcastIntent}} worksource = null]
I/AlarmManager( 1016): set  [type=2 trigger on=(+4s997ms) repeatInt=0 repeatInt=PendingIntent{42cc5fd0: PendingIntentRecord{425d1020 com.google.android.gms broadcastIntent}} worksource = WorkSource{1000}]
D/WifiP2pService( 1016): InactiveState{ when=0 what=147461 target=com.android.internal.util.StateMachine$SmHandler }
D/WifiP2pService( 1016): P2pEnabledState{ when=0 what=147461 target=com.android.internal.util.StateMachine$SmHandler }
D/WifiP2pService( 1016): DefaultState{ when=0 what=147461 target=com.android.internal.util.StateMachine$SmHandler }
I/AlarmManager( 1016): set  [type=2 trigger on=(+19s506ms) repeatInt=0 repeatInt=PendingIntent{4269ca78: PendingIntentRecord{425d1020 com.google.android.gms broadcastIntent}} worksource = WorkSource{1000}]
D/StatusBar.MSimNetworkController( 1119): onSignalStrengthsChanged received on subscription :0signalStrength=SignalStrength: 25 0 -120 -160 -120 -1 -1 99 2147483647 2147483647 2147483647 2147483647 2147483647 gsm|lte level=4
D/StatusBar.MSimNetworkController( 1119): updateTelephonySignalStrength: subscription =0
D/StatusBar.MSimNetworkController( 1119): updateTelephonySignalStrength iconList = [I@41bc61c0iconLevel = 4 mInetCondition = 1
D/StatusBar.MSimNetworkController( 1119): refreshViews subscription =0mMSimDataConnected =false
D/StatusBar.MSimNetworkController( 1119): refreshViews mMSimDataActivity =0
D/StatusBar.MSimNetworkController( 1119): refreshViews: Data not connected!! Set no data type icon / Roaming for subscription: 0
D/StatusBar.MSimNetworkController( 1119): refreshViews connected={ wifi } mMSimSignalLevel=0 mMSimcombinedSignalIconId=0x7f02019c/com.android.systemui:drawable/stat_sys_wifi_signal_4_fully mMSimcombinedActivityIconId=0x0 mAirplaneMode=false mMSimDataActivity=0 mMSimPhoneSignalIconId=0x7f020139 mMSimDataDirectionIconId=0x0 mMSimDataSignalIconId=0x7f020139 mMSimDataTypeIconId=0x0 mNoMSimIconId=0x0 mWifiIconId=0x7f02019c mBluetoothTetherIconId=0x108088c mMSimMobileActivityIconId=0x0 mMSimCallBusyingIconId=0x0 mMSimRoamingIconId=0x7f02015b mMSimIconId=7f020158 sub=0
D/StatusBar.MSimNetworkController( 1119): onSignalStrengthsChanged received on subscription :1signalStrength=SignalStrength: 13 0 -120 -160 -120 -1 -1 99 2147483647 2147483647 2147483647 2147483647 2147483647 gsm|lte level=4
D/StatusBar.MSimNetworkController( 1119): updateTelephonySignalStrength: subscription =1
D/StatusBar.MSimNetworkController( 1119): updateTelephonySignalStrength iconList = [I@41bc60e0iconLevel = 4 mInetCondition = 1
D/StatusBar.MSimNetworkController( 1119): refreshViews subscription =1mMSimDataConnected =false
D/StatusBar.MSimNetworkController( 1119): refreshViews mMSimDataActivity =0
D/StatusBar.MSimNetworkController( 1119): refreshViews: Data not connected!! Set no data type icon / Roaming for subscription: 1
D/StatusBar.MSimNetworkController( 1119): refreshViews connected={ wifi } mMSimSignalLevel=0 mMSimcombinedSignalIconId=0x7f02019c/com.android.systemui:drawable/stat_sys_wifi_signal_4_fully mMSimcombinedActivityIconId=0x0 mAirplaneMode=false mMSimDataActivity=0 mMSimPhoneSignalIconId=0x7f020139 mMSimDataDirectionIconId=0x0 mMSimDataSignalIconId=0x7f020139 mMSimDataTypeIconId=0x0 mNoMSimIconId=0x0 mWifiIconId=0x7f02019c mBluetoothTetherIconId=0x108088c mMSimMobileActivityIconId=0x0 mMSimCallBusyingIconId=0x0 mMSimRoamingIconId=0x0 mMSimIconId=7f02017a sub=1
D/StatusBar.MSimNetworkController( 1119): refreshViews subscription =1mMSimDataConnected =false
D/StatusBar.MSimNetworkController( 1119): refreshViews mMSimDataActivity =0
D/StatusBar.MSimNetworkController( 1119): refreshViews: Data not connected!! Set no data type icon / Roaming for subscription: 1
D/StatusBar.MSimNetworkController( 1119): refreshViews connected={ wifi } mMSimSignalLevel=0 mMSimcombinedSignalIconId=0x7f02019c/com.android.systemui:drawable/stat_sys_wifi_signal_4_fully mMSimcombinedActivityIconId=0x0 mAirplaneMode=false mMSimDataActivity=0 mMSimPhoneSignalIconId=0x7f020139 mMSimDataDirectionIconId=0x0 mMSimDataSignalIconId=0x7f020139 mMSimDataTypeIconId=0x0 mNoMSimIconId=0x0 mWifiIconId=0x7f02019c mBluetoothTetherIconId=0x108088c mMSimMobileActivityIconId=0x0 mMSimCallBusyingIconId=0x0 mMSimRoamingIconId=0x0 mMSimIconId=7f02017a sub=1
D/StatusBar.MSimNetworkController( 1119): refreshViews subscription =1mMSimDataConnected =false
D/StatusBar.MSimNetworkController( 1119): refreshViews mMSimDataActivity =0
D/StatusBar.MSimNetworkController( 1119): refreshViews: Data not connected!! Set no data type icon / Roaming for subscription: 1
D/StatusBar.MSimNetworkController( 1119): refreshViews connected={ wifi } mMSimSignalLevel=0 mMSimcombinedSignalIconId=0x7f02019c/com.android.systemui:drawable/stat_sys_wifi_signal_4_fully mMSimcombinedActivityIconId=0x0 mAirplaneMode=false mMSimDataActivity=0 mMSimPhoneSignalIconId=0x7f020139 mMSimDataDirectionIconId=0x0 mMSimDataSignalIconId=0x7f020139 mMSimDataTypeIconId=0x0 mNoMSimIconId=0x0 mWifiIconId=0x7f02019c mBluetoothTetherIconId=0x108088c mMSimMobileActivityIconId=0x0 mMSimCallBusyingIconId=0x0 mMSimRoamingIconId=0x0 mMSimIconId=7f02017a sub=1
D/StatusBar.MSimNetworkController( 1119): refreshViews subscription =1mMSimDataConnected =false
D/StatusBar.MSimNetworkController( 1119): refreshViews mMSimDataActivity =0
D/StatusBar.MSimNetworkController( 1119): refreshViews: Data not connected!! Set no data type icon / Roaming for subscription: 1
D/StatusBar.MSimNetworkController( 1119): refreshViews connected={ wifi } mMSimSignalLevel=0 mMSimcombinedSignalIconId=0x7f02019c/com.android.systemui:drawable/stat_sys_wifi_signal_4_fully mMSimcombinedActivityIconId=0x0 mAirplaneMode=false mMSimDataActivity=0 mMSimPhoneSignalIconId=0x7f020139 mMSimDataDirectionIconId=0x0 mMSimDataSignalIconId=0x7f020139 mMSimDataTypeIconId=0x0 mNoMSimIconId=0x0 mWifiIconId=0x7f02019c mBluetoothTetherIconId=0x108088c mMSimMobileActivityIconId=0x0 mMSimCallBusyingIconId=0x0 mMSimRoamingIconId=0x0 mMSimIconId=7f02017a sub=1
D/StatusBar.MSimNetworkController( 1119): refreshViews subscription =1mMSimDataConnected =false
D/StatusBar.MSimNetworkController( 1119): refreshViews mMSimDataActivity =0
D/StatusBar.MSimNetworkController( 1119): refreshViews: Data not connected!! Set no data type icon / Roaming for subscription: 1
D/StatusBar.MSimNetworkController( 1119): refreshViews connected={ wifi } mMSimSignalLevel=0 mMSimcombinedSignalIconId=0x7f02019c/com.android.systemui:drawable/stat_sys_wifi_signal_4_fully mMSimcombinedActivityIconId=0x0 mAirplaneMode=false mMSimDataActivity=0 mMSimPhoneSignalIconId=0x7f020139 mMSimDataDirectionIconId=0x0 mMSimDataSignalIconId=0x7f020139 mMSimDataTypeIconId=0x0 mNoMSimIconId=0x0 mWifiIconId=0x7f02019c mBluetoothTetherIconId=0x108088c mMSimMobileActivityIconId=0x0 mMSimCallBusyingIconId=0x0 mMSimRoamingIconId=0x0 mMSimIconId=7f02017a sub=1
D/StatusBar.MSimNetworkController( 1119): refreshViews subscription =1mMSimDataConnected =false
D/StatusBar.MSimNetworkController( 1119): refreshViews mMSimDataActivity =0
D/StatusBar.MSimNetworkController( 1119): refreshViews: Data not connected!! Set no data type icon / Roaming for subscription: 1
D/StatusBar.MSimNetworkController( 1119): refreshViews connected={ wifi } mMSimSignalLevel=0 mMSimcombinedSignalIconId=0x7f02019c/com.android.systemui:drawable/stat_sys_wifi_signal_4_fully mMSimcombinedActivityIconId=0x0 mAirplaneMode=false mMSimDataActivity=0 mMSimPhoneSignalIconId=0x7f020139 mMSimDataDirectionIconId=0x0 mMSimDataSignalIconId=0x7f020139 mMSimDataTypeIconId=0x0 mNoMSimIconId=0x0 mWifiIconId=0x7f02019c mBluetoothTetherIconId=0x108088c mMSimMobileActivityIconId=0x0 mMSimCallBusyingIconId=0x0 mMSimRoamingIconId=0x0 mMSimIconId=7f02017a sub=1
D/StatusBar.MSimNetworkController( 1119): onSignalStrengthsChanged received on subscription :1signalStrength=SignalStrength: 14 0 -120 -160 -120 -1 -1 99 2147483647 2147483647 2147483647 2147483647 2147483647 gsm|lte level=4
D/StatusBar.MSimNetworkController( 1119): updateTelephonySignalStrength: subscription =1
D/StatusBar.MSimNetworkController( 1119): updateTelephonySignalStrength iconList = [I@41bc60e0iconLevel = 4 mInetCondition = 1
D/StatusBar.MSimNetworkController( 1119): refreshViews subscription =1mMSimDataConnected =false
D/StatusBar.MSimNetworkController( 1119): refreshViews mMSimDataActivity =0
D/StatusBar.MSimNetworkController( 1119): refreshViews: Data not connected!! Set no data type icon / Roaming for subscription: 1
D/StatusBar.MSimNetworkController( 1119): refreshViews connected={ wifi } mMSimSignalLevel=0 mMSimcombinedSignalIconId=0x7f02019c/com.android.systemui:drawable/stat_sys_wifi_signal_4_fully mMSimcombinedActivityIconId=0x0 mAirplaneMode=false mMSimDataActivity=0 mMSimPhoneSignalIconId=0x7f020139 mMSimDataDirectionIconId=0x0 mMSimDataSignalIconId=0x7f020139 mMSimDataTypeIconId=0x0 mNoMSimIconId=0x0 mWifiIconId=0x7f02019c mBluetoothTetherIconId=0x108088c mMSimMobileActivityIconId=0x0 mMSimCallBusyingIconId=0x0 mMSimRoamingIconId=0x0 mMSimIconId=7f02017a sub=1
D/StatusBar.MSimNetworkController( 1119): refreshViews subscription =1mMSimDataConnected =false
D/StatusBar.MSimNetworkController( 1119): refreshViews mMSimDataActivity =0
D/StatusBar.MSimNetworkController( 1119): refreshViews: Data not connected!! Set no data type icon / Roaming for subscription: 1
D/StatusBar.MSimNetworkController( 1119): refreshViews connected={ wifi } mMSimSignalLevel=0 mMSimcombinedSignalIconId=0x7f02019c/com.android.systemui:drawable/stat_sys_wifi_signal_4_fully mMSimcombinedActivityIconId=0x0 mAirplaneMode=false mMSimDataActivity=0 mMSimPhoneSignalIconId=0x7f020139 mMSimDataDirectionIconId=0x0 mMSimDataSignalIconId=0x7f020139 mMSimDataTypeIconId=0x0 mNoMSimIconId=0x0 mWifiIconId=0x7f02019c mBluetoothTetherIconId=0x108088c mMSimMobileActivityIconId=0x0 mMSimCallBusyingIconId=0x0 mMSimRoamingIconId=0x0 mMSimIconId=7f02017a sub=1
D/StatusBar.MSimNetworkController( 1119): refreshViews subscription =1mMSimDataConnected =false
D/StatusBar.MSimNetworkController( 1119): refreshViews mMSimDataActivity =0
D/StatusBar.MSimNetworkController( 1119): refreshViews: Data not connected!! Set no data type icon / Roaming for subscription: 1
D/StatusBar.MSimNetworkController( 1119): refreshViews connected={ wifi } mMSimSignalLevel=0 mMSimcombinedSignalIconId=0x7f02019c/com.android.systemui:drawable/stat_sys_wifi_signal_4_fully mMSimcombinedActivityIconId=0x0 mAirplaneMode=false mMSimDataActivity=0 mMSimPhoneSignalIconId=0x7f020139 mMSimDataDirectionIconId=0x0 mMSimDataSignalIconId=0x7f020139 mMSimDataTypeIconId=0x0 mNoMSimIconId=0x0 mWifiIconId=0x7f02019c mBluetoothTetherIconId=0x108088c mMSimMobileActivityIconId=0x0 mMSimCallBusyingIconId=0x0 mMSimRoamingIconId=0x0 mMSimIconId=7f02017a sub=1
D/StatusBar.MSimNetworkController( 1119): onSignalStrengthsChanged received on subscription :0signalStrength=SignalStrength: 24 0 -120 -160 -120 -1 -1 99 2147483647 2147483647 2147483647 2147483647 2147483647 gsm|lte level=4
D/StatusBar.MSimNetworkController( 1119): updateTelephonySignalStrength: subscription =0
D/StatusBar.MSimNetworkController( 1119): updateTelephonySignalStrength iconList = [I@41bc61c0iconLevel = 4 mInetCondition = 1
D/StatusBar.MSimNetworkController( 1119): refreshViews subscription =0mMSimDataConnected =false
D/StatusBar.MSimNetworkController( 1119): refreshViews mMSimDataActivity =0
D/StatusBar.MSimNetworkController( 1119): refreshViews: Data not connected!! Set no data type icon / Roaming for subscription: 0
D/StatusBar.MSimNetworkController( 1119): refreshViews connected={ wifi } mMSimSignalLevel=0 mMSimcombinedSignalIconId=0x7f02019c/com.android.systemui:drawable/stat_sys_wifi_signal_4_fully mMSimcombinedActivityIconId=0x0 mAirplaneMode=false mMSimDataActivity=0 mMSimPhoneSignalIconId=0x7f020139 mMSimDataDirectionIconId=0x0 mMSimDataSignalIconId=0x7f020139 mMSimDataTypeIconId=0x0 mNoMSimIconId=0x0 mWifiIconId=0x7f02019c mBluetoothTetherIconId=0x108088c mMSimMobileActivityIconId=0x0 mMSimCallBusyingIconId=0x0 mMSimRoamingIconId=0x7f02015b mMSimIconId=7f020158 sub=0
I/PowerManagerService( 1016): Going to sleep due to screen timeout...
I/AlarmManager( 1016): set  [type=2 trigger on=(+4s994ms) repeatInt=0 repeatInt=PendingIntent{42946290: PendingIntentRecord{429659a8 com.android.keyguard broadcastIntent}} worksource = null]
I/AlarmManager( 1016): set  [type=2 trigger on=(+1h11m0s0ms) repeatInt=0 repeatInt=PendingIntent{41eb6950: PendingIntentRecord{422bf738 android broadcastIntent}} worksource = null]
I/ActivityManager( 1016): Start proc com.sony.smallapp.managerservice for service com.sony.smallapp.managerservice/.SmallAppManagerService: pid=15803 uid=10151 gids={50151, 3003}
I/AlarmManager( 1016): set  [type=2 trigger on=(+4h58m23s953ms) repeatInt=0 repeatInt=PendingIntent{41b1e8b0: PendingIntentRecord{425d5320 com.google.android.gms broadcastIntent}} worksource = null]
W/ContextImpl( 2171): Calling a method in the system process without a qualified user: android.app.ContextImpl.startService:1524 android.content.ContextWrapper.startService:494 com.sonymobile.phoneusage.service.ScreenReceiver.onReceiveInternal:23 com.sonymobile.phoneusage.service.DeviceUsageReceiver.onReceive:27 android.app.LoadedApk$ReceiverDispatcher$Args.run:772 
I/AlarmManager( 1016): set  [type=1 trigger on=(+30m0s0ms) repeatInt=0 repeatInt=PendingIntent{42a0a520: PendingIntentRecord{42a3f7f8 com.cleanmaster.mguard broadcastIntent}} worksource = null]
I/AlarmManager( 1016): set  [type=2 trigger on=(+29s999ms) repeatInt=0 repeatInt=PendingIntent{42b97eb0: PendingIntentRecord{419d2d98 com.google.android.gms broadcastIntent}} worksource = WorkSource{10026 com.google.android.gms}]
I/AlarmManager( 1016): set  [type=2 trigger on=(+4s997ms) repeatInt=0 repeatInt=PendingIntent{42e2b7f8: PendingIntentRecord{425d1020 com.google.android.gms broadcastIntent}} worksource = WorkSource{1000}]
D/WifiP2pService( 1016): InactiveState{ when=0 what=147461 target=com.android.internal.util.StateMachine$SmHandler }
D/WifiP2pService( 1016): P2pEnabledState{ when=0 what=147461 target=com.android.internal.util.StateMachine$SmHandler }
D/WifiP2pService( 1016): DefaultState{ when=0 what=147461 target=com.android.internal.util.StateMachine$SmHandler }
I/AlarmManager( 1016): set  [type=2 trigger on=(+19s491ms) repeatInt=0 repeatInt=PendingIntent{42a3d290: PendingIntentRecord{425d1020 com.google.android.gms broadcastIntent}} worksource = WorkSource{1000}]
I/AlarmManager( 1016): set  [type=2 trigger on=(+4s980ms) repeatInt=0 repeatInt=PendingIntent{4258cac8: PendingIntentRecord{425d1020 com.google.android.gms broadcastIntent}} worksource = WorkSource{1000}]
D/WifiP2pService( 1016): InactiveState{ when=0 what=147461 target=com.android.internal.util.StateMachine$SmHandler }
D/WifiP2pService( 1016): P2pEnabledState{ when=0 what=147461 target=com.android.internal.util.StateMachine$SmHandler }
D/WifiP2pService( 1016): DefaultState{ when=-2ms what=147461 target=com.android.internal.util.StateMachine$SmHandler }
I/AlarmManager( 1016): set  [type=2 trigger on=(+19s530ms) repeatInt=0 repeatInt=PendingIntent{421e4460: PendingIntentRecord{425d1020 com.google.android.gms broadcastIntent}} worksource = WorkSource{1000}]
I/ActivityManager( 1016): Process com.cleanmaster.mguard (pid 15696) has died.
I/AlarmManager( 1016): set  [type=2 trigger on=(+4s989ms) repeatInt=0 repeatInt=PendingIntent{42c37678: PendingIntentRecord{425d1020 com.google.android.gms broadcastIntent}} worksource = WorkSource{1000}]
--------- beginning of /dev/log/main
D/wpa_supplicant( 1118): WPS: AP[30] 60:e3:27:b3:e0:e2 type=0 tries=0 last_attempt=-1 sec ago blacklist=0
D/wpa_supplicant( 1118): WPS: AP[31] f4:f2:6d:56:b9:e3 type=0 tries=0 last_attempt=-1 sec ago blacklist=0
D/wpa_supplicant( 1118): WPS: AP[32] 3c:1e:04:2f:ec:8f type=0 tries=0 last_attempt=-1 sec ago blacklist=0
D/wpa_supplicant( 1118): WPS: AP[33] 78:d9:a0:ca:b5:63 type=0 tries=0 last_attempt=-1 sec ago blacklist=0
D/wpa_supplicant( 1118): WPS: AP[34] 82:6a:b0:b7:f4:9f type=0 tries=0 last_attempt=-1 sec ago blacklist=0
D/wpa_supplicant( 1118): WPS: AP[35] 92:21:81:74:a0:4b type=0 tries=0 last_attempt=-1 sec ago blacklist=0
D/wpa_supplicant( 1118): WPS: AP[36] dc:ee:06:75:b2:ce type=0 tries=0 last_attempt=-1 sec ago blacklist=0
D/wpa_supplicant( 1118): WPS: AP[37] 64:66:b3:61:c0:3c type=0 tries=0 last_attempt=-1 sec ago blacklist=0
D/wpa_supplicant( 1118): WPS: AP[38] 40:16:7e:b7:e1:3c type=0 tries=0 last_attempt=-1 sec ago blacklist=0
D/wpa_supplicant( 1118): WPS: AP[39] b4:75:0e:b2:a5:b0 type=0 tries=0 last_attempt=-1 sec ago blacklist=0
D/wpa_supplicant( 1118): WPS: AP[40] e8:94:f6:50:8a:fe type=0 tries=0 last_attempt=-1 sec ago blacklist=0
D/wpa_supplicant( 1118): WPS: AP[41] c0:56:27:1f:4e:8c type=0 tries=0 last_attempt=-1 sec ago blacklist=0
D/wpa_supplicant( 1118): WPS: AP[42] 84:1b:5e:3c:84:e4 type=0 tries=0 last_attempt=-1 sec ago blacklist=0
D/wpa_supplicant( 1118): WPS: AP[43] 90:8d:78:0e:6e:5f type=0 tries=0 last_attempt=-1 sec ago blacklist=0
D/wpa_supplicant( 1118): WPS: AP[44] 80:37:73:a9:e6:98 type=0 tries=0 last_attempt=-1 sec ago blacklist=0
D/wpa_supplicant( 1118): WPS: AP[45] 60:e3:27:75:21:52 type=0 tries=0 last_attempt=-1 sec ago blacklist=0
D/wpa_supplicant( 1118): WPS: AP[46] 90:8d:78:0f:36:27 type=0 tries=0 last_attempt=-1 sec ago blacklist=0
D/wpa_supplicant( 1118): WPS: AP[47] 04:a1:51:c1:05:93 type=0 tries=0 last_attempt=-1 sec ago blacklist=0
D/wpa_supplicant( 1118): WPS: AP[48] 54:b8:0a:0d:d3:a6 type=0 tries=0 last_attempt=-1 sec ago blacklist=0
D/wpa_supplicant( 1118): WPS: AP[49] c8:b3:73:1d:ca:cd type=0 tries=0 last_attempt=-1 sec ago blacklist=0
D/wpa_supplicant( 1118): WPS: AP[50] 78:54:2e:f3:71:2a type=0 tries=0 last_attempt=-1 sec ago blacklist=0
D/wpa_supplicant( 1118): WPS: AP[51] bc:f6:85:46:3b:2c type=0 tries=0 last_attempt=-1 sec ago blacklist=0
D/wpa_supplicant( 1118): WPS: AP[52] e8:cc:18:c3:a8:1c type=0 tries=0 last_attempt=-1 sec ago blacklist=0
D/wpa_supplicant( 1118): WPS: AP[53] 48:ee:0c:46:b8:14 type=0 tries=0 last_attempt=-1 sec ago blacklist=0
D/wpa_supplicant( 1118): WPS: AP[54] 48:ee:0c:cf:c2:95 type=0 tries=0 last_attempt=-1 sec ago blacklist=0
D/wpa_supplicant( 1118): WPS: AP[55] 00:22:75:09:de:00 type=0 tries=0 last_attempt=-1 sec ago blacklist=0
D/wpa_supplicant( 1118): WPS: AP[56] c8:b3:73:13:e7:c4 type=0 tries=0 last_attempt=-1 sec ago blacklist=0
D/wpa_supplicant( 1118): WPS: AP[57] 30:b5:c2:b5:ec:82 type=0 tries=0 last_attempt=-1 sec ago blacklist=0
D/wpa_supplicant( 1118): WPS: AP[58] 48:f8:b3:46:0d:2d type=0 tries=0 last_attempt=-1 sec ago blacklist=0
D/wpa_supplicant( 1118): WPS: AP[59] 54:b8:0a:56:ef:8c type=0 tries=0 last_attempt=-1 sec ago blacklist=0
D/wpa_supplicant( 1118): WPS: AP[60] b0:38:29:12:4b:87 type=0 tries=0 last_attempt=-1 sec ago blacklist=0
D/wpa_supplicant( 1118): WPS: AP[61] 08:bd:43:62:e4:56 type=0 tries=0 last_attempt=-1 sec ago blacklist=0
D/wpa_supplicant( 1118): WPS: AP[62] c8:d7:19:62:27:07 type=0 tries=0 last_attempt=-1 sec ago blacklist=0
D/wpa_supplicant( 1118): WPS: AP[63] 6c:72:20:53:cb:eb type=0 tries=0 last_attempt=-1 sec ago blacklist=0
D/wpa_supplicant( 1118): WPS: AP[64] 30:b5:c2:25:c4:c8 type=0 tries=0 last_attempt=-1 sec ago blacklist=0
D/wpa_supplicant( 1118): WPS: AP[65] 90:94:e4:34:3d:4e type=0 tries=0 last_attempt=-1 sec ago blacklist=0
D/wpa_supplicant( 1118): WPS: AP[66] a4:2b:8c:54:47:1c type=0 tries=0 last_attempt=-1 sec ago blacklist=0
D/wpa_supplicant( 1118): WPS: AP[67] c0:a0:bb:c9:4e:52 type=0 tries=0 last_attempt=-1 sec ago blacklist=0
D/wpa_supplicant( 1118): WPS: AP[68] 30:b5:c2:90:c0:32 type=0 tries=0 last_attempt=-1 sec ago blacklist=0
D/wpa_supplicant( 1118): WPS: AP[69] b4:75:0e:d3:6c:cf type=0 tries=0 last_attempt=-1 sec ago blacklist=0
D/wpa_supplicant( 1118): WPS: AP[70] 58:6d:8f:67:53:09 type=0 tries=0 last_attempt=-1 sec ago blacklist=0
D/wpa_supplicant( 1118): WPS: AP[71] a2:f8:95:70:6c:67 type=0 tries=0 last_attempt=-1 sec ago blacklist=0
D/wpa_supplicant( 1118): WPS: AP[72] 78:54:2e:93:02:48 type=0 tries=0 last_attempt=-1 sec ago blacklist=0
D/wpa_supplicant( 1118): WPS: AP[73] c4:a8:1d:1f:bd:bb type=0 tries=0 last_attempt=-1 sec ago blacklist=0
D/wpa_supplicant( 1118): WPS: AP[74] 48:ee:0c:98:38:64 type=0 tries=0 last_attempt=-1 sec ago blacklist=0
D/wpa_supplicant( 1118): WPS: AP[75] bc:96:80:3b:0b:4c type=0 tries=0 last_attempt=-1 sec ago blacklist=0
D/wpa_supplicant( 1118): WPS: AP[76] c4:04:15:72:00:68 type=0 tries=0 last_attempt=-1 sec ago blacklist=0
D/wpa_supplicant( 1118): WPS: AP[77] c8:d3:a3:18:c9:40 type=0 tries=0 last_attempt=-1 sec ago blacklist=0
D/wpa_supplicant( 1118): WPS: AP[78] 6c:19:8f:e0:68:c5 type=0 tries=0 last_attempt=-1 sec ago blacklist=0
D/wpa_supplicant( 1118): WPS: AP[79] 20:aa:4b:c5:4a:80 type=0 tries=0 last_attempt=-1 sec ago blacklist=0
D/wpa_supplicant( 1118): WPS: AP[80] e8:de:27:80:7f:aa type=0 tries=0 last_attempt=-1 sec ago blacklist=0
D/wpa_supplicant( 1118): WPS: AP[81] 82:6a:b0:42:f6:fe type=0 tries=0 last_attempt=-1 sec ago blacklist=0
D/wpa_supplicant( 1118): WPS: AP[82] c0:a0:bb:84:22:31 type=0 tries=0 last_attempt=-1 sec ago blacklist=0
D/wpa_supplicant( 1118): WPS: AP[83] c4:a8:1d:ee:c1:70 type=0 tries=0 last_attempt=-1 sec ago blacklist=0
D/wpa_supplicant( 1118): WPS: AP[84] c8:b3:73:39:bf:96 type=0 tries=0 last_attempt=-1 sec ago blacklist=0
D/wpa_supplicant( 1118): WPS: AP[85] b4:75:0e:bc:04:12 type=0 tries=0 last_attempt=-1 sec ago blacklist=0
D/wpa_supplicant( 1118): WPS: AP[86] 60:e3:27:3a:c2:2a type=0 tries=0 last_attempt=-1 sec ago blacklist=0
D/wpa_supplicant( 1118): WPS: AP[87] 02:08:22:24:b8:50 type=0 tries=0 last_attempt=-1 sec ago blacklist=0
D/wpa_supplicant( 1118): WPS: AP[88] 3e:91:57:38:b7:99 type=0 tries=0 last_attempt=-1 sec ago blacklist=0
D/wpa_supplicant( 1118): WPS: AP[89] e8:de:27:50:cd:fc type=0 tries=0 last_attempt=-1 sec ago blacklist=0
D/wpa_supplicant( 1118): WPS: AP[90] e8:de:27:50:56:1e type=0 tries=0 last_attempt=-1 sec ago blacklist=0
D/wpa_supplicant( 1118): WPS: AP[91] 00:17:7c:57:50:9a type=0 tries=0 last_attempt=-1 sec ago blacklist=0
D/wpa_supplicant( 1118): WPS: AP[92] 00:17:7c:3a:65:00 type=0 tries=0 last_attempt=-1 sec ago blacklist=0
D/wpa_supplicant( 1118): p2p0: No suitable network found
D/wpa_supplicant( 1118): p2p0: Short-circuit new scan request since there are no enabled networks
D/wpa_supplicant( 1118): p2p0: State: INACTIVE -> INACTIVE
D/wpa_supplicant( 1118): wlan0: P2P: Station mode scan operation not pending anymore (sta_scan_pending=0 p2p_cb_on_scan_complete=0)
D/BT_DUN  ( 3575): Ignoring event PLATFORM_EVENT_ERROR in EMB_DATA_CALL_IDLE 
D/BT_DUN  ( 3575): Moved to state(EMB_DATA_CALL_IDLE) 
D/WifiMonitor( 1016): Event [IFNAME=wlan0 CTRL-EVENT-BSS-REMOVED 1280 00:17:7c:57:50:9a]
D/WifiMonitor( 1016): Event [IFNAME=wlan0 CTRL-EVENT-BSS-REMOVED 1278 0c:d2:b5:19:fd:90]
D/WifiMonitor( 1016): Event [IFNAME=wlan0 CTRL-EVENT-BSS-REMOVED 1276 0c:d2:b5:0f:ca:65]
D/WifiMonitor( 1016): Event [IFNAME=p2p0 CTRL-EVENT-BSS-REMOVED 477 00:17:7c:57:50:9a]
D/WifiMonitor( 1016): Event [IFNAME=p2p0 CTRL-EVENT-BSS-REMOVED 475 0c:d2:b5:19:fd:90]
D/WifiMonitor( 1016): Event [IFNAME=p2p0 CTRL-EVENT-BSS-REMOVED 473 0c:d2:b5:0f:ca:65]
D/WifiMonitor( 1016): Event [IFNAME=p2p0 WPS-AP-AVAILABLE ]
W/WifiMonitor( 1016): couldn't identify event type - WPS-AP-AVAILABLE 
D/WifiStateMachine( 1016): handleMessage: E msg.what=147461
D/WifiStateMachine( 1016): processMsg: ConnectedState
D/WifiStateMachine( 1016): processMsg: L2ConnectedState
D/WifiStateMachine( 1016): processMsg: ConnectModeState
D/WifiStateMachine( 1016): processMsg: DriverStartedState
D/WifiStateMachine( 1016): processMsg: SupplicantStartedState
D/wpa_supplicant( 1118): RX ctrl_iface - hexdump(len=25): 42 53 53 20 52 41 4e 47 45 3d 30 2d 20 4d 41 53 4b 3d 30 78 32 31 39 38 37
D/wpa_supplicant( 1118): wlan0: Control interface command 'BSS RANGE=0- MASK=0x21987'
D/wpa_supplicant( 1118): WPS: attr type=0x104a len=1
D/wpa_supplicant( 1118): WPS: attr type=0x1044 len=1
D/wpa_supplicant( 1118): WPS: attr type=0x103b len=1
D/wpa_supplicant( 1118): WPS: attr type=0x1047 len=16
D/wpa_supplicant( 1118): WPS: attr type=0x1021 len=7
D/wpa_supplicant( 1118): WPS: attr type=0x1023 len=9
D/wpa_supplicant( 1118): WPS: attr type=0x1024 len=3
D/wpa_supplicant( 1118): WPS: attr type=0x1042 len=3
D/wpa_supplicant( 1118): WPS: attr type=0x1054 len=8
D/wpa_supplicant( 1118): WPS: attr type=0x1011 len=25
D/wpa_supplicant( 1118): WPS: attr type=0x1008 len=2
D/wpa_supplicant( 1118): WPS: attr type=0x103c len=1
D/wpa_supplicant( 1118): WPS: attr type=0x1049 len=20
D/wpa_supplicant( 1118): WPS: Unknown Vendor Extension (Vendor ID 9442)
D/wpa_supplicant( 1118): WPS: attr type=0x104a len=1
D/wpa_supplicant( 1118): WPS: attr type=0x1044 len=1
D/wpa_supplicant( 1118): WPS: attr type=0x103b len=1
D/wpa_supplicant( 1118): WPS: attr type=0x1047 len=16
D/wpa_supplicant( 1118): WPS: attr type=0x1021 len=7
D/wpa_supplicant( 1118): WPS: attr type=0x1023 len=9
D/wpa_supplicant( 1118): WPS: attr type=0x1024 len=3
D/wpa_supplicant( 1118): WPS: attr type=0x1042 len=3
D/wpa_supplicant( 1118): WPS: attr type=0x1054 len=8
D/wpa_supplicant( 1118): WPS: attr type=0x1011 len=25
D/wpa_supplicant( 1118): WPS: attr type=0x1008 len=2
D/wpa_supplicant( 1118): WPS: attr type=0x103c len=1
D/wpa_supplicant( 1118): WPS: attr type=0x1049 len=20
D/wpa_supplicant( 1118): WPS: Unknown Vendor Extension (Vendor ID 9442)
D/wpa_supplicant( 1118): WPS: attr type=0x104a len=1
D/wpa_supplicant( 1118): WPS: attr type=0x1044 len=1
D/wpa_supplicant( 1118): WPS: attr type=0x103b len=1
D/wpa_supplicant( 1118): WPS: attr type=0x1047 len=16
D/wpa_supplicant( 1118): WPS: attr type=0x1021 len=7
D/wpa_supplicant( 1118): WPS: attr type=0x1023 len=9
D/wpa_supplicant( 1118): WPS: attr type=0x1024 len=3
D/wpa_supplicant( 1118): WPS: attr type=0x1042 len=3
D/wpa_supplicant( 1118): WPS: attr type=0x1054 len=8
D/wpa_supplicant( 1118): WPS: attr type=0x1011 len=25
D/wpa_supplicant( 1118): WPS: attr type=0x1008 len=2
D/wpa_supplicant( 1118): WPS: attr type=0x103c len=1
D/wpa_supplicant( 1118): WPS: attr type=0x1049 len=20
D/wpa_supplicant( 1118): WPS: Unknown Vendor Extension (Vendor ID 9442)
D/wpa_supplicant( 1118): RTM_NEWLINK: operstate=1 ifi_flags=0x11043 ([UP][RUNNING][LOWER_UP])
D/wpa_supplicant( 1118): RTM_NEWLINK, IFLA_IFNAME: Interface 'wlan0' added
D/wpa_supplicant( 1118): nl80211: if_removed already cleared - ignore event
D/wifi_gbk2utf( 1016): parseScanResults, line=id=1230
D/wifi_gbk2utf( 1016):  
D/wifi_gbk2utf( 1016): parseScanResults, line=bssid=e8:de:27:50:cd:fc
D/wifi_gbk2utf( 1016):  
D/wifi_gbk2utf( 1016): parseScanResults, line=freq=2437
D/wifi_gbk2utf( 1016):  
D/wifi_gbk2utf( 1016): parseScanResults, line=level=-64
D/wifi_gbk2utf( 1016):  
D/wifi_gbk2utf( 1016): parseScanResults, line=tsf=0000029167329291
D/wifi_gbk2utf( 1016):  
D/wifi_gbk2utf( 1016): parseScanResults, line=flags=[WPA-PSK-CCMP+TKIP][WPA2-PSK-CCMP+TKIP][WPS][ESS]
D/wifi_gbk2utf( 1016):  
D/wifi_gbk2utf( 1016): parseScanResults, line=ssid=WakeUpG-Center
D/wifi_gbk2utf( 1016):  
D/wifi_gbk2utf( 1016): parseScanResults, ssid = WakeUpG-Center, buf = WakeUpG-Center,isUTF8= 0, isCh = 0
D/wifi_gbk2utf( 1016): parseScanResults, line=====
D/wifi_gbk2utf( 1016):  
D/wifi_gbk2utf( 1016): After sscanf,ssid:WakeUpG-Center, isCh:0
D/wifi_gbk2utf( 1016): parseScanResults, line=id=1233
D/wifi_gbk2utf( 1016):  
D/wifi_gbk2utf( 1016): parseScanResults, line=bssid=0c:d2:b5:0f:f0:f0
D/wifi_gbk2utf( 1016):  
D/wifi_gbk2utf( 1016): parseScanResults, line=freq=2422
D/wifi_gbk2utf( 1016):  
D/wifi_gbk2utf( 1016): parseScanResults, line=level=-56
D/wifi_gbk2utf( 1016):  
D/wifi_gbk2utf( 1016): parseScanResults, line=tsf=0000029167329260
D/wifi_gbk2utf( 1016):  
D/wifi_gbk2utf( 1016): parseScanResults, line=flags=[WPA-PSK-CCMP+TKIP][WPA2-PSK-CCMP+TKIP][ESS]
D/wifi_gbk2utf( 1016):  
D/wifi_gbk2utf( 1016): parseScanResults, line=ssid=WakeUpG-Left
D/wifi_gbk2utf( 1016):  
D/wifi_gbk2utf( 1016): parseScanResults, ssid = WakeUpG-Left, buf = WakeUpG-Left,isUTF8= 0, isCh = 0
D/wifi_gbk2utf( 1016): parseScanResults, line=====
D/wifi_gbk2utf( 1016):  
D/wifi_gbk2utf( 1016): After sscanf,ssid:WakeUpG-Left, isCh:0
D/wifi_gbk2utf( 1016): parseScanResults, line=id=1234
D/wifi_gbk2utf( 1016):  
D/wifi_gbk2utf( 1016): parseScanResults, line=bssid=0c:d2:b5:0f:ca:64
D/wifi_gbk2utf( 1016):  
D/wifi_gbk2utf( 1016): parseScanResults, line=freq=2412
D/wifi_gbk2utf( 1016):  
D/wifi_gbk2utf( 1016): parseScanResults, line=level=-76
D/wifi_gbk2utf( 1016):  
D/wifi_gbk2utf( 1016): parseScanResults, line=tsf=0000029167329300
D/wifi_gbk2utf( 1016):  
D/wifi_gbk2utf( 1016): parseScanResults, line=flags=[WPA-PSK-CCMP+TKIP][WPA2-PSK-CCMP+TKIP][ESS]
D/wifi_gbk2utf( 1016):  
D/wifi_gbk2utf( 1016): parseScanResults, line=ssid=WakeUpG-Right
D/wifi_gbk2utf( 1016):  
D/wifi_gbk2utf( 1016): parseScanResults, ssid = WakeUpG-Right, buf = WakeUpG-Right,isUTF8= 0, isCh = 0
D/wifi_gbk2utf( 1016): parseScanResults, line=====
D/wifi_gbk2utf( 1016):  
D/wifi_gbk2utf( 1016): After sscanf,ssid:WakeUpG-Right, isCh:0
D/wifi_gbk2utf( 1016): parseScanResults, line=id=1238
D/wifi_gbk2utf( 1016):  
D/wifi_gbk2utf( 1016): parseScanResults, line=bssid=0c:d2:b5:0f:8f:9c
D/wifi_gbk2utf( 1016):  
D/wifi_gbk2utf( 1016): parseScanResults, line=freq=2422
D/wifi_gbk2utf( 1016):  
D/wifi_gbk2utf( 1016): parseScanResults, line=level=-88
D/wifi_gbk2utf( 1016):  
D/wifi_gbk2utf( 1016): parseScanResults, line=tsf=0000029167329307
D/wifi_gbk2utf( 1016):  
D/wifi_gbk2utf( 1016): parseScanResults, line=flags=[WPA-PSK-CCMP+TKIP][WPA2-PSK-CCMP+TKIP][ESS]
D/wifi_gbk2utf( 1016):  
D/wifi_gbk2utf( 1016): parseScanResults, line=ssid=WakeUp1-Left
D/wifi_gbk2utf( 1016):  
D/wifi_gbk2utf( 1016): parseScanResults, ssid = WakeUp1-Left, buf = WakeUp1-Left,isUTF8= 0, isCh = 0
D/wifi_gbk2utf( 1016): parseScanResults, line=====
D/wifi_gbk2utf( 1016):  
D/wifi_gbk2utf( 1016): After sscanf,ssid:WakeUp1-Left, isCh:0
D/wifi_gbk2utf( 1016): parseScanResults, line=id=1273
D/wifi_gbk2utf( 1016):  
D/wifi_gbk2utf( 1016): parseScanResults, line=bssid=0c:d2:b5:0f:f0:f1
D/wifi_gbk2utf( 1016):  
D/wifi_gbk2utf( 1016): parseScanResults, line=freq=2422
D/wifi_gbk2utf( 1016):  
D/wifi_gbk2utf( 1016): parseScanResults, line=level=-57
D/wifi_gbk2utf( 1016):  
