E/ActivityThread(13021): Failed to find provider info for com.google.android.partnersetup.rlzappprovider
I/ActivityManager( 1016): Resuming delayed broadcast
I/ActivityManager( 1016): Start proc com.sonyericsson.android.addoncamera.artfilter for broadcast com.sonyericsson.android.addoncamera.artfilter/.addon.CameraAddonReceiver: pid=13094 uid=10014 gids={50014, 1028, 1015, 1023, 3003}
I/ActivityManager( 1016): Process com.cleanmaster.mguard (pid 12922) has died.
I/ActivityManager( 1016): Process com.cleanmaster.mguard:worker (pid 12874) has died.
I/AlarmManager( 1016): set  [type=2 trigger on=(+29s980ms) repeatInt=0 repeatInt=PendingIntent{42c03800: PendingIntentRecord{425d5320 com.google.android.gms broadcastIntent}} worksource = null]
I/AlarmManager( 1016): set  [type=2 trigger on=(+4s989ms) repeatInt=0 repeatInt=PendingIntent{42d33d80: PendingIntentRecord{425d1020 com.google.android.gms broadcastIntent}} worksource = WorkSource{1000}]
I/AlarmManager( 1016): set  [type=2 trigger on=(+4s994ms) repeatInt=0 repeatInt=PendingIntent{42bd3b48: PendingIntentRecord{425d1020 com.google.android.gms broadcastIntent}} worksource = WorkSource{1000 com.qualcomm.location}]
D/WifiP2pService( 1016): InactiveState{ when=-4ms what=147461 target=com.android.internal.util.StateMachine$SmHandler }
D/WifiP2pService( 1016): P2pEnabledState{ when=-5ms what=147461 target=com.android.internal.util.StateMachine$SmHandler }
D/WifiP2pService( 1016): DefaultState{ when=-5ms what=147461 target=com.android.internal.util.StateMachine$SmHandler }
I/AlarmManager( 1016): set  [type=2 trigger on=(+19s454ms) repeatInt=0 repeatInt=PendingIntent{425b1f18: PendingIntentRecord{425d1020 com.google.android.gms broadcastIntent}} worksource = WorkSource{1000 com.qualcomm.location}]
V/UsbDeviceManager( 1016): USB UEVENT: {USB_STATE=DISCONNECTED, SUBSYSTEM=android_usb, DEVPATH=/devices/virtual/android_usb/android0, SEQNUM=16006, ACTION=change}
D/UsbDeviceManager( 1016): setEnabledFunctions mtp,adb makeDefault: false
D/UsbDeviceManager( 1016): broadcasting Intent { act=android.hardware.usb.action.USB_STATE flg=0x20000000 (has extras) } connected: false configured: false
W/ContextImpl( 4055): Calling a method in the system process without a qualified user: android.app.ContextImpl.startService:1524 android.content.ContextWrapper.startService:494 android.content.ContextWrapper.startService:494 com.sonyericsson.usbux.service.UsbServiceReceiver.onReceive:58 android.app.ActivityThread.handleReceiver:2460 
D/BatteryService( 1016): batteryPropertiesChanged: chargerAcOnline=false, chargerUsbOnline=false, chargerWirelessOnline=false, batteryStatus=3, batteryHealth=2, batteryPresent=true, batteryLevel=48, batteryTechnology=Li-ion, batteryVoltage=3816, batteryCurrentNow=130747, batteryChargeCounter=-2147483648, batteryTemperature=373
I/PowerManagerService( 1016): Waking up from sleep...
D/BatteryService( 1016): batteryPropertiesChanged: chargerAcOnline=false, chargerUsbOnline=false, chargerWirelessOnline=false, batteryStatus=3, batteryHealth=2, batteryPresent=true, batteryLevel=48, batteryTechnology=Li-ion, batteryVoltage=3812, batteryCurrentNow=212847, batteryChargeCounter=-2147483648, batteryTemperature=373
I/ActivityManager( 1016): Start proc com.cleanmaster.mguard:worker for broadcast com.cleanmaster.mguard/com.cleanmaster.screensave.ScreenADReceiver: pid=13172 uid=10221 gids={50221, 1028, 1015, 3003}
I/WindowManager( 1016): Lock screen displayed!
D/DisplayPowerController( 1016): Unblocked screen on after 29028562 ms
D/StatusBar.MSimNetworkController( 1119): refreshViews subscription =1mMSimDataConnected =false
D/StatusBar.MSimNetworkController( 1119): refreshViews mMSimDataActivity =0
D/StatusBar.MSimNetworkController( 1119): refreshViews: Data not connected!! Set no data type icon / Roaming for subscription: 1
D/StatusBar.MSimNetworkController( 1119): refreshViews connected={ wifi } mMSimSignalLevel=0 mMSimcombinedSignalIconId=0x7f02019c/com.android.systemui:drawable/stat_sys_wifi_signal_4_fully mMSimcombinedActivityIconId=0x0 mAirplaneMode=false mMSimDataActivity=0 mMSimPhoneSignalIconId=0x7f020139 mMSimDataDirectionIconId=0x0 mMSimDataSignalIconId=0x7f020139 mMSimDataTypeIconId=0x0 mNoMSimIconId=0x0 mWifiIconId=0x7f02019c mBluetoothTetherIconId=0x108088c mMSimMobileActivityIconId=0x0 mMSimCallBusyingIconId=0x0 mMSimRoamingIconId=0x0 mMSimIconId=7f02017a sub=1
I/ActivityManager( 1016): Start proc com.sony.smallapp.managerservice for service com.sony.smallapp.managerservice/.SmallAppManagerService: pid=13187 uid=10151 gids={50151, 3003}
D/StatusBar.MSimNetworkController( 1119): onSignalStrengthsChanged received on subscription :1signalStrength=SignalStrength: 16 0 -120 -160 -120 -1 -1 99 2147483647 2147483647 2147483647 2147483647 2147483647 gsm|lte level=4
D/StatusBar.MSimNetworkController( 1119): updateTelephonySignalStrength: subscription =1
D/StatusBar.MSimNetworkController( 1119): updateTelephonySignalStrength iconList = [I@41bc60e0iconLevel = 4 mInetCondition = 1
D/StatusBar.MSimNetworkController( 1119): refreshViews subscription =1mMSimDataConnected =false
D/StatusBar.MSimNetworkController( 1119): refreshViews mMSimDataActivity =0
D/StatusBar.MSimNetworkController( 1119): refreshViews: Data not connected!! Set no data type icon / Roaming for subscription: 1
D/StatusBar.MSimNetworkController( 1119): refreshViews connected={ wifi } mMSimSignalLevel=0 mMSimcombinedSignalIconId=0x7f02019c/com.android.systemui:drawable/stat_sys_wifi_signal_4_fully mMSimcombinedActivityIconId=0x0 mAirplaneMode=false mMSimDataActivity=0 mMSimPhoneSignalIconId=0x7f020139 mMSimDataDirectionIconId=0x0 mMSimDataSignalIconId=0x7f020139 mMSimDataTypeIconId=0x0 mNoMSimIconId=0x0 mWifiIconId=0x7f02019c mBluetoothTetherIconId=0x108088c mMSimMobileActivityIconId=0x0 mMSimCallBusyingIconId=0x0 mMSimRoamingIconId=0x0 mMSimIconId=7f02017a sub=1
D/StatusBar.MSimNetworkController( 1119): onSignalStrengthsChanged received on subscription :0signalStrength=SignalStrength: 27 0 -120 -160 -120 -1 -1 99 2147483647 2147483647 2147483647 2147483647 2147483647 gsm|lte level=4
D/StatusBar.MSimNetworkController( 1119): updateTelephonySignalStrength: subscription =0
D/StatusBar.MSimNetworkController( 1119): updateTelephonySignalStrength iconList = [I@41bc61c0iconLevel = 4 mInetCondition = 1
D/StatusBar.MSimNetworkController( 1119): refreshViews subscription =0mMSimDataConnected =false
D/StatusBar.MSimNetworkController( 1119): refreshViews mMSimDataActivity =0
D/StatusBar.MSimNetworkController( 1119): refreshViews: Data not connected!! Set no data type icon / Roaming for subscription: 0
D/StatusBar.MSimNetworkController( 1119): refreshViews connected={ wifi } mMSimSignalLevel=0 mMSimcombinedSignalIconId=0x7f02019c/com.android.systemui:drawable/stat_sys_wifi_signal_4_fully mMSimcombinedActivityIconId=0x0 mAirplaneMode=false mMSimDataActivity=0 mMSimPhoneSignalIconId=0x7f020139 mMSimDataDirectionIconId=0x0 mMSimDataSignalIconId=0x7f020139 mMSimDataTypeIconId=0x0 mNoMSimIconId=0x0 mWifiIconId=0x7f02019c mBluetoothTetherIconId=0x108088c mMSimMobileActivityIconId=0x0 mMSimCallBusyingIconId=0x0 mMSimRoamingIconId=0x7f02015b mMSimIconId=7f020158 sub=0
I/AlarmManager( 1016): set  [type=3 trigger on=(+5m0s0ms) repeatInt=0 repeatInt=PendingIntent{424f9b38: PendingIntentRecord{429d4488 com.sonyericsson.android.locationbasedwifi startService}} worksource = null]
W/ContextImpl( 2171): Calling a method in the system process without a qualified user: android.app.ContextImpl.startService:1524 android.content.ContextWrapper.startService:494 com.sonymobile.phoneusage.service.ScreenReceiver.onReceiveInternal:23 com.sonymobile.phoneusage.service.DeviceUsageReceiver.onReceive:27 android.app.LoadedApk$ReceiverDispatcher$Args.run:772 
I/AlarmManager( 1016): set  [type=3 trigger on=(+300ms) repeatInt=300 repeatInt=PendingIntent{42324128: PendingIntentRecord{41a891e8 com.domobile.applock startService}} worksource = null]
D/StatusBar.MSimNetworkController( 1119): refreshViews subscription =1mMSimDataConnected =false
D/StatusBar.MSimNetworkController( 1119): refreshViews mMSimDataActivity =0
D/StatusBar.MSimNetworkController( 1119): refreshViews: Data not connected!! Set no data type icon / Roaming for subscription: 1
D/StatusBar.MSimNetworkController( 1119): refreshViews connected={ wifi } mMSimSignalLevel=0 mMSimcombinedSignalIconId=0x7f02019c/com.android.systemui:drawable/stat_sys_wifi_signal_4_fully mMSimcombinedActivityIconId=0x0 mAirplaneMode=false mMSimDataActivity=0 mMSimPhoneSignalIconId=0x7f020139 mMSimDataDirectionIconId=0x0 mMSimDataSignalIconId=0x7f020139 mMSimDataTypeIconId=0x0 mNoMSimIconId=0x0 mWifiIconId=0x7f02019c mBluetoothTetherIconId=0x108088c mMSimMobileActivityIconId=0x0 mMSimCallBusyingIconId=0x0 mMSimRoamingIconId=0x0 mMSimIconId=7f02017a sub=1
W/ActivityManager( 1016): Unable to start service Intent { act=com.cleanmaster.api.RT_ACCESS cmp=com.cmcm.skey/com.cmcm.rtstub.RTApiService } U=0: not found
W/ActivityManager( 1016): Unable to start service Intent { act=com.cleanmaster.api.RT_ACCESS cmp=com.cmcm.rtstub/.RTApiService } U=0: not found
I/AlarmManager( 1016): set  [type=1 trigger on=(+7h0m0s0ms) repeatInt=0 repeatInt=PendingIntent{42500aa8: PendingIntentRecord{424d0478 com.cleanmaster.mguard broadcastIntent}} worksource = null]
I/ActivityManager( 1016): Start proc com.sonyericsson.capabilities for broadcast com.sonyericsson.capabilities/.DefCapUpdaterReceiver: pid=13255 uid=10020 gids={50020, 1023, 1028, 1015}
I/ActivityManager( 1016): Killing 8898:com.domobile.applock/u0a220 (adj 5): kill background
W/ActivityManager( 1016): Scheduling restart of crashed service com.domobile.applock/.service.LockService in 1000ms
F/ProcessStats( 1016): Starting service ServiceState{422f2e08 com.domobile.applock.service.LockService pkg=com.domobile.applock proc=422f2e08} without owner
W/DropBoxManagerService( 1016): Dropping: system_server_wtf (1423 > 0 bytes)
I/ActivityManager( 1016): Start proc jp.naver.line.android for broadcast jp.naver.line.android/.service.push.SystemBroadcastReceiver: pid=13270 uid=10184 gids={50184, 3003, 1028, 1015, 3002}
I/ActivityManager( 1016): Start proc com.domobile.applock for service com.domobile.applock/.service.LockService: pid=13283 uid=10220 gids={50220, 3003, 1028, 1015, 3002, 3001}
W/FileUtils(13283): Failed to chmod(/storage/emulated/0/.dom0o7b1i1le/dont_remove/6c9d3f90697a41b): libcore.io.ErrnoException: chmod failed: EPERM (Operation not permitted)
I/AlarmManager( 1016): set  [type=3 trigger on=(+299ms) repeatInt=300 repeatInt=PendingIntent{4229de08: PendingIntentRecord{41a891e8 com.domobile.applock startService}} worksource = null]
D/StatusBar.MSimNetworkController( 1119): refreshViews subscription =1mMSimDataConnected =false
D/StatusBar.MSimNetworkController( 1119): refreshViews mMSimDataActivity =0
D/StatusBar.MSimNetworkController( 1119): refreshViews: Data not connected!! Set no data type icon / Roaming for subscription: 1
D/StatusBar.MSimNetworkController( 1119): refreshViews connected={ wifi } mMSimSignalLevel=0 mMSimcombinedSignalIconId=0x7f02019c/com.android.systemui:drawable/stat_sys_wifi_signal_4_fully mMSimcombinedActivityIconId=0x0 mAirplaneMode=false mMSimDataActivity=0 mMSimPhoneSignalIconId=0x7f020139 mMSimDataDirectionIconId=0x0 mMSimDataSignalIconId=0x7f020139 mMSimDataTypeIconId=0x0 mNoMSimIconId=0x0 mWifiIconId=0x7f02019c mBluetoothTetherIconId=0x108088c mMSimMobileActivityIconId=0x0 mMSimCallBusyingIconId=0x0 mMSimRoamingIconId=0x0 mMSimIconId=7f02017a sub=1
V/UsbDeviceManager( 1016): USB UEVENT: {USB_STATE=CONNECTED, SUBSYSTEM=android_usb, DEVPATH=/devices/virtual/android_usb/android0, SEQNUM=16020, ACTION=change}
D/UsbDeviceManager( 1016): broadcasting Intent { act=android.hardware.usb.action.USB_STATE flg=0x20000000 (has extras) } connected: true configured: false
V/UsbDeviceManager( 1016): USB UEVENT: {USB_STATE=DISCONNECTED, SUBSYSTEM=android_usb, DEVPATH=/devices/virtual/android_usb/android0, SEQNUM=16021, ACTION=change}
D/UsbDeviceManager( 1016): setEnabledFunctions mtp,adb makeDefault: false
D/UsbDeviceManager( 1016): broadcasting Intent { act=android.hardware.usb.action.USB_STATE flg=0x20000000 (has extras) } connected: false configured: false
V/UsbDeviceManager( 1016): USB UEVENT: {USB_STATE=CONNECTED, SUBSYSTEM=android_usb, DEVPATH=/devices/virtual/android_usb/android0, SEQNUM=16023, ACTION=change}
D/UsbDeviceManager( 1016): broadcasting Intent { act=android.hardware.usb.action.USB_STATE flg=0x20000000 (has extras) } connected: true configured: false
I/ActivityManager( 1016): Process com.google.android.googlequicksearchbox:search (pid 13021) has died.
V/UsbDeviceManager( 1016): USB UEVENT: {USB_STATE=CONFIGURED, SUBSYSTEM=android_usb, DEVPATH=/devices/virtual/android_usb/android0, SEQNUM=16025, ACTION=change}
D/UsbDeviceManager( 1016): broadcasting Intent { act=android.hardware.usb.action.USB_STATE flg=0x20000000 (has extras) } connected: true configured: true
D/BatteryService( 1016): batteryPropertiesChanged: chargerAcOnline=false, chargerUsbOnline=true, chargerWirelessOnline=false, batteryStatus=2, batteryHealth=2, batteryPresent=true, batteryLevel=48, batteryTechnology=Li-ion, batteryVoltage=3755, batteryCurrentNow=712678, batteryChargeCounter=-2147483648, batteryTemperature=376
I/ActivityManager( 1016): Process com.sonyericsson.android.addoncamera.artfilter (pid 13094) has died.
D/BatteryService( 1016): batteryPropertiesChanged: chargerAcOnline=false, chargerUsbOnline=true, chargerWirelessOnline=false, batteryStatus=2, batteryHealth=2, batteryPresent=true, batteryLevel=48, batteryTechnology=Li-ion, batteryVoltage=3797, batteryCurrentNow=297765, batteryChargeCounter=-2147483648, batteryTemperature=374
I/ActivityManager( 1016): Process com.sonyericsson.android.camera3d (pid 12829) has died.
I/EntropyMixer( 1016): Writing entropy...
D/BatteryService( 1016): batteryPropertiesChanged: chargerAcOnline=false, chargerUsbOnline=true, chargerWirelessOnline=false, batteryStatus=2, batteryHealth=2, batteryPresent=true, batteryLevel=48, batteryTechnology=Li-ion, batteryVoltage=3780, batteryCurrentNow=355971, batteryChargeCounter=-2147483648, batteryTemperature=375
D/BatteryService( 1016): batteryPropertiesChanged: chargerAcOnline=false, chargerUsbOnline=true, chargerWirelessOnline=false, batteryStatus=2, batteryHealth=2, batteryPresent=true, batteryLevel=48, batteryTechnology=Li-ion, batteryVoltage=3796, batteryCurrentNow=375822, batteryChargeCounter=-2147483648, batteryTemperature=374
D/BatteryService( 1016): batteryPropertiesChanged: chargerAcOnline=false, chargerUsbOnline=true, chargerWirelessOnline=false, batteryStatus=2, batteryHealth=2, batteryPresent=true, batteryLevel=48, batteryTechnology=Li-ion, batteryVoltage=3787, batteryCurrentNow=435988, batteryChargeCounter=-2147483648, batteryTemperature=374
V/UsbDeviceManager( 1016): USB UEVENT: {USB_STATE=DISCONNECTED, SUBSYSTEM=android_usb, DEVPATH=/devices/virtual/android_usb/android0, SEQNUM=16029, ACTION=change}
D/UsbDeviceManager( 1016): setEnabledFunctions mtp,adb makeDefault: false
D/UsbDeviceManager( 1016): broadcasting Intent { act=android.hardware.usb.action.USB_STATE flg=0x20000000 (has extras) } connected: false configured: false
D/BatteryService( 1016): batteryPropertiesChanged: chargerAcOnline=false, chargerUsbOnline=false, chargerWirelessOnline=false, batteryStatus=3, batteryHealth=2, batteryPresent=true, batteryLevel=48, batteryTechnology=Li-ion, batteryVoltage=3768, batteryCurrentNow=612074, batteryChargeCounter=-2147483648, batteryTemperature=375
I/AlarmManager( 1016): set  [type=0 trigger on=(+9s999ms) repeatInt=0 repeatInt=PendingIntent{4269f988: PendingIntentRecord{4273c3b8 com.google.android.gms startService}} worksource = null]
I/AlarmManager( 1016): set  [type=2 trigger on=(+2h56m12s675ms) repeatInt=0 repeatInt=PendingIntent{423aa560: PendingIntentRecord{42547f98 com.google.android.gms broadcastIntent}} worksource = WorkSource{10026 com.google.android.gms}]
I/ActivityManager( 1016): Start proc com.google.android.googlequicksearchbox:search for broadcast com.google.android.googlequicksearchbox/com.google.android.apps.gsa.sidekick.main.kato.PowerEventReceiver: pid=13337 uid=10064 gids={50064, 3003, 3001, 1028, 3002, 1015}
I/ActivityManager( 1016): Process com.sonyericsson.android.camera (pid 12845) has died.
D/StatusBar.MSimNetworkController( 1119): onSignalStrengthsChanged received on subscription :1signalStrength=SignalStrength: 8 0 -120 -160 -120 -1 -1 99 2147483647 2147483647 2147483647 2147483647 2147483647 gsm|lte level=3
D/StatusBar.MSimNetworkController( 1119): updateTelephonySignalStrength: subscription =1
D/StatusBar.MSimNetworkController( 1119): updateTelephonySignalStrength iconList = [I@41bc60e0iconLevel = 3 mInetCondition = 1
D/StatusBar.MSimNetworkController( 1119): refreshViews subscription =1mMSimDataConnected =false
D/StatusBar.MSimNetworkController( 1119): refreshViews mMSimDataActivity =0
D/StatusBar.MSimNetworkController( 1119): refreshViews: Data not connected!! Set no data type icon / Roaming for subscription: 1
D/StatusBar.MSimNetworkController( 1119): refreshViews connected={ wifi } mMSimSignalLevel=0 mMSimcombinedSignalIconId=0x7f02019c/com.android.systemui:drawable/stat_sys_wifi_signal_4_fully mMSimcombinedActivityIconId=0x0 mAirplaneMode=false mMSimDataActivity=0 mMSimPhoneSignalIconId=0x7f020137 mMSimDataDirectionIconId=0x0 mMSimDataSignalIconId=0x7f020137 mMSimDataTypeIconId=0x0 mNoMSimIconId=0x0 mWifiIconId=0x7f02019c mBluetoothTetherIconId=0x108088c mMSimMobileActivityIconId=0x0 mMSimCallBusyingIconId=0x0 mMSimRoamingIconId=0x0 mMSimIconId=7f02017a sub=1
I/ActivityManager( 1016): Process com.sonymobile.android.addoncamera.supervideo (pid 12861) has died.
D/StatusBar.MSimNetworkController( 1119): refreshViews subscription =1mMSimDataConnected =false
D/StatusBar.MSimNetworkController( 1119): refreshViews mMSimDataActivity =0
D/StatusBar.MSimNetworkController( 1119): refreshViews: Data not connected!! Set no data type icon / Roaming for subscription: 1
D/StatusBar.MSimNetworkController( 1119): refreshViews connected={ wifi } mMSimSignalLevel=0 mMSimcombinedSignalIconId=0x7f02019c/com.android.systemui:drawable/stat_sys_wifi_signal_4_fully mMSimcombinedActivityIconId=0x0 mAirplaneMode=false mMSimDataActivity=0 mMSimPhoneSignalIconId=0x7f020137 mMSimDataDirectionIconId=0x0 mMSimDataSignalIconId=0x7f020137 mMSimDataTypeIconId=0x0 mNoMSimIconId=0x0 mWifiIconId=0x7f02019c mBluetoothTetherIconId=0x108088c mMSimMobileActivityIconId=0x0 mMSimCallBusyingIconId=0x0 mMSimRoamingIconId=0x0 mMSimIconId=7f02017a sub=1
I/ActivityManager( 1016): Start proc com.android.chrome for broadcast com.android.chrome/org.chromium.base.PowerStatusReceiver: pid=13355 uid=10089 gids={50089, 3003, 1028, 1015}
I/ActivityManager( 1016): Process com.android.vending (pid 13046) has died.
I/ActivityManager( 1016): Start proc com.cleanmaster.mguard for broadcast com.cleanmaster.mguard/com.cleanmaster.screensave.ScreenSaveUtils$MyBoostReceiver: pid=13378 uid=10221 gids={50221, 1028, 1015, 3003}
I/ActivityManager( 1016): Process com.sonyericsson.capabilities (pid 13255) has died.
I/AlarmManager( 1016): set  [type=2 trigger on=(+2h56m10s497ms) repeatInt=0 repeatInt=PendingIntent{42a73770: PendingIntentRecord{42547f98 com.google.android.gms broadcastIntent}} worksource = WorkSource{10026 com.google.android.gms}]
I/AlarmManager( 1016): set  [type=2 trigger on=(+1h58m37s555ms) repeatInt=0 repeatInt=PendingIntent{42a40560: PendingIntentRecord{42547f98 com.google.android.gms broadcastIntent}} worksource = WorkSource{10026 com.google.android.gms}]
W/ActivityManager( 1016): Unable to start service Intent { act=com.cleanmaster.api.RT_ACCESS cmp=com.cmcm.skey/com.cmcm.rtstub.RTApiService } U=0: not found
W/ActivityManager( 1016): Unable to start service Intent { act=com.cleanmaster.api.RT_ACCESS cmp=com.cmcm.rtstub/.RTApiService } U=0: not found
W/ContextImpl( 4055): Calling a method in the system process without a qualified user: android.app.ContextImpl.startService:1524 android.content.ContextWrapper.startService:494 android.content.ContextWrapper.startService:494 com.sonyericsson.usbux.service.UsbServiceReceiver.onReceive:58 android.app.ActivityThread.handleReceiver:2460 
I/ActivityManager( 1016): Start proc com.sonymobile.mx.android for broadcast com.sonymobile.mx.android/.receivers.StopMessageReceiver: pid=13435 uid=10033 gids={50033, 3003, 1028, 1015, 3002, 3001, 1007}
W/ContextImpl( 4055): Calling a method in the system process without a qualified user: android.app.ContextImpl.startService:1524 android.content.ContextWrapper.startService:494 android.content.ContextWrapper.startService:494 com.sonyericsson.usbux.service.UsbServiceReceiver.onReceive:58 android.app.ActivityThread.handleReceiver:2460 
I/AlarmManager( 1016): set  [type=3 trigger on=(+5m0s0ms) repeatInt=0 repeatInt=PendingIntent{42384b20: PendingIntentRecord{429d4488 com.sonyericsson.android.locationbasedwifi startService}} worksource = null]
W/ContextImpl( 2171): Calling a method in the system process without a qualified user: android.app.ContextImpl.startService:1524 android.content.ContextWrapper.startService:494 android.content.ContextWrapper.startService:494 com.sonymobile.phoneusage.service.UserPresentReceiver.onReceiveInternal:21 com.sonymobile.phoneusage.service.DeviceUsageReceiver.onReceive:27 
D/StatusBar.MSimNetworkController( 1119): refreshViews subscription =1mMSimDataConnected =false
D/StatusBar.MSimNetworkController( 1119): refreshViews mMSimDataActivity =0
D/StatusBar.MSimNetworkController( 1119): refreshViews: Data not connected!! Set no data type icon / Roaming for subscription: 1
D/StatusBar.MSimNetworkController( 1119): refreshViews connected={ wifi } mMSimSignalLevel=0 mMSimcombinedSignalIconId=0x7f02019c/com.android.systemui:drawable/stat_sys_wifi_signal_4_fully mMSimcombinedActivityIconId=0x0 mAirplaneMode=false mMSimDataActivity=0 mMSimPhoneSignalIconId=0x7f020137 mMSimDataDirectionIconId=0x0 mMSimDataSignalIconId=0x7f020137 mMSimDataTypeIconId=0x0 mNoMSimIconId=0x0 mWifiIconId=0x7f02019c mBluetoothTetherIconId=0x108088c mMSimMobileActivityIconId=0x0 mMSimCallBusyingIconId=0x0 mMSimRoamingIconId=0x0 mMSimIconId=7f02017a sub=1
W/BroadcastQueue( 1016): Permission Denial: broadcasting Intent { act=android.intent.action.USER_PRESENT flg=0x24000010 } from com.android.keyguard (pid=1119, uid=10031) is not exported from uid 10199 due to receiver com.manash.purplle/.helper.CustomPushReceiver
I/ActivityManager( 1016): Start proc com.myntra.android for broadcast com.myntra.android/com.parse.ParseBroadcastReceiver: pid=13455 uid=10254 gids={50254, 3003, 1028, 1015}
I/ActivityManager( 1016): Process com.sony.smallapp.managerservice (pid 13187) has died.
D/StatusBar.MSimNetworkController( 1119): onSignalStrengthsChanged received on subscription :1signalStrength=SignalStrength: 6 0 -120 -160 -120 -1 -1 99 2147483647 2147483647 2147483647 2147483647 2147483647 gsm|lte level=2
D/StatusBar.MSimNetworkController( 1119): updateTelephonySignalStrength: subscription =1
D/StatusBar.MSimNetworkController( 1119): updateTelephonySignalStrength iconList = [I@41bc60e0iconLevel = 2 mInetCondition = 1
D/StatusBar.MSimNetworkController( 1119): refreshViews subscription =1mMSimDataConnected =false
D/StatusBar.MSimNetworkController( 1119): refreshViews mMSimDataActivity =0
D/StatusBar.MSimNetworkController( 1119): refreshViews: Data not connected!! Set no data type icon / Roaming for subscription: 1
D/StatusBar.MSimNetworkController( 1119): refreshViews connected={ wifi } mMSimSignalLevel=0 mMSimcombinedSignalIconId=0x7f02019c/com.android.systemui:drawable/stat_sys_wifi_signal_4_fully mMSimcombinedActivityIconId=0x0 mAirplaneMode=false mMSimDataActivity=0 mMSimPhoneSignalIconId=0x7f020135 mMSimDataDirectionIconId=0x0 mMSimDataSignalIconId=0x7f020135 mMSimDataTypeIconId=0x0 mNoMSimIconId=0x0 mWifiIconId=0x7f02019c mBluetoothTetherIconId=0x108088c mMSimMobileActivityIconId=0x0 mMSimCallBusyingIconId=0x0 mMSimRoamingIconId=0x0 mMSimIconId=7f02017a sub=1
I/ActivityManager( 1016): Start proc in.amazon.mShop.android.shopping for broadcast in.amazon.mShop.android.shopping/com.amazon.clouddrive.library.device.receivers.AutoUploadReceiverProxy: pid=13530 uid=10246 gids={50246, 1028, 1015, 3003}
I/ActivityManager( 1016): Process com.google.android.googlequicksearchbox:search (pid 13337) has died.
I/ActivityManager( 1016): START u0 {cmp=com.example.dell.weather/.MapsActivity} from pid 12185
D/StatusBar.MSimNetworkController( 1119): onSignalStrengthsChanged received on subscription :1signalStrength=SignalStrength: 4 0 -120 -160 -120 -1 -1 99 2147483647 2147483647 2147483647 2147483647 2147483647 gsm|lte level=1
D/StatusBar.MSimNetworkController( 1119): updateTelephonySignalStrength: subscription =1
D/StatusBar.MSimNetworkController( 1119): updateTelephonySignalStrength iconList = [I@41bc60e0iconLevel = 1 mInetCondition = 1
D/StatusBar.MSimNetworkController( 1119): refreshViews subscription =1mMSimDataConnected =false
D/StatusBar.MSimNetworkController( 1119): refreshViews mMSimDataActivity =0
D/StatusBar.MSimNetworkController( 1119): refreshViews: Data not connected!! Set no data type icon / Roaming for subscription: 1
D/StatusBar.MSimNetworkController( 1119): refreshViews connected={ wifi } mMSimSignalLevel=0 mMSimcombinedSignalIconId=0x7f02019c/com.android.systemui:drawable/stat_sys_wifi_signal_4_fully mMSimcombinedActivityIconId=0x0 mAirplaneMode=false mMSimDataActivity=0 mMSimPhoneSignalIconId=0x7f020133 mMSimDataDirectionIconId=0x0 mMSimDataSignalIconId=0x7f020133 mMSimDataTypeIconId=0x0 mNoMSimIconId=0x0 mWifiIconId=0x7f02019c mBluetoothTetherIconId=0x108088c mMSimMobileActivityIconId=0x0 mMSimCallBusyingIconId=0x0 mMSimRoamingIconId=0x0 mMSimIconId=7f02017a sub=1
I/AlarmManager( 1016): set  [type=2 trigger on=(+1h59m59s999ms) repeatInt=0 repeatInt=PendingIntent{42279fd0: PendingIntentRecord{42288800 com.google.android.gms broadcastIntent}} worksource = null]
V/UsbDeviceManager( 1016): USB UEVENT: {USB_STATE=CONNECTED, SUBSYSTEM=android_usb, DEVPATH=/devices/virtual/android_usb/android0, SEQNUM=16047, ACTION=change}
V/UsbDeviceManager( 1016): USB UEVENT: {USB_STATE=DISCONNECTED, SUBSYSTEM=android_usb, DEVPATH=/devices/virtual/android_usb/android0, SEQNUM=16048, ACTION=change}
D/UsbDeviceManager( 1016): broadcasting Intent { act=android.hardware.usb.action.USB_STATE flg=0x20000000 (has extras) } connected: true configured: false
D/UsbDeviceManager( 1016): setEnabledFunctions mtp,adb makeDefault: false
D/UsbDeviceManager( 1016): broadcasting Intent { act=android.hardware.usb.action.USB_STATE flg=0x20000000 (has extras) } connected: false configured: false
V/UsbDeviceManager( 1016): USB UEVENT: {USB_STATE=CONNECTED, SUBSYSTEM=android_usb, DEVPATH=/devices/virtual/android_usb/android0, SEQNUM=16051, ACTION=change}
D/UsbDeviceManager( 1016): broadcasting Intent { act=android.hardware.usb.action.USB_STATE flg=0x20000000 (has extras) } connected: true configured: false
V/UsbDeviceManager( 1016): USB UEVENT: {USB_STATE=CONFIGURED, SUBSYSTEM=android_usb, DEVPATH=/devices/virtual/android_usb/android0, SEQNUM=16054, ACTION=change}
D/UsbDeviceManager( 1016): broadcasting Intent { act=android.hardware.usb.action.USB_STATE flg=0x20000000 (has extras) } connected: true configured: true
I/ActivityManager( 1016): Process com.cleanmaster.mguard (pid 13378) has died.
D/BatteryService( 1016): batteryPropertiesChanged: chargerAcOnline=false, chargerUsbOnline=true, chargerWirelessOnline=false, batteryStatus=2, batteryHealth=2, batteryPresent=true, batteryLevel=48, batteryTechnology=Li-ion, batteryVoltage=3752, batteryCurrentNow=718192, batteryChargeCounter=-2147483648, batteryTemperature=375
D/BatteryService( 1016): batteryPropertiesChanged: chargerAcOnline=false, chargerUsbOnline=true, chargerWirelessOnline=false, batteryStatus=2, batteryHealth=2, batteryPresent=true, batteryLevel=48, batteryTechnology=Li-ion, batteryVoltage=3798, batteryCurrentNow=133320, batteryChargeCounter=-2147483648, batteryTemperature=373
D/BatteryService( 1016): batteryPropertiesChanged: chargerAcOnline=false, chargerUsbOnline=true, chargerWirelessOnline=false, batteryStatus=2, batteryHealth=2, batteryPresent=true, batteryLevel=48, batteryTechnology=Li-ion, batteryVoltage=3813, batteryCurrentNow=78545, batteryChargeCounter=-2147483648, batteryTemperature=373
I/EntropyMixer( 1016): Writing entropy...
D/BatteryService( 1016): batteryPropertiesChanged: chargerAcOnline=false, chargerUsbOnline=true, chargerWirelessOnline=false, batteryStatus=2, batteryHealth=2, batteryPresent=true, batteryLevel=48, batteryTechnology=Li-ion, batteryVoltage=3809, batteryCurrentNow=84182, batteryChargeCounter=-2147483648, batteryTemperature=374
D/BatteryService( 1016): batteryPropertiesChanged: chargerAcOnline=false, chargerUsbOnline=true, chargerWirelessOnline=false, batteryStatus=2, batteryHealth=2, batteryPresent=true, batteryLevel=48, batteryTechnology=Li-ion, batteryVoltage=3817, batteryCurrentNow=115552, batteryChargeCounter=-2147483648, batteryTemperature=374
I/AlarmManager( 1016): set  [type=3 trigger on=(+10s998ms) repeatInt=0 repeatInt=PendingIntent{42ec51e0: PendingIntentRecord{42f3f8b0 com.google.android.gms broadcastIntent}} worksource = WorkSource{10253 com.example.dell.weather}]
I/AlarmManager( 1016): set  [type=2 trigger on=(+4s986ms) repeatInt=0 repeatInt=PendingIntent{42cb6338: PendingIntentRecord{425d1020 com.google.android.gms broadcastIntent}} worksource = WorkSource{10253}]
I/AlarmManager( 1016): set  [type=2 trigger on=(+4s999ms) repeatInt=0 repeatInt=PendingIntent{42cafcd8: PendingIntentRecord{425d1020 com.google.android.gms broadcastIntent}} worksource = WorkSource{10253 com.example.dell.weather}]
I/ActivityManager( 1016): Process com.sonymobile.mx.android (pid 13435) has died.
I/ActivityManager( 1016): Start proc com.sonyericsson.capabilities for broadcast com.sonyericsson.capabilities/.DefCapUpdaterReceiver: pid=13692 uid=10020 gids={50020, 1023, 1028, 1015}
D/BatteryService( 1016): batteryPropertiesChanged: chargerAcOnline=false, chargerUsbOnline=true, chargerWirelessOnline=false, batteryStatus=2, batteryHealth=2, batteryPresent=true, batteryLevel=48, batteryTechnology=Li-ion, batteryVoltage=3798, batteryCurrentNow=248506, batteryChargeCounter=-2147483648, batteryTemperature=375
I/ActivityManager( 1016): Start proc com.google.android.googlequicksearchbox:search for broadcast com.google.android.googlequicksearchbox/com.google.android.apps.gsa.sidekick.main.kato.PowerEventReceiver: pid=13705 uid=10064 gids={50064, 3003, 3001, 1028, 3002, 1015}
D/WifiP2pService( 1016): InactiveState{ when=-1ms what=147461 target=com.android.internal.util.StateMachine$SmHandler }
D/WifiP2pService( 1016): P2pEnabledState{ when=-1ms what=147461 target=com.android.internal.util.StateMachine$SmHandler }
D/WifiP2pService( 1016): DefaultState{ when=-1ms what=147461 target=com.android.internal.util.StateMachine$SmHandler }
I/ActivityManager( 1016): Process com.myntra.android (pid 13455) has died.
I/AlarmManager( 1016): set  [type=2 trigger on=(+4s464ms) repeatInt=0 repeatInt=PendingIntent{428b9620: PendingIntentRecord{425d1020 com.google.android.gms broadcastIntent}} worksource = WorkSource{10253 com.example.dell.weather}]
I/AlarmManager( 1016): set  [type=3 trigger on=(+10s915ms) repeatInt=0 repeatInt=PendingIntent{428b90a8: PendingIntentRecord{42719420 com.google.android.gms broadcastIntent}} worksource = WorkSource{10253 com.example.dell.weather}]
I/ActivityManager( 1016): Process com.android.chrome (pid 13355) has died.
I/ActivityManager( 1016): Start proc com.android.chrome for broadcast com.android.chrome/org.chromium.base.PowerStatusReceiver: pid=13731 uid=10089 gids={50089, 3003, 1028, 1015}
I/ActivityManager( 1016): Process in.amazon.mShop.android.shopping (pid 13530) has died.
I/ActivityManager( 1016): Process com.cleanmaster.mguard:worker (pid 13172) has died.
I/ActivityManager( 1016): Start proc com.cleanmaster.mguard:worker for broadcast com.cleanmaster.mguard/com.ijinshan.screensavershared.mutual.CharingSaverStateReceiver: pid=13747 uid=10221 gids={50221, 1028, 1015, 3003}
I/ActivityManager( 1016): Process com.sonyericsson.usbux (pid 4055) has died.
I/ActivityManager( 1016): Process com.sonyericsson.capabilities (pid 13692) has died.
W/ActivityManager( 1016): Unable to start service Intent { act=com.cleanmaster.api.RT_ACCESS cmp=com.cmcm.skey/com.cmcm.rtstub.RTApiService } U=0: not found
W/ActivityManager( 1016): Unable to start service Intent { act=com.cleanmaster.api.RT_ACCESS cmp=com.cmcm.rtstub/.RTApiService } U=0: not found
I/AlarmManager( 1016): set  [type=1 trigger on=(+7h0m0s0ms) repeatInt=0 repeatInt=PendingIntent{4254eae0: PendingIntentRecord{424d0478 com.cleanmaster.mguard broadcastIntent}} worksource = null]
I/ActivityManager( 1016): Start proc com.sonyericsson.usbux for broadcast com.sonyericsson.usbux/.service.UsbServiceReceiver: pid=13793 uid=1000 gids={41000, 3003, 1028, 1015, 1023, 3002, 3001, 3006, 2992, 1021, 3004, 3005, 1000, 3009, 1010}
I/ActivityManager( 1016): Start proc com.android.providers.calendar for content provider com.android.providers.calendar/.CalendarProvider2: pid=13808 uid=10016 gids={50016, 3003, 1028, 1015}
W/ContextImpl(13793): Calling a method in the system process without a qualified user: android.app.ContextImpl.startService:1524 android.content.ContextWrapper.startService:494 android.content.ContextWrapper.startService:494 com.sonyericsson.usbux.service.UsbServiceReceiver.onReceive:58 android.app.ActivityThread.handleReceiver:2460 
I/ActivityManager( 1016): Start proc in.amazon.mShop.android.shopping for broadcast in.amazon.mShop.android.shopping/com.amazon.clouddrive.library.device.receivers.AutoUploadReceiverProxy: pid=13824 uid=10246 gids={50246, 1028, 1015, 3003}
I/ActivityManager( 1016): Process com.google.android.googlequicksearchbox:search (pid 13705) has died.
I/AlarmManager( 1016): set  [type=2 trigger on=(+1s707ms) repeatInt=0 repeatInt=PendingIntent{42c237c0: PendingIntentRecord{425d1020 com.google.android.gms broadcastIntent}} worksource = WorkSource{1000 com.qualcomm.location}]
I/ActivityManager( 1016): START u0 {cmp=com.example.dell.weather/.weatherActivity} from pid 12185
I/ActivityManager( 1016): Process com.cleanmaster.mguard:worker (pid 13747) has died.
I/ActivityManager( 1016): Start proc com.cleanmaster.mguard:worker for broadcast com.cleanmaster.mguard/com.ijinshan.screensavershared.mutual.CharingSaverStateReceiver: pid=13965 uid=10221 gids={50221, 1028, 1015, 3003}
D/StatusBar.MSimNetworkController( 1119): refreshViews subscription =1mMSimDataConnected =false
D/StatusBar.MSimNetworkController( 1119): refreshViews mMSimDataActivity =0
D/StatusBar.MSimNetworkController( 1119): refreshViews: Data not connected!! Set no data type icon / Roaming for subscription: 1
D/StatusBar.MSimNetworkController( 1119): refreshViews connected={ wifi } mMSimSignalLevel=0 mMSimcombinedSignalIconId=0x7f02019c/com.android.systemui:drawable/stat_sys_wifi_signal_4_fully mMSimcombinedActivityIconId=0x0 mAirplaneMode=false mMSimDataActivity=0 mMSimPhoneSignalIconId=0x7f020133 mMSimDataDirectionIconId=0x0 mMSimDataSignalIconId=0x7f020133 mMSimDataTypeIconId=0x0 mNoMSimIconId=0x0 mWifiIconId=0x7f02019c mBluetoothTetherIconId=0x108088c mMSimMobileActivityIconId=0x0 mMSimCallBusyingIconId=0x0 mMSimRoamingIconId=0x0 mMSimIconId=7f02017a sub=1
W/ActivityManager( 1016): Unable to start service Intent { act=com.cleanmaster.api.RT_ACCESS cmp=com.cmcm.skey/com.cmcm.rtstub.RTApiService } U=0: not found
W/ActivityManager( 1016): Unable to start service Intent { act=com.cleanmaster.api.RT_ACCESS cmp=com.cmcm.rtstub/.RTApiService } U=0: not found
I/ActivityManager( 1016): Process jp.naver.line.android (pid 13270) has died.
I/AlarmManager( 1016): set  [type=1 trigger on=(+7h0m0s0ms) repeatInt=0 repeatInt=PendingIntent{41d23b78: PendingIntentRecord{424d0478 com.cleanmaster.mguard broadcastIntent}} worksource = null]
I/ActivityManager( 1016): Start proc com.cleanmaster.mguard for broadcast com.cleanmaster.mguard/com.cleanmaster.screensave.ScreenSaveUtils$MyBoostReceiver: pid=14025 uid=10221 gids={50221, 1028, 1015, 3003}
D/StatusBar.MSimNetworkController( 1119): refreshViews subscription =1mMSimDataConnected =false
D/StatusBar.MSimNetworkController( 1119): refreshViews mMSimDataActivity =0
D/StatusBar.MSimNetworkController( 1119): refreshViews: Data not connected!! Set no data type icon / Roaming for subscription: 1
D/StatusBar.MSimNetworkController( 1119): refreshViews connected={ wifi } mMSimSignalLevel=0 mMSimcombinedSignalIconId=0x7f02019c/com.android.systemui:drawable/stat_sys_wifi_signal_4_fully mMSimcombinedActivityIconId=0x0 mAirplaneMode=false mMSimDataActivity=0 mMSimPhoneSignalIconId=0x7f020133 mMSimDataDirectionIconId=0x0 mMSimDataSignalIconId=0x7f020133 mMSimDataTypeIconId=0x0 mNoMSimIconId=0x0 mWifiIconId=0x7f02019c mBluetoothTetherIconId=0x108088c mMSimMobileActivityIconId=0x0 mMSimCallBusyingIconId=0x0 mMSimRoamingIconId=0x0 mMSimIconId=7f02017a sub=1
I/ActivityManager( 1016): Process com.android.chrome (pid 13731) has died.
W/ActivityManager( 1016): Unable to start service Intent { act=com.cleanmaster.api.RT_ACCESS cmp=com.cmcm.skey/com.cmcm.rtstub.RTApiService } U=0: not found
W/ActivityManager( 1016): Unable to start service Intent { act=com.cleanmaster.api.RT_ACCESS cmp=com.cmcm.rtstub/.RTApiService } U=0: not found
I/ActivityManager( 1016): Start proc com.android.calendar for broadcast com.android.calendar/.alerts.AlertReceiver: pid=14093 uid=10140 gids={50140, 3003, 1028, 1015}
D/StatusBar.MSimNetworkController( 1119): onSignalStrengthsChanged received on subscription :0signalStrength=SignalStrength: 20 0 -120 -160 -120 -1 -1 99 2147483647 2147483647 2147483647 2147483647 2147483647 gsm|lte level=4
D/StatusBar.MSimNetworkController( 1119): updateTelephonySignalStrength: subscription =0
D/StatusBar.MSimNetworkController( 1119): updateTelephonySignalStrength iconList = [I@41bc61c0iconLevel = 4 mInetCondition = 1
D/StatusBar.MSimNetworkController( 1119): refreshViews subscription =0mMSimDataConnected =false
D/StatusBar.MSimNetworkController( 1119): refreshViews mMSimDataActivity =0
D/StatusBar.MSimNetworkController( 1119): refreshViews: Data not connected!! Set no data type icon / Roaming for subscription: 0
D/StatusBar.MSimNetworkController( 1119): refreshViews connected={ wifi } mMSimSignalLevel=0 mMSimcombinedSignalIconId=0x7f02019c/com.android.systemui:drawable/stat_sys_wifi_signal_4_fully mMSimcombinedActivityIconId=0x0 mAirplaneMode=false mMSimDataActivity=0 mMSimPhoneSignalIconId=0x7f020139 mMSimDataDirectionIconId=0x0 mMSimDataSignalIconId=0x7f020139 mMSimDataTypeIconId=0x0 mNoMSimIconId=0x0 mWifiIconId=0x7f02019c mBluetoothTetherIconId=0x108088c mMSimMobileActivityIconId=0x0 mMSimCallBusyingIconId=0x0 mMSimRoamingIconId=0x7f02015b mMSimIconId=7f020158 sub=0
I/ActivityManager( 1016): Process in.amazon.mShop.android.shopping (pid 13824) has died.
I/AlarmManager( 1016): set  [type=2 trigger on=(+4s998ms) repeatInt=0 repeatInt=PendingIntent{422d51d8: PendingIntentRecord{425d1020 com.google.android.gms broadcastIntent}} worksource = WorkSource{1000}]
I/AlarmManager( 1016): set  [type=1 trigger on=(+7h15m19s126ms) repeatInt=0 repeatInt=PendingIntent{41acdea8: PendingIntentRecord{42315aa0 com.android.calendar broadcastIntent}} worksource = null]
D/WifiP2pService( 1016): InactiveState{ when=0 what=147461 target=com.android.internal.util.StateMachine$SmHandler }
D/WifiP2pService( 1016): P2pEnabledState{ when=0 what=147461 target=com.android.internal.util.StateMachine$SmHandler }
D/WifiP2pService( 1016): DefaultState{ when=0 what=147461 target=com.android.internal.util.StateMachine$SmHandler }
I/AlarmManager( 1016): set  [type=1 trigger on=(+7h15m18s556ms) repeatInt=0 repeatInt=PendingIntent{424e1218: PendingIntentRecord{42315aa0 com.android.calendar broadcastIntent}} worksource = null]
I/AlarmManager( 1016): set  [type=2 trigger on=(+19s335ms) repeatInt=0 repeatInt=PendingIntent{423730f8: PendingIntentRecord{425d1020 com.google.android.gms broadcastIntent}} worksource = WorkSource{1000}]
D/StatusBar.MSimNetworkController( 1119): refreshViews subscription =1mMSimDataConnected =false
D/StatusBar.MSimNetworkController( 1119): refreshViews mMSimDataActivity =0
D/StatusBar.MSimNetworkController( 1119): refreshViews: Data not connected!! Set no data type icon / Roaming for subscription: 1
D/StatusBar.MSimNetworkController( 1119): refreshViews connected={ wifi } mMSimSignalLevel=0 mMSimcombinedSignalIconId=0x7f02019c/com.android.systemui:drawable/stat_sys_wifi_signal_4_fully mMSimcombinedActivityIconId=0x0 mAirplaneMode=false mMSimDataActivity=0 mMSimPhoneSignalIconId=0x7f020133 mMSimDataDirectionIconId=0x0 mMSimDataSignalIconId=0x7f020133 mMSimDataTypeIconId=0x0 mNoMSimIconId=0x0 mWifiIconId=0x7f02019c mBluetoothTetherIconId=0x108088c mMSimMobileActivityIconId=0x0 mMSimCallBusyingIconId=0x0 mMSimRoamingIconId=0x0 mMSimIconId=7f02017a sub=1
V/UsbDeviceManager( 1016): USB UEVENT: {USB_STATE=DISCONNECTED, SUBSYSTEM=android_usb, DEVPATH=/devices/virtual/android_usb/android0, SEQNUM=16083, ACTION=change}
D/UsbDeviceManager( 1016): setEnabledFunctions mtp,adb makeDefault: false
D/UsbDeviceManager( 1016): broadcasting Intent { act=android.hardware.usb.action.USB_STATE flg=0x20000000 (has extras) } connected: false configured: false
W/ContextImpl(13793): Calling a method in the system process without a qualified user: android.app.ContextImpl.startService:1524 android.content.ContextWrapper.startService:494 android.content.ContextWrapper.startService:494 com.sonyericsson.usbux.service.UsbServiceReceiver.onReceive:58 android.app.ActivityThread.handleReceiver:2460 
D/BatteryService( 1016): batteryPropertiesChanged: chargerAcOnline=false, chargerUsbOnline=false, chargerWirelessOnline=false, batteryStatus=3, batteryHealth=2, batteryPresent=true, batteryLevel=48, batteryTechnology=Li-ion, batteryVoltage=3777, batteryCurrentNow=392242, batteryChargeCounter=-2147483648, batteryTemperature=376
D/BatteryService( 1016): batteryPropertiesChanged: chargerAcOnline=false, chargerUsbOnline=false, chargerWirelessOnline=false, batteryStatus=3, batteryHealth=2, batteryPresent=true, batteryLevel=48, batteryTechnology=Li-ion, batteryVoltage=3777, batteryCurrentNow=469563, batteryChargeCounter=-2147483648, batteryTemperature=376
I/ActivityManager( 1016): Start proc com.sonyericsson.capabilities for broadcast com.sonyericsson.capabilities/.DefCapUpdaterReceiver: pid=14214 uid=10020 gids={50020, 1023, 1028, 1015}
I/ActivityManager( 1016): Start proc jp.naver.line.android for broadcast jp.naver.line.android/.service.push.SystemBroadcastReceiver: pid=14227 uid=10184 gids={50184, 3003, 1028, 1015, 3002}
D/StatusBar.MSimNetworkController( 1119): refreshViews subscription =1mMSimDataConnected =false
D/StatusBar.MSimNetworkController( 1119): refreshViews mMSimDataActivity =0
D/StatusBar.MSimNetworkController( 1119): refreshViews: Data not connected!! Set no data type icon / Roaming for subscription: 1
D/StatusBar.MSimNetworkController( 1119): refreshViews connected={ wifi } mMSimSignalLevel=0 mMSimcombinedSignalIconId=0x7f02019c/com.android.systemui:drawable/stat_sys_wifi_signal_4_fully mMSimcombinedActivityIconId=0x0 mAirplaneMode=false mMSimDataActivity=0 mMSimPhoneSignalIconId=0x7f020133 mMSimDataDirectionIconId=0x0 mMSimDataSignalIconId=0x7f020133 mMSimDataTypeIconId=0x0 mNoMSimIconId=0x0 mWifiIconId=0x7f02019c mBluetoothTetherIconId=0x108088c mMSimMobileActivityIconId=0x0 mMSimCallBusyingIconId=0x0 mMSimRoamingIconId=0x0 mMSimIconId=7f02017a sub=1
I/ActivityManager( 1016): Process com.cleanmaster.mguard (pid 14025) has died.
D/StatusBar.MSimNetworkController( 1119): onSignalStrengthsChanged received on subscription :1signalStrength=SignalStrength: 6 0 -120 -160 -120 -1 -1 99 2147483647 2147483647 2147483647 2147483647 2147483647 gsm|lte level=2
D/StatusBar.MSimNetworkController( 1119): updateTelephonySignalStrength: subscription =1
D/StatusBar.MSimNetworkController( 1119): updateTelephonySignalStrength iconList = [I@41bc60e0iconLevel = 2 mInetCondition = 1
D/StatusBar.MSimNetworkController( 1119): refreshViews subscription =1mMSimDataConnected =false
D/StatusBar.MSimNetworkController( 1119): refreshViews mMSimDataActivity =0
D/StatusBar.MSimNetworkController( 1119): refreshViews: Data not connected!! Set no data type icon / Roaming for subscription: 1
D/StatusBar.MSimNetworkController( 1119): refreshViews connected={ wifi } mMSimSignalLevel=0 mMSimcombinedSignalIconId=0x7f02019c/com.android.systemui:drawable/stat_sys_wifi_signal_4_fully mMSimcombinedActivityIconId=0x0 mAirplaneMode=false mMSimDataActivity=0 mMSimPhoneSignalIconId=0x7f020135 mMSimDataDirectionIconId=0x0 mMSimDataSignalIconId=0x7f020135 mMSimDataTypeIconId=0x0 mNoMSimIconId=0x0 mWifiIconId=0x7f02019c mBluetoothTetherIconId=0x108088c mMSimMobileActivityIconId=0x0 mMSimCallBusyingIconId=0x0 mMSimRoamingIconId=0x0 mMSimIconId=7f02017a sub=1
I/ActivityManager( 1016): Start proc com.google.android.googlequicksearchbox:search for broadcast com.google.android.googlequicksearchbox/com.google.android.apps.gsa.sidekick.main.kato.PowerEventReceiver: pid=14266 uid=10064 gids={50064, 3003, 3001, 1028, 3002, 1015}
V/UsbDeviceManager( 1016): USB UEVENT: {USB_STATE=CONNECTED, SUBSYSTEM=android_usb, DEVPATH=/devices/virtual/android_usb/android0, SEQNUM=16096, ACTION=change}
D/UsbDeviceManager( 1016): broadcasting Intent { act=android.hardware.usb.action.USB_STATE flg=0x20000000 (has extras) } connected: true configured: false
V/UsbDeviceManager( 1016): USB UEVENT: {USB_STATE=DISCONNECTED, SUBSYSTEM=android_usb, DEVPATH=/devices/virtual/android_usb/android0, SEQNUM=16097, ACTION=change}
D/UsbDeviceManager( 1016): setEnabledFunctions mtp,adb makeDefault: false
D/UsbDeviceManager( 1016): broadcasting Intent { act=android.hardware.usb.action.USB_STATE flg=0x20000000 (has extras) } connected: false configured: false
V/UsbDeviceManager( 1016): USB UEVENT: {USB_STATE=CONNECTED, SUBSYSTEM=android_usb, DEVPATH=/devices/virtual/android_usb/android0, SEQNUM=16098, ACTION=change}
I/ActivityManager( 1016): Start proc com.android.chrome for broadcast com.android.chrome/org.chromium.base.PowerStatusReceiver: pid=14287 uid=10089 gids={50089, 3003, 1028, 1015}
D/UsbDeviceManager( 1016): broadcasting Intent { act=android.hardware.usb.action.USB_STATE flg=0x20000000 (has extras) } connected: true configured: false
V/UsbDeviceManager( 1016): USB UEVENT: {USB_STATE=CONFIGURED, SUBSYSTEM=android_usb, DEVPATH=/devices/virtual/android_usb/android0, SEQNUM=16100, ACTION=change}
D/UsbDeviceManager( 1016): broadcasting Intent { act=android.hardware.usb.action.USB_STATE flg=0x20000000 (has extras) } connected: true configured: true
W/ContextImpl(13793): Calling a method in the system process without a qualified user: android.app.ContextImpl.startService:1524 android.content.ContextWrapper.startService:494 android.content.ContextWrapper.startService:494 com.sonyericsson.usbux.service.UsbServiceReceiver.onReceive:58 android.app.ActivityThread.handleReceiver:2460 
D/BatteryService( 1016): batteryPropertiesChanged: chargerAcOnline=false, chargerUsbOnline=true, chargerWirelessOnline=false, batteryStatus=2, batteryHealth=2, batteryPresent=true, batteryLevel=48, batteryTechnology=Li-ion, batteryVoltage=3791, batteryCurrentNow=640871, batteryChargeCounter=-2147483648, batteryTemperature=375
I/EntropyMixer( 1016): Writing entropy...
D/BatteryService( 1016): batteryPropertiesChanged: chargerAcOnline=false, chargerUsbOnline=true, chargerWirelessOnline=false, batteryStatus=2, batteryHealth=2, batteryPresent=true, batteryLevel=48, batteryTechnology=Li-ion, batteryVoltage=3823, batteryCurrentNow=10170, batteryChargeCounter=-2147483648, batteryTemperature=375
D/BatteryService( 1016): batteryPropertiesChanged: chargerAcOnline=false, chargerUsbOnline=true, chargerWirelessOnline=false, batteryStatus=2, batteryHealth=2, batteryPresent=true, batteryLevel=48, batteryTechnology=Li-ion, batteryVoltage=3821, batteryCurrentNow=-13454, batteryChargeCounter=-2147483648, batteryTemperature=375
D/BatteryService( 1016): batteryPropertiesChanged: chargerAcOnline=false, chargerUsbOnline=true, chargerWirelessOnline=false, batteryStatus=2, batteryHealth=2, batteryPresent=true, batteryLevel=48, batteryTechnology=Li-ion, batteryVoltage=3825, batteryCurrentNow=43010, batteryChargeCounter=-2147483648, batteryTemperature=375
D/BatteryService( 1016): batteryPropertiesChanged: chargerAcOnline=false, chargerUsbOnline=true, chargerWirelessOnline=false, batteryStatus=2, batteryHealth=2, batteryPresent=true, batteryLevel=48, batteryTechnology=Li-ion, batteryVoltage=3816, batteryCurrentNow=105381, batteryChargeCounter=-2147483648, batteryTemperature=376
D/StatusBar.MSimNetworkController( 1119): refreshViews subscription =1mMSimDataConnected =false
D/StatusBar.MSimNetworkController( 1119): refreshViews mMSimDataActivity =0
D/StatusBar.MSimNetworkController( 1119): refreshViews: Data not connected!! Set no data type icon / Roaming for subscription: 1
