--------- beginning of /dev/log/system
D/StatusBar.MSimNetworkController( 1119): refreshViews connected={ wifi } mMSimSignalLevel=0 mMSimcombinedSignalIconId=0x7f02019c/com.android.systemui:drawable/stat_sys_wifi_signal_4_fully mMSimcombinedActivityIconId=0x0 mAirplaneMode=false mMSimDataActivity=0 mMSimPhoneSignalIconId=0x7f020139 mMSimDataDirectionIconId=0x0 mMSimDataSignalIconId=0x7f020139 mMSimDataTypeIconId=0x0 mNoMSimIconId=0x0 mWifiIconId=0x7f02019c mBluetoothTetherIconId=0x108088c mMSimMobileActivityIconId=0x0 mMSimCallBusyingIconId=0x0 mMSimRoamingIconId=0x0 mMSimIconId=7f02017a sub=1
I/AlarmManager( 1016): set  [type=1 trigger on=(+7h21m26s66ms) repeatInt=0 repeatInt=PendingIntent{427eabc8: PendingIntentRecord{42315aa0 com.android.calendar broadcastIntent}} worksource = null]
D/StatusBar.MSimNetworkController( 1119): refreshViews subscription =1mMSimDataConnected =false
D/StatusBar.MSimNetworkController( 1119): refreshViews mMSimDataActivity =0
D/StatusBar.MSimNetworkController( 1119): refreshViews: Data not connected!! Set no data type icon / Roaming for subscription: 1
D/StatusBar.MSimNetworkController( 1119): refreshViews connected={ wifi } mMSimSignalLevel=0 mMSimcombinedSignalIconId=0x7f02019c/com.android.systemui:drawable/stat_sys_wifi_signal_4_fully mMSimcombinedActivityIconId=0x0 mAirplaneMode=false mMSimDataActivity=0 mMSimPhoneSignalIconId=0x7f020139 mMSimDataDirectionIconId=0x0 mMSimDataSignalIconId=0x7f020139 mMSimDataTypeIconId=0x0 mNoMSimIconId=0x0 mWifiIconId=0x7f02019c mBluetoothTetherIconId=0x108088c mMSimMobileActivityIconId=0x0 mMSimCallBusyingIconId=0x0 mMSimRoamingIconId=0x0 mMSimIconId=7f02017a sub=1
D/StatusBar.MSimNetworkController( 1119): refreshViews subscription =1mMSimDataConnected =false
D/StatusBar.MSimNetworkController( 1119): refreshViews mMSimDataActivity =0
D/StatusBar.MSimNetworkController( 1119): refreshViews: Data not connected!! Set no data type icon / Roaming for subscription: 1
D/StatusBar.MSimNetworkController( 1119): refreshViews connected={ wifi } mMSimSignalLevel=0 mMSimcombinedSignalIconId=0x7f02019c/com.android.systemui:drawable/stat_sys_wifi_signal_4_fully mMSimcombinedActivityIconId=0x0 mAirplaneMode=false mMSimDataActivity=0 mMSimPhoneSignalIconId=0x7f020139 mMSimDataDirectionIconId=0x0 mMSimDataSignalIconId=0x7f020139 mMSimDataTypeIconId=0x0 mNoMSimIconId=0x0 mWifiIconId=0x7f02019c mBluetoothTetherIconId=0x108088c mMSimMobileActivityIconId=0x0 mMSimCallBusyingIconId=0x0 mMSimRoamingIconId=0x0 mMSimIconId=7f02017a sub=1
D/StatusBar.MSimNetworkController( 1119): refreshViews subscription =1mMSimDataConnected =false
D/StatusBar.MSimNetworkController( 1119): refreshViews mMSimDataActivity =0
D/StatusBar.MSimNetworkController( 1119): refreshViews: Data not connected!! Set no data type icon / Roaming for subscription: 1
D/StatusBar.MSimNetworkController( 1119): refreshViews connected={ wifi } mMSimSignalLevel=0 mMSimcombinedSignalIconId=0x7f02019c/com.android.systemui:drawable/stat_sys_wifi_signal_4_fully mMSimcombinedActivityIconId=0x0 mAirplaneMode=false mMSimDataActivity=0 mMSimPhoneSignalIconId=0x7f020139 mMSimDataDirectionIconId=0x0 mMSimDataSignalIconId=0x7f020139 mMSimDataTypeIconId=0x0 mNoMSimIconId=0x0 mWifiIconId=0x7f02019c mBluetoothTetherIconId=0x108088c mMSimMobileActivityIconId=0x0 mMSimCallBusyingIconId=0x0 mMSimRoamingIconId=0x0 mMSimIconId=7f02017a sub=1
D/StatusBar.MSimNetworkController( 1119): refreshViews subscription =1mMSimDataConnected =false
D/StatusBar.MSimNetworkController( 1119): refreshViews mMSimDataActivity =0
D/StatusBar.MSimNetworkController( 1119): refreshViews: Data not connected!! Set no data type icon / Roaming for subscription: 1
D/StatusBar.MSimNetworkController( 1119): refreshViews connected={ wifi } mMSimSignalLevel=0 mMSimcombinedSignalIconId=0x7f02019c/com.android.systemui:drawable/stat_sys_wifi_signal_4_fully mMSimcombinedActivityIconId=0x0 mAirplaneMode=false mMSimDataActivity=0 mMSimPhoneSignalIconId=0x7f020139 mMSimDataDirectionIconId=0x0 mMSimDataSignalIconId=0x7f020139 mMSimDataTypeIconId=0x0 mNoMSimIconId=0x0 mWifiIconId=0x7f02019c mBluetoothTetherIconId=0x108088c mMSimMobileActivityIconId=0x0 mMSimCallBusyingIconId=0x0 mMSimRoamingIconId=0x0 mMSimIconId=7f02017a sub=1
D/StatusBar.MSimNetworkController( 1119): refreshViews subscription =1mMSimDataConnected =false
D/StatusBar.MSimNetworkController( 1119): refreshViews mMSimDataActivity =0
D/StatusBar.MSimNetworkController( 1119): refreshViews: Data not connected!! Set no data type icon / Roaming for subscription: 1
D/StatusBar.MSimNetworkController( 1119): refreshViews connected={ wifi } mMSimSignalLevel=0 mMSimcombinedSignalIconId=0x7f02019c/com.android.systemui:drawable/stat_sys_wifi_signal_4_fully mMSimcombinedActivityIconId=0x0 mAirplaneMode=false mMSimDataActivity=0 mMSimPhoneSignalIconId=0x7f020139 mMSimDataDirectionIconId=0x0 mMSimDataSignalIconId=0x7f020139 mMSimDataTypeIconId=0x0 mNoMSimIconId=0x0 mWifiIconId=0x7f02019c mBluetoothTetherIconId=0x108088c mMSimMobileActivityIconId=0x0 mMSimCallBusyingIconId=0x0 mMSimRoamingIconId=0x0 mMSimIconId=7f02017a sub=1
D/StatusBar.MSimNetworkController( 1119): refreshViews subscription =1mMSimDataConnected =false
D/StatusBar.MSimNetworkController( 1119): refreshViews mMSimDataActivity =0
D/StatusBar.MSimNetworkController( 1119): refreshViews: Data not connected!! Set no data type icon / Roaming for subscription: 1
D/StatusBar.MSimNetworkController( 1119): refreshViews connected={ wifi } mMSimSignalLevel=0 mMSimcombinedSignalIconId=0x7f02019c/com.android.systemui:drawable/stat_sys_wifi_signal_4_fully mMSimcombinedActivityIconId=0x0 mAirplaneMode=false mMSimDataActivity=0 mMSimPhoneSignalIconId=0x7f020139 mMSimDataDirectionIconId=0x0 mMSimDataSignalIconId=0x7f020139 mMSimDataTypeIconId=0x0 mNoMSimIconId=0x0 mWifiIconId=0x7f02019c mBluetoothTetherIconId=0x108088c mMSimMobileActivityIconId=0x0 mMSimCallBusyingIconId=0x0 mMSimRoamingIconId=0x0 mMSimIconId=7f02017a sub=1
I/AlarmManager( 1016): set  [type=3 trigger on=(+9s999ms) repeatInt=0 repeatInt=PendingIntent{423aec18: PendingIntentRecord{42750108 com.google.android.googlequicksearchbox startService}} worksource = null]
I/ActivityManager( 1016): Start proc com.google.android.tts for service com.google.android.tts/.service.GoogleTTSService: pid=10399 uid=10103 gids={50103, 3003, 1028, 1015}
I/AlarmManager( 1016): set  [type=1 trigger on=(+29m59s995ms) repeatInt=604800000 repeatInt=PendingIntent{423ce8d8: PendingIntentRecord{4272d580 com.google.android.googlequicksearchbox startService}} worksource = null]
W/ActivityManager( 1016): Duplicate finish request for ActivityRecord{42503578 u0 com.google.android.googlequicksearchbox/com.google.android.apps.gsa.queryentry.QueryEntryActivity t65 f}
I/AlarmManager( 1016): set  [type=3 trigger on=(+150ms) repeatInt=150 repeatInt=PendingIntent{426b2ce8: PendingIntentRecord{41a891e8 com.domobile.applock startService}} worksource = null]
D/StatusBar.MSimNetworkController( 1119): refreshViews subscription =1mMSimDataConnected =false
D/StatusBar.MSimNetworkController( 1119): refreshViews mMSimDataActivity =0
D/StatusBar.MSimNetworkController( 1119): refreshViews: Data not connected!! Set no data type icon / Roaming for subscription: 1
D/StatusBar.MSimNetworkController( 1119): refreshViews connected={ wifi } mMSimSignalLevel=0 mMSimcombinedSignalIconId=0x7f02019c/com.android.systemui:drawable/stat_sys_wifi_signal_4_fully mMSimcombinedActivityIconId=0x0 mAirplaneMode=false mMSimDataActivity=0 mMSimPhoneSignalIconId=0x7f020139 mMSimDataDirectionIconId=0x0 mMSimDataSignalIconId=0x7f020139 mMSimDataTypeIconId=0x0 mNoMSimIconId=0x0 mWifiIconId=0x7f02019c mBluetoothTetherIconId=0x108088c mMSimMobileActivityIconId=0x0 mMSimCallBusyingIconId=0x0 mMSimRoamingIconId=0x0 mMSimIconId=7f02017a sub=1
D/StatusBar.MSimNetworkController( 1119): refreshViews subscription =1mMSimDataConnected =false
D/StatusBar.MSimNetworkController( 1119): refreshViews mMSimDataActivity =0
D/StatusBar.MSimNetworkController( 1119): refreshViews: Data not connected!! Set no data type icon / Roaming for subscription: 1
D/StatusBar.MSimNetworkController( 1119): refreshViews connected={ wifi } mMSimSignalLevel=0 mMSimcombinedSignalIconId=0x7f02019c/com.android.systemui:drawable/stat_sys_wifi_signal_4_fully mMSimcombinedActivityIconId=0x0 mAirplaneMode=false mMSimDataActivity=0 mMSimPhoneSignalIconId=0x7f020139 mMSimDataDirectionIconId=0x0 mMSimDataSignalIconId=0x7f020139 mMSimDataTypeIconId=0x0 mNoMSimIconId=0x0 mWifiIconId=0x7f02019c mBluetoothTetherIconId=0x108088c mMSimMobileActivityIconId=0x0 mMSimCallBusyingIconId=0x0 mMSimRoamingIconId=0x0 mMSimIconId=7f02017a sub=1
D/StatusBar.MSimNetworkController( 1119): refreshViews subscription =1mMSimDataConnected =false
D/StatusBar.MSimNetworkController( 1119): refreshViews mMSimDataActivity =0
D/StatusBar.MSimNetworkController( 1119): refreshViews: Data not connected!! Set no data type icon / Roaming for subscription: 1
D/StatusBar.MSimNetworkController( 1119): refreshViews connected={ wifi } mMSimSignalLevel=0 mMSimcombinedSignalIconId=0x7f02019c/com.android.systemui:drawable/stat_sys_wifi_signal_4_fully mMSimcombinedActivityIconId=0x0 mAirplaneMode=false mMSimDataActivity=0 mMSimPhoneSignalIconId=0x7f020139 mMSimDataDirectionIconId=0x0 mMSimDataSignalIconId=0x7f020139 mMSimDataTypeIconId=0x0 mNoMSimIconId=0x0 mWifiIconId=0x7f02019c mBluetoothTetherIconId=0x108088c mMSimMobileActivityIconId=0x0 mMSimCallBusyingIconId=0x0 mMSimRoamingIconId=0x0 mMSimIconId=7f02017a sub=1
D/StatusBar.MSimNetworkController( 1119): refreshViews subscription =1mMSimDataConnected =false
D/StatusBar.MSimNetworkController( 1119): refreshViews mMSimDataActivity =0
D/StatusBar.MSimNetworkController( 1119): refreshViews: Data not connected!! Set no data type icon / Roaming for subscription: 1
D/StatusBar.MSimNetworkController( 1119): refreshViews connected={ wifi } mMSimSignalLevel=0 mMSimcombinedSignalIconId=0x7f02019c/com.android.systemui:drawable/stat_sys_wifi_signal_4_fully mMSimcombinedActivityIconId=0x0 mAirplaneMode=false mMSimDataActivity=0 mMSimPhoneSignalIconId=0x7f020139 mMSimDataDirectionIconId=0x0 mMSimDataSignalIconId=0x7f020139 mMSimDataTypeIconId=0x0 mNoMSimIconId=0x0 mWifiIconId=0x7f02019c mBluetoothTetherIconId=0x108088c mMSimMobileActivityIconId=0x0 mMSimCallBusyingIconId=0x0 mMSimRoamingIconId=0x0 mMSimIconId=7f02017a sub=1
D/StatusBar.MSimNetworkController( 1119): refreshViews subscription =1mMSimDataConnected =false
D/StatusBar.MSimNetworkController( 1119): refreshViews mMSimDataActivity =0
D/StatusBar.MSimNetworkController( 1119): refreshViews: Data not connected!! Set no data type icon / Roaming for subscription: 1
D/StatusBar.MSimNetworkController( 1119): refreshViews connected={ wifi } mMSimSignalLevel=0 mMSimcombinedSignalIconId=0x7f02019c/com.android.systemui:drawable/stat_sys_wifi_signal_4_fully mMSimcombinedActivityIconId=0x0 mAirplaneMode=false mMSimDataActivity=0 mMSimPhoneSignalIconId=0x7f020139 mMSimDataDirectionIconId=0x0 mMSimDataSignalIconId=0x7f020139 mMSimDataTypeIconId=0x0 mNoMSimIconId=0x0 mWifiIconId=0x7f02019c mBluetoothTetherIconId=0x108088c mMSimMobileActivityIconId=0x0 mMSimCallBusyingIconId=0x0 mMSimRoamingIconId=0x0 mMSimIconId=7f02017a sub=1
D/StatusBar.MSimNetworkController( 1119): refreshViews subscription =1mMSimDataConnected =false
D/StatusBar.MSimNetworkController( 1119): refreshViews mMSimDataActivity =0
D/StatusBar.MSimNetworkController( 1119): refreshViews: Data not connected!! Set no data type icon / Roaming for subscription: 1
D/StatusBar.MSimNetworkController( 1119): refreshViews connected={ wifi } mMSimSignalLevel=0 mMSimcombinedSignalIconId=0x7f02019c/com.android.systemui:drawable/stat_sys_wifi_signal_4_fully mMSimcombinedActivityIconId=0x0 mAirplaneMode=false mMSimDataActivity=0 mMSimPhoneSignalIconId=0x7f020139 mMSimDataDirectionIconId=0x0 mMSimDataSignalIconId=0x7f020139 mMSimDataTypeIconId=0x0 mNoMSimIconId=0x0 mWifiIconId=0x7f02019c mBluetoothTetherIconId=0x108088c mMSimMobileActivityIconId=0x0 mMSimCallBusyingIconId=0x0 mMSimRoamingIconId=0x0 mMSimIconId=7f02017a sub=1
D/StatusBar.MSimNetworkController( 1119): refreshViews subscription =1mMSimDataConnected =false
D/StatusBar.MSimNetworkController( 1119): refreshViews mMSimDataActivity =0
D/StatusBar.MSimNetworkController( 1119): refreshViews: Data not connected!! Set no data type icon / Roaming for subscription: 1
D/StatusBar.MSimNetworkController( 1119): refreshViews connected={ wifi } mMSimSignalLevel=0 mMSimcombinedSignalIconId=0x7f02019c/com.android.systemui:drawable/stat_sys_wifi_signal_4_fully mMSimcombinedActivityIconId=0x0 mAirplaneMode=false mMSimDataActivity=0 mMSimPhoneSignalIconId=0x7f020139 mMSimDataDirectionIconId=0x0 mMSimDataSignalIconId=0x7f020139 mMSimDataTypeIconId=0x0 mNoMSimIconId=0x0 mWifiIconId=0x7f02019c mBluetoothTetherIconId=0x108088c mMSimMobileActivityIconId=0x0 mMSimCallBusyingIconId=0x0 mMSimRoamingIconId=0x0 mMSimIconId=7f02017a sub=1
D/StatusBar.MSimNetworkController( 1119): refreshViews subscription =1mMSimDataConnected =false
D/StatusBar.MSimNetworkController( 1119): refreshViews mMSimDataActivity =0
D/StatusBar.MSimNetworkController( 1119): refreshViews: Data not connected!! Set no data type icon / Roaming for subscription: 1
D/StatusBar.MSimNetworkController( 1119): refreshViews connected={ wifi } mMSimSignalLevel=0 mMSimcombinedSignalIconId=0x7f02019c/com.android.systemui:drawable/stat_sys_wifi_signal_4_fully mMSimcombinedActivityIconId=0x0 mAirplaneMode=false mMSimDataActivity=0 mMSimPhoneSignalIconId=0x7f020139 mMSimDataDirectionIconId=0x0 mMSimDataSignalIconId=0x7f020139 mMSimDataTypeIconId=0x0 mNoMSimIconId=0x0 mWifiIconId=0x7f02019c mBluetoothTetherIconId=0x108088c mMSimMobileActivityIconId=0x0 mMSimCallBusyingIconId=0x0 mMSimRoamingIconId=0x0 mMSimIconId=7f02017a sub=1
I/AlarmManager( 1016): set  [type=2 trigger on=(+4s998ms) repeatInt=0 repeatInt=PendingIntent{41ce51d8: PendingIntentRecord{425d1020 com.google.android.gms broadcastIntent}} worksource = WorkSource{1000}]
D/WifiP2pService( 1016): InactiveState{ when=-1ms what=147461 target=com.android.internal.util.StateMachine$SmHandler }
D/WifiP2pService( 1016): P2pEnabledState{ when=-1ms what=147461 target=com.android.internal.util.StateMachine$SmHandler }
D/WifiP2pService( 1016): DefaultState{ when=-1ms what=147461 target=com.android.internal.util.StateMachine$SmHandler }
I/AlarmManager( 1016): set  [type=2 trigger on=(+19s448ms) repeatInt=0 repeatInt=PendingIntent{42bc6e50: PendingIntentRecord{425d1020 com.google.android.gms broadcastIntent}} worksource = WorkSource{1000}]
D/StatusBar.MSimNetworkController( 1119): refreshViews subscription =1mMSimDataConnected =false
D/StatusBar.MSimNetworkController( 1119): refreshViews mMSimDataActivity =0
D/StatusBar.MSimNetworkController( 1119): refreshViews: Data not connected!! Set no data type icon / Roaming for subscription: 1
D/StatusBar.MSimNetworkController( 1119): refreshViews connected={ wifi } mMSimSignalLevel=0 mMSimcombinedSignalIconId=0x7f02019c/com.android.systemui:drawable/stat_sys_wifi_signal_4_fully mMSimcombinedActivityIconId=0x0 mAirplaneMode=false mMSimDataActivity=0 mMSimPhoneSignalIconId=0x7f020139 mMSimDataDirectionIconId=0x0 mMSimDataSignalIconId=0x7f020139 mMSimDataTypeIconId=0x0 mNoMSimIconId=0x0 mWifiIconId=0x7f02019c mBluetoothTetherIconId=0x108088c mMSimMobileActivityIconId=0x0 mMSimCallBusyingIconId=0x0 mMSimRoamingIconId=0x0 mMSimIconId=7f02017a sub=1
D/StatusBar.MSimNetworkController( 1119): refreshViews subscription =1mMSimDataConnected =false
D/StatusBar.MSimNetworkController( 1119): refreshViews mMSimDataActivity =0
D/StatusBar.MSimNetworkController( 1119): refreshViews: Data not connected!! Set no data type icon / Roaming for subscription: 1
D/StatusBar.MSimNetworkController( 1119): refreshViews connected={ wifi } mMSimSignalLevel=0 mMSimcombinedSignalIconId=0x7f02019c/com.android.systemui:drawable/stat_sys_wifi_signal_4_fully mMSimcombinedActivityIconId=0x0 mAirplaneMode=false mMSimDataActivity=0 mMSimPhoneSignalIconId=0x7f020139 mMSimDataDirectionIconId=0x0 mMSimDataSignalIconId=0x7f020139 mMSimDataTypeIconId=0x0 mNoMSimIconId=0x0 mWifiIconId=0x7f02019c mBluetoothTetherIconId=0x108088c mMSimMobileActivityIconId=0x0 mMSimCallBusyingIconId=0x0 mMSimRoamingIconId=0x0 mMSimIconId=7f02017a sub=1
D/StatusBar.MSimNetworkController( 1119): refreshViews subscription =1mMSimDataConnected =false
D/StatusBar.MSimNetworkController( 1119): refreshViews mMSimDataActivity =0
D/StatusBar.MSimNetworkController( 1119): refreshViews: Data not connected!! Set no data type icon / Roaming for subscription: 1
D/StatusBar.MSimNetworkController( 1119): refreshViews connected={ wifi } mMSimSignalLevel=0 mMSimcombinedSignalIconId=0x7f02019c/com.android.systemui:drawable/stat_sys_wifi_signal_4_fully mMSimcombinedActivityIconId=0x0 mAirplaneMode=false mMSimDataActivity=0 mMSimPhoneSignalIconId=0x7f020139 mMSimDataDirectionIconId=0x0 mMSimDataSignalIconId=0x7f020139 mMSimDataTypeIconId=0x0 mNoMSimIconId=0x0 mWifiIconId=0x7f02019c mBluetoothTetherIconId=0x108088c mMSimMobileActivityIconId=0x0 mMSimCallBusyingIconId=0x0 mMSimRoamingIconId=0x0 mMSimIconId=7f02017a sub=1
D/StatusBar.MSimNetworkController( 1119): refreshViews subscription =1mMSimDataConnected =false
D/StatusBar.MSimNetworkController( 1119): refreshViews mMSimDataActivity =0
D/StatusBar.MSimNetworkController( 1119): refreshViews: Data not connected!! Set no data type icon / Roaming for subscription: 1
D/StatusBar.MSimNetworkController( 1119): refreshViews connected={ wifi } mMSimSignalLevel=0 mMSimcombinedSignalIconId=0x7f02019c/com.android.systemui:drawable/stat_sys_wifi_signal_4_fully mMSimcombinedActivityIconId=0x0 mAirplaneMode=false mMSimDataActivity=0 mMSimPhoneSignalIconId=0x7f020139 mMSimDataDirectionIconId=0x0 mMSimDataSignalIconId=0x7f020139 mMSimDataTypeIconId=0x0 mNoMSimIconId=0x0 mWifiIconId=0x7f02019c mBluetoothTetherIconId=0x108088c mMSimMobileActivityIconId=0x0 mMSimCallBusyingIconId=0x0 mMSimRoamingIconId=0x0 mMSimIconId=7f02017a sub=1
D/StatusBar.MSimNetworkController( 1119): refreshViews subscription =1mMSimDataConnected =false
D/StatusBar.MSimNetworkController( 1119): refreshViews mMSimDataActivity =0
D/StatusBar.MSimNetworkController( 1119): refreshViews: Data not connected!! Set no data type icon / Roaming for subscription: 1
D/StatusBar.MSimNetworkController( 1119): refreshViews connected={ wifi } mMSimSignalLevel=0 mMSimcombinedSignalIconId=0x7f02019c/com.android.systemui:drawable/stat_sys_wifi_signal_4_fully mMSimcombinedActivityIconId=0x0 mAirplaneMode=false mMSimDataActivity=0 mMSimPhoneSignalIconId=0x7f020139 mMSimDataDirectionIconId=0x0 mMSimDataSignalIconId=0x7f020139 mMSimDataTypeIconId=0x0 mNoMSimIconId=0x0 mWifiIconId=0x7f02019c mBluetoothTetherIconId=0x108088c mMSimMobileActivityIconId=0x0 mMSimCallBusyingIconId=0x0 mMSimRoamingIconId=0x0 mMSimIconId=7f02017a sub=1
D/StatusBar.MSimNetworkController( 1119): refreshViews subscription =1mMSimDataConnected =false
D/StatusBar.MSimNetworkController( 1119): refreshViews mMSimDataActivity =0
D/StatusBar.MSimNetworkController( 1119): refreshViews: Data not connected!! Set no data type icon / Roaming for subscription: 1
D/StatusBar.MSimNetworkController( 1119): refreshViews connected={ wifi } mMSimSignalLevel=0 mMSimcombinedSignalIconId=0x7f02019c/com.android.systemui:drawable/stat_sys_wifi_signal_4_fully mMSimcombinedActivityIconId=0x0 mAirplaneMode=false mMSimDataActivity=0 mMSimPhoneSignalIconId=0x7f020139 mMSimDataDirectionIconId=0x0 mMSimDataSignalIconId=0x7f020139 mMSimDataTypeIconId=0x0 mNoMSimIconId=0x0 mWifiIconId=0x7f02019c mBluetoothTetherIconId=0x108088c mMSimMobileActivityIconId=0x0 mMSimCallBusyingIconId=0x0 mMSimRoamingIconId=0x0 mMSimIconId=7f02017a sub=1
D/StatusBar.MSimNetworkController( 1119): refreshViews subscription =1mMSimDataConnected =false
D/StatusBar.MSimNetworkController( 1119): refreshViews mMSimDataActivity =0
D/StatusBar.MSimNetworkController( 1119): refreshViews: Data not connected!! Set no data type icon / Roaming for subscription: 1
D/StatusBar.MSimNetworkController( 1119): refreshViews connected={ wifi } mMSimSignalLevel=0 mMSimcombinedSignalIconId=0x7f02019c/com.android.systemui:drawable/stat_sys_wifi_signal_4_fully mMSimcombinedActivityIconId=0x0 mAirplaneMode=false mMSimDataActivity=0 mMSimPhoneSignalIconId=0x7f020139 mMSimDataDirectionIconId=0x0 mMSimDataSignalIconId=0x7f020139 mMSimDataTypeIconId=0x0 mNoMSimIconId=0x0 mWifiIconId=0x7f02019c mBluetoothTetherIconId=0x108088c mMSimMobileActivityIconId=0x0 mMSimCallBusyingIconId=0x0 mMSimRoamingIconId=0x0 mMSimIconId=7f02017a sub=1
D/StatusBar.MSimNetworkController( 1119): refreshViews subscription =1mMSimDataConnected =false
D/StatusBar.MSimNetworkController( 1119): refreshViews mMSimDataActivity =0
D/StatusBar.MSimNetworkController( 1119): refreshViews: Data not connected!! Set no data type icon / Roaming for subscription: 1
D/StatusBar.MSimNetworkController( 1119): refreshViews connected={ wifi } mMSimSignalLevel=0 mMSimcombinedSignalIconId=0x7f02019c/com.android.systemui:drawable/stat_sys_wifi_signal_4_fully mMSimcombinedActivityIconId=0x0 mAirplaneMode=false mMSimDataActivity=0 mMSimPhoneSignalIconId=0x7f020139 mMSimDataDirectionIconId=0x0 mMSimDataSignalIconId=0x7f020139 mMSimDataTypeIconId=0x0 mNoMSimIconId=0x0 mWifiIconId=0x7f02019c mBluetoothTetherIconId=0x108088c mMSimMobileActivityIconId=0x0 mMSimCallBusyingIconId=0x0 mMSimRoamingIconId=0x0 mMSimIconId=7f02017a sub=1
D/StatusBar.MSimNetworkController( 1119): refreshViews subscription =1mMSimDataConnected =false
D/StatusBar.MSimNetworkController( 1119): refreshViews mMSimDataActivity =0
D/StatusBar.MSimNetworkController( 1119): refreshViews: Data not connected!! Set no data type icon / Roaming for subscription: 1
D/StatusBar.MSimNetworkController( 1119): refreshViews connected={ wifi } mMSimSignalLevel=0 mMSimcombinedSignalIconId=0x7f02019c/com.android.systemui:drawable/stat_sys_wifi_signal_4_fully mMSimcombinedActivityIconId=0x0 mAirplaneMode=false mMSimDataActivity=0 mMSimPhoneSignalIconId=0x7f020139 mMSimDataDirectionIconId=0x0 mMSimDataSignalIconId=0x7f020139 mMSimDataTypeIconId=0x0 mNoMSimIconId=0x0 mWifiIconId=0x7f02019c mBluetoothTetherIconId=0x108088c mMSimMobileActivityIconId=0x0 mMSimCallBusyingIconId=0x0 mMSimRoamingIconId=0x0 mMSimIconId=7f02017a sub=1
D/StatusBar.MSimNetworkController( 1119): refreshViews subscription =1mMSimDataConnected =false
D/StatusBar.MSimNetworkController( 1119): refreshViews mMSimDataActivity =0
D/StatusBar.MSimNetworkController( 1119): refreshViews: Data not connected!! Set no data type icon / Roaming for subscription: 1
D/StatusBar.MSimNetworkController( 1119): refreshViews connected={ wifi } mMSimSignalLevel=0 mMSimcombinedSignalIconId=0x7f02019c/com.android.systemui:drawable/stat_sys_wifi_signal_4_fully mMSimcombinedActivityIconId=0x0 mAirplaneMode=false mMSimDataActivity=0 mMSimPhoneSignalIconId=0x7f020139 mMSimDataDirectionIconId=0x0 mMSimDataSignalIconId=0x7f020139 mMSimDataTypeIconId=0x0 mNoMSimIconId=0x0 mWifiIconId=0x7f02019c mBluetoothTetherIconId=0x108088c mMSimMobileActivityIconId=0x0 mMSimCallBusyingIconId=0x0 mMSimRoamingIconId=0x0 mMSimIconId=7f02017a sub=1
I/ActivityManager( 1016): Process com.cleanmaster.mguard (pid 10181) has died.
D/StatusBar.MSimNetworkController( 1119): refreshViews subscription =1mMSimDataConnected =false
D/StatusBar.MSimNetworkController( 1119): refreshViews mMSimDataActivity =0
D/StatusBar.MSimNetworkController( 1119): refreshViews: Data not connected!! Set no data type icon / Roaming for subscription: 1
D/StatusBar.MSimNetworkController( 1119): refreshViews connected={ wifi } mMSimSignalLevel=0 mMSimcombinedSignalIconId=0x7f02019c/com.android.systemui:drawable/stat_sys_wifi_signal_4_fully mMSimcombinedActivityIconId=0x0 mAirplaneMode=false mMSimDataActivity=0 mMSimPhoneSignalIconId=0x7f020139 mMSimDataDirectionIconId=0x0 mMSimDataSignalIconId=0x7f020139 mMSimDataTypeIconId=0x0 mNoMSimIconId=0x0 mWifiIconId=0x7f02019c mBluetoothTetherIconId=0x108088c mMSimMobileActivityIconId=0x0 mMSimCallBusyingIconId=0x0 mMSimRoamingIconId=0x0 mMSimIconId=7f02017a sub=1
D/StatusBar.MSimNetworkController( 1119): refreshViews subscription =1mMSimDataConnected =false
D/StatusBar.MSimNetworkController( 1119): refreshViews mMSimDataActivity =0
D/StatusBar.MSimNetworkController( 1119): refreshViews: Data not connected!! Set no data type icon / Roaming for subscription: 1
D/StatusBar.MSimNetworkController( 1119): refreshViews connected={ wifi } mMSimSignalLevel=0 mMSimcombinedSignalIconId=0x7f02019c/com.android.systemui:drawable/stat_sys_wifi_signal_4_fully mMSimcombinedActivityIconId=0x0 mAirplaneMode=false mMSimDataActivity=0 mMSimPhoneSignalIconId=0x7f020139 mMSimDataDirectionIconId=0x0 mMSimDataSignalIconId=0x7f020139 mMSimDataTypeIconId=0x0 mNoMSimIconId=0x0 mWifiIconId=0x7f02019c mBluetoothTetherIconId=0x108088c mMSimMobileActivityIconId=0x0 mMSimCallBusyingIconId=0x0 mMSimRoamingIconId=0x0 mMSimIconId=7f02017a sub=1
D/StatusBar.MSimNetworkController( 1119): refreshViews subscription =1mMSimDataConnected =false
D/StatusBar.MSimNetworkController( 1119): refreshViews mMSimDataActivity =0
D/StatusBar.MSimNetworkController( 1119): refreshViews: Data not connected!! Set no data type icon / Roaming for subscription: 1
D/StatusBar.MSimNetworkController( 1119): refreshViews connected={ wifi } mMSimSignalLevel=0 mMSimcombinedSignalIconId=0x7f02019c/com.android.systemui:drawable/stat_sys_wifi_signal_4_fully mMSimcombinedActivityIconId=0x0 mAirplaneMode=false mMSimDataActivity=0 mMSimPhoneSignalIconId=0x7f020139 mMSimDataDirectionIconId=0x0 mMSimDataSignalIconId=0x7f020139 mMSimDataTypeIconId=0x0 mNoMSimIconId=0x0 mWifiIconId=0x7f02019c mBluetoothTetherIconId=0x108088c mMSimMobileActivityIconId=0x0 mMSimCallBusyingIconId=0x0 mMSimRoamingIconId=0x0 mMSimIconId=7f02017a sub=1
I/PowerManagerService( 1016): Going to sleep due to screen timeout...
D/StatusBar.MSimNetworkController( 1119): onSignalStrengthsChanged received on subscription :0signalStrength=SignalStrength: 27 0 -120 -160 -120 -1 -1 99 2147483647 2147483647 2147483647 2147483647 2147483647 gsm|lte level=4
D/StatusBar.MSimNetworkController( 1119): updateTelephonySignalStrength: subscription =0
D/StatusBar.MSimNetworkController( 1119): updateTelephonySignalStrength iconList = [I@41bc61c0iconLevel = 4 mInetCondition = 1
D/StatusBar.MSimNetworkController( 1119): refreshViews subscription =0mMSimDataConnected =false
D/StatusBar.MSimNetworkController( 1119): refreshViews mMSimDataActivity =0
D/StatusBar.MSimNetworkController( 1119): refreshViews: Data not connected!! Set no data type icon / Roaming for subscription: 0
D/StatusBar.MSimNetworkController( 1119): refreshViews connected={ wifi } mMSimSignalLevel=0 mMSimcombinedSignalIconId=0x7f02019c/com.android.systemui:drawable/stat_sys_wifi_signal_4_fully mMSimcombinedActivityIconId=0x0 mAirplaneMode=false mMSimDataActivity=0 mMSimPhoneSignalIconId=0x7f020139 mMSimDataDirectionIconId=0x0 mMSimDataSignalIconId=0x7f020139 mMSimDataTypeIconId=0x0 mNoMSimIconId=0x0 mWifiIconId=0x7f02019c mBluetoothTetherIconId=0x108088c mMSimMobileActivityIconId=0x0 mMSimCallBusyingIconId=0x0 mMSimRoamingIconId=0x7f02015b mMSimIconId=7f020158 sub=0
I/AlarmManager( 1016): set  [type=2 trigger on=(+4s988ms) repeatInt=0 repeatInt=PendingIntent{42a33c60: PendingIntentRecord{428adee0 com.android.keyguard broadcastIntent}} worksource = null]
I/AlarmManager( 1016): set  [type=2 trigger on=(+1h11m0s0ms) repeatInt=0 repeatInt=PendingIntent{41eb6950: PendingIntentRecord{422bf738 android broadcastIntent}} worksource = null]
I/ActivityManager( 1016): Start proc com.sony.smallapp.managerservice for service com.sony.smallapp.managerservice/.SmallAppManagerService: pid=10485 uid=10151 gids={50151, 3003}
I/AlarmManager( 1016): set  [type=2 trigger on=(+4s993ms) repeatInt=0 repeatInt=PendingIntent{426ddb78: PendingIntentRecord{425d1020 com.google.android.gms broadcastIntent}} worksource = WorkSource{1000}]
W/ContextImpl( 2171): Calling a method in the system process without a qualified user: android.app.ContextImpl.startService:1524 android.content.ContextWrapper.startService:494 com.sonymobile.phoneusage.service.ScreenReceiver.onReceiveInternal:23 com.sonymobile.phoneusage.service.DeviceUsageReceiver.onReceive:27 android.app.LoadedApk$ReceiverDispatcher$Args.run:772 
I/AlarmManager( 1016): set  [type=2 trigger on=(+31s996ms) repeatInt=0 repeatInt=PendingIntent{426b54b8: PendingIntentRecord{42a48fb8 com.whatsapp broadcastIntent}} worksource = null]
I/AlarmManager( 1016): set  [type=1 trigger on=(+29m59s999ms) repeatInt=0 repeatInt=PendingIntent{42cfd468: PendingIntentRecord{42d10bc0 com.cleanmaster.mguard broadcastIntent}} worksource = null]
I/AlarmManager( 1016): set  [type=2 trigger on=(+29s997ms) repeatInt=0 repeatInt=PendingIntent{426ae7c8: PendingIntentRecord{419d2d98 com.google.android.gms broadcastIntent}} worksource = WorkSource{10026 com.google.android.gms}]
D/WifiP2pService( 1016): InactiveState{ when=-1ms what=147461 target=com.android.internal.util.StateMachine$SmHandler }
D/WifiP2pService( 1016): P2pEnabledState{ when=-1ms what=147461 target=com.android.internal.util.StateMachine$SmHandler }
D/WifiP2pService( 1016): DefaultState{ when=-1ms what=147461 target=com.android.internal.util.StateMachine$SmHandler }
I/AlarmManager( 1016): set  [type=2 trigger on=(+19s515ms) repeatInt=0 repeatInt=PendingIntent{4265ea90: PendingIntentRecord{425d1020 com.google.android.gms broadcastIntent}} worksource = WorkSource{1000}]
I/AlarmManager( 1016): set  [type=2 trigger on=(+59s996ms) repeatInt=0 repeatInt=PendingIntent{426ea4f8: PendingIntentRecord{422be5f8 com.google.android.gms broadcastIntent}} worksource = WorkSource{10026 com.google.android.gms}]
I/AlarmManager( 1016): set  [type=2 trigger on=(+7m59s999ms) repeatInt=0 repeatInt=PendingIntent{426d6e40: PendingIntentRecord{422be5f8 com.google.android.gms broadcastIntent}} worksource = WorkSource{10026 com.google.android.gms}]
D/QcConnectivityService( 1016): handleInetConditionHoldEnd: net=1, condition=100, published condition=100
D/StatusBar.MSimNetworkController( 1119): updateConnectivity: intent=Intent { act=android.net.conn.INET_CONDITION_ACTION flg=0x4000010 (has extras) }
D/StatusBar.MSimNetworkController( 1119): updateConnectivity: networkInfo=NetworkInfo: type: WIFI[], state: CONNECTED/CONNECTED, reason: (unspecified), extra: "WakeUpG-Left", roaming: false, failover: false, isAvailable: true, isConnectedToProvisioningNetwork: false
D/StatusBar.MSimNetworkController( 1119): updateConnectivity: connectionStatus=100
D/StatusBar.MSimNetworkController( 1119): updateDataNetType: SUB0 is not DDS(=SUB1)!
D/StatusBar.MSimNetworkController( 1119): updateDataIcon subscription =0
D/StatusBar.MSimNetworkController( 1119): updateDataIcon dataSub =1
D/StatusBar.MSimNetworkController( 1119): updateDataIconi: SUB0 is not DDS.  Clear the mMSimDataConnected Flag and return
D/StatusBar.MSimNetworkController( 1119): updateTelephonySignalStrength: subscription =0
D/StatusBar.MSimNetworkController( 1119): updateTelephonySignalStrength iconList = [I@41bc61c0iconLevel = 4 mInetCondition = 1
D/StatusBar.MSimNetworkController( 1119): updateDataNetType sub = 1 mMSimDataNetType(0) = 15 mHspaDataDistinguishable = true mShowAtLeastThreeGees = false showRatAnimationInRoaming = false
D/StatusBar.MSimNetworkController( 1119): updateDataIcon subscription =1
D/StatusBar.MSimNetworkController( 1119): updateDataIcon dataSub =1
D/StatusBar.MSimNetworkController( 1119): updateDataIcon  when SimState =READY
D/StatusBar.MSimNetworkController( 1119): updateDataIcon  when gsm mMSimState =READY
D/StatusBar.MSimNetworkController( 1119): updateDataIcon when mMSimDataConnected =false
D/StatusBar.MSimNetworkController( 1119): updateTelephonySignalStrength: subscription =1
D/StatusBar.MSimNetworkController( 1119): updateTelephonySignalStrength iconList = [I@41bc60e0iconLevel = 4 mInetCondition = 1
D/StatusBar.MSimNetworkController( 1119): refreshViews subscription =0mMSimDataConnected =false
D/StatusBar.MSimNetworkController( 1119): refreshViews mMSimDataActivity =0
D/StatusBar.MSimNetworkController( 1119): refreshViews: Data not connected!! Set no data type icon / Roaming for subscription: 0
D/StatusBar.MSimNetworkController( 1119): refreshViews connected={ wifi } mMSimSignalLevel=0 mMSimcombinedSignalIconId=0x7f02019c/com.android.systemui:drawable/stat_sys_wifi_signal_4_fully mMSimcombinedActivityIconId=0x0 mAirplaneMode=false mMSimDataActivity=0 mMSimPhoneSignalIconId=0x7f020139 mMSimDataDirectionIconId=0x0 mMSimDataSignalIconId=0x7f020139 mMSimDataTypeIconId=0x0 mNoMSimIconId=0x0 mWifiIconId=0x7f02019c mBluetoothTetherIconId=0x108088c mMSimMobileActivityIconId=0x0 mMSimCallBusyingIconId=0x0 mMSimRoamingIconId=0x7f02015b mMSimIconId=7f020158 sub=0
I/AlarmManager( 1016): set  [type=2 trigger on=(+4s994ms) repeatInt=0 repeatInt=PendingIntent{422e3198: PendingIntentRecord{425d1020 com.google.android.gms broadcastIntent}} worksource = WorkSource{1000}]
D/WifiP2pService( 1016): InactiveState{ when=-3ms what=147461 target=com.android.internal.util.StateMachine$SmHandler }
D/WifiP2pService( 1016): P2pEnabledState{ when=-3ms what=147461 target=com.android.internal.util.StateMachine$SmHandler }
D/WifiP2pService( 1016): DefaultState{ when=-3ms what=147461 target=com.android.internal.util.StateMachine$SmHandler }
I/AlarmManager( 1016): set  [type=2 trigger on=(+19s363ms) repeatInt=0 repeatInt=PendingIntent{42405cd0: PendingIntentRecord{425d1020 com.google.android.gms broadcastIntent}} worksource = WorkSource{1000}]
D/BatteryService( 1016): batteryPropertiesChanged: chargerAcOnline=false, chargerUsbOnline=true, chargerWirelessOnline=false, batteryStatus=2, batteryHealth=2, batteryPresent=true, batteryLevel=47, batteryTechnology=Li-ion, batteryVoltage=3871, batteryCurrentNow=-449575, batteryChargeCounter=-2147483648, batteryTemperature=374
D/BatteryService( 1016): batteryPropertiesChanged: chargerAcOnline=false, chargerUsbOnline=true, chargerWirelessOnline=false, batteryStatus=2, batteryHealth=2, batteryPresent=true, batteryLevel=47, batteryTechnology=Li-ion, batteryVoltage=3865, batteryCurrentNow=-395878, batteryChargeCounter=-2147483648, batteryTemperature=374
I/AlarmManager( 1016): set  [type=2 trigger on=(+4s997ms) repeatInt=0 repeatInt=PendingIntent{42272250: PendingIntentRecord{425d1020 com.google.android.gms broadcastIntent}} worksource = WorkSource{1000}]
I/AlarmManager( 1016): set  [type=2 trigger on=(+14h5m9s471ms) repeatInt=0 repeatInt=PendingIntent{42316a00: PendingIntentRecord{424f2c60 com.google.android.gms broadcastIntent}} worksource = null]
D/WifiP2pService( 1016): InactiveState{ when=0 what=147461 target=com.android.internal.util.StateMachine$SmHandler }
D/WifiP2pService( 1016): P2pEnabledState{ when=0 what=147461 target=com.android.internal.util.StateMachine$SmHandler }
D/WifiP2pService( 1016): DefaultState{ when=0 what=147461 target=com.android.internal.util.StateMachine$SmHandler }
I/AlarmManager( 1016): set  [type=2 trigger on=(+19s481ms) repeatInt=0 repeatInt=PendingIntent{4298e5d0: PendingIntentRecord{425d1020 com.google.android.gms broadcastIntent}} worksource = WorkSource{1000}]
I/AlarmManager( 1016): set  [type=2 trigger on=(+4s995ms) repeatInt=0 repeatInt=PendingIntent{425b6738: PendingIntentRecord{425d1020 com.google.android.gms broadcastIntent}} worksource = WorkSource{1000}]
I/ActivityManager( 1016): Start proc com.android.defcontainer for service com.android.defcontainer/.DefaultContainerService: pid=10619 uid=10021 gids={50021, 1028, 1015, 1023, 2001, 1035}
W/ActivityManager( 1016): No content provider found for permission revoke: file:///data/local/tmp/com.example.dell.weather
I/ActivityManager( 1016): Start proc com.android.vending for broadcast com.android.vending/com.google.android.vending.verifier.PackageVerificationReceiver: pid=10637 uid=10038 gids={50038, 3003, 1028, 1015}
D/WifiP2pService( 1016): InactiveState{ when=-1ms what=147461 target=com.android.internal.util.StateMachine$SmHandler }
D/WifiP2pService( 1016): P2pEnabledState{ when=-1ms what=147461 target=com.android.internal.util.StateMachine$SmHandler }
D/WifiP2pService( 1016): DefaultState{ when=-1ms what=147461 target=com.android.internal.util.StateMachine$SmHandler }
I/AlarmManager( 1016): set  [type=2 trigger on=(+19s508ms) repeatInt=0 repeatInt=PendingIntent{4268e768: PendingIntentRecord{425d1020 com.google.android.gms broadcastIntent}} worksource = WorkSource{1000}]
I/ActivityManager( 1016): Process com.google.android.apps.genie.geniewidget (pid 8764) has died.
I/ActivityManager( 1016): Process com.cleanmaster.mguard:worker (pid 10231) has died.
W/ActivityManager( 1016): No content provider found for permission revoke: file:///data/local/tmp/com.example.dell.weather
I/PackageManager( 1016): Copying native libraries to /data/app-lib/vmdl-448929735
I/ActivityManager( 1016): Force stopping com.example.dell.weather appid=10253 user=-1: uninstall pkg
I/ActivityManager( 1016):   Force finishing activity ActivityRecord{41ce3438 u0 com.example.dell.weather/.MainActivity t45}
I/PackageManager( 1016): Package com.example.dell.weather codePath changed from /data/app/com.example.dell.weather-1.apk to /data/app/com.example.dell.weather-2.apk; Retaining data and using new
W/PackageManager( 1016): Code path for pkg : com.example.dell.weather changing from /data/app/com.example.dell.weather-1.apk to /data/app/com.example.dell.weather-2.apk
I/ActivityManager( 1016): Force stopping com.example.dell.weather appid=10253 user=-1: update pkg
W/PackageManager( 1016): Resource path for pkg : com.example.dell.weather changing from /data/app/com.example.dell.weather-1.apk to /data/app/com.example.dell.weather-2.apk
W/PackageManager( 1016): Unknown permission com.google.android.providers.gsf.permission.Read_Gservices in package com.example.dell.weather
I/ActivityManager( 1016): Force stopping com.example.dell.weather appid=10253 user=0: pkg removed
I/ActivityManager( 1016): Start proc com.android.exchange for broadcast com.android.exchange/.ExchangeBroadcastReceiver: pid=10713 uid=10023 gids={50023, 3003, 1028, 1015, 2992}
I/PackageManager( 1016): Adding preferred activity ComponentInfo{com.sonyericsson.conversations/com.sonyericsson.conversations.ui.ConversationListActivity} for user 0 :
I/PackageManager( 1016): Adding preferred activity ComponentInfo{com.sonyericsson.conversations/com.sonyericsson.conversations.ui.ConversationListActivity} for user 0 :
I/PackageManager( 1016): Adding preferred activity ComponentInfo{com.sonyericsson.conversations/com.sonyericsson.conversations.ui.ConversationListActivity} for user 0 :
I/PackageManager( 1016): Adding preferred activity ComponentInfo{com.sonyericsson.conversations/com.sonyericsson.conversations.ui.ConversationListActivity} for user 0 :
I/PackageManager( 1016): Adding preferred activity ComponentInfo{com.sonyericsson.conversations/com.sonyericsson.conversations.ui.ConversationListActivity} for user 0 :
I/PackageManager( 1016): Observer no longer exists.
I/PackageManager( 1016): Adding preferred activity ComponentInfo{com.sonyericsson.conversations/com.sonyericsson.conversations.ui.ConversationListActivity} for user 0 :
I/PackageManager( 1016): Adding preferred activity ComponentInfo{com.sonyericsson.conversations/com.sonyericsson.conversations.ui.ConversationListActivity} for user 0 :
I/PackageManager( 1016): Adding preferred activity ComponentInfo{com.sonyericsson.conversations/com.sonyericsson.conversations.ui.ConversationListActivity} for user 0 :
I/PackageManager( 1016): Adding preferred activity ComponentInfo{com.sonyericsson.conversations/com.sonyericsson.conversations.ui.ConversationListActivity} for user 0 :
I/PackageManager( 1016): Adding preferred activity ComponentInfo{com.sonyericsson.conversations/com.sonyericsson.conversations.ui.ConversationListActivity} for user 0 :
I/PackageManager( 1016): Adding preferred activity ComponentInfo{com.sonyericsson.conversations/com.sonyericsson.conversations.ui.ConversationListActivity} for user 0 :
I/PackageManager( 1016): Adding preferred activity ComponentInfo{com.sonyericsson.conversations/com.sonyericsson.conversations.ui.ConversationListActivity} for user 0 :
I/PackageManager( 1016): Adding preferred activity ComponentInfo{com.sonyericsson.conversations/com.sonyericsson.conversations.ui.ConversationListActivity} for user 0 :
I/ActivityManager( 1016): Start proc com.sonyericsson.album for broadcast com.sonyericsson.album/.online.playmemories.UpdateReceiver: pid=10733 uid=10043 gids={50043, 3003, 1028, 1015, 1023}
I/PackageManager( 1016): Adding preferred activity ComponentInfo{com.sonyericsson.conversations/com.sonyericsson.conversations.ui.ConversationListActivity} for user 0 :
I/PackageManager( 1016): Adding preferred activity ComponentInfo{com.sonyericsson.conversations/com.sonyericsson.conversations.ui.ConversationListActivity} for user 0 :
I/PackageManager( 1016): Adding preferred activity ComponentInfo{com.sonyericsson.conversations/com.sonyericsson.conversations.ui.ConversationListActivity} for user 0 :
I/PackageManager( 1016): Adding preferred activity ComponentInfo{com.sonyericsson.conversations/com.sonyericsson.conversations.ui.ConversationListActivity} for user 0 :
I/PackageManager( 1016): Adding preferred activity ComponentInfo{com.sonyericsson.conversations/com.sonyericsson.conversations.ui.ConversationListActivity} for user 0 :
I/PackageManager( 1016): Adding preferred activity ComponentInfo{com.sonyericsson.conversations/com.sonyericsson.conversations.ui.ConversationListActivity} for user 0 :
I/PackageManager( 1016): Adding preferred activity ComponentInfo{com.sonyericsson.conversations/com.sonyericsson.conversations.ui.ConversationListActivity} for user 0 :
I/PackageManager( 1016): Adding preferred activity ComponentInfo{com.sonyericsson.conversations/com.sonyericsson.conversations.ui.ConversationListActivity} for user 0 :
I/PackageManager( 1016): Adding preferred activity ComponentInfo{com.sonyericsson.conversations/com.sonyericsson.conversations.ui.ConversationListActivity} for user 0 :
I/PackageManager( 1016): Adding preferred activity ComponentInfo{com.sonyericsson.conversations/com.sonyericsson.conversations.ui.ConversationListActivity} for user 0 :
I/PackageManager( 1016): Adding preferred activity ComponentInfo{com.sonyericsson.conversations/com.sonyericsson.conversations.ui.ConversationListActivity} for user 0 :
I/ActivityManager( 1016): Process com.android.calendar (pid 10350) has died.
I/ActivityManager( 1016): Process com.android.providers.calendar (pid 10321) has died.
I/ActivityManager( 1016): Start proc com.sonyericsson.updatecenter for broadcast com.sonyericsson.updatecenter/.update.ApplicationRemovedReceiver: pid=10782 uid=10063 gids={50063, 3003, 2001, 1028, 1015}
D/BackupManagerService( 1016): Received broadcast Intent { act=android.intent.action.PACKAGE_REMOVED dat=package:com.example.dell.weather flg=0x4000010 (has extras) }
I/ActivityManager( 1016): Start proc com.google.android.apps.docs for broadcast com.google.android.apps.docs/.receivers.AppPackageAddRemoveReceiver: pid=10794 uid=10094 gids={50094, 3003, 1028, 1015}
D/BackupManagerService( 1016): Received broadcast Intent { act=android.intent.action.PACKAGE_ADDED dat=package:com.example.dell.weather flg=0x4000010 (has extras) }
I/ActivityManager( 1016): Process com.google.android.googlequicksearchbox:search (pid 8815) has died.
V/BackupManagerService( 1016): removePackageParticipantsLocked: uid=10253 #1
V/BackupManagerService( 1016): addPackageParticipantsLocked: #1
I/ActivityManager( 1016): Start proc com.android.keychain for broadcast com.android.keychain/.KeyChainBroadcastReceiver: pid=10827 uid=1000 gids={41000, 3003, 1028, 1015, 1023, 3002, 3001, 3006, 2992, 1021, 3004, 3005, 1000, 3009, 1010}
W/ContextImpl(10827): Calling a method in the system process without a qualified user: android.app.ContextImpl.startService:1524 android.content.ContextWrapper.startService:494 android.content.ContextWrapper.startService:494 com.android.keychain.KeyChainBroadcastReceiver.onReceive:12 android.app.ActivityThread.handleReceiver:2460 
I/ActivityManager( 1016): Start proc com.realvnc.android.remote for broadcast com.realvnc.android.remote/.RemoteControlService$PackageManagerReceiver: pid=10848 uid=10137 gids={50137}
I/ActivityManager( 1016): Start proc com.sonymobile.runtimeskinning.core for broadcast com.sonymobile.runtimeskinning.core/com.sonymobile.runtimeskinning.picker.install.PackageInstallReceiver: pid=10862 uid=10188 gids={50188, 3003}
I/AlarmManager( 1016): set  [type=0 trigger on=(+14s998ms) repeatInt=0 repeatInt=PendingIntent{425309d8: PendingIntentRecord{4252ff70 com.android.vending startService}} worksource = null]
I/ActivityManager( 1016): Start proc com.google.android.googlequicksearchbox:search for broadcast com.google.android.googlequicksearchbox/com.google.android.apps.gsa.search.core.icingsync.IcingCorporaChangedReceiver: pid=10876 uid=10064 gids={50064, 3003, 3001, 1028, 3002, 1015}
I/ActivityManager( 1016): Delay finish: com.google.android.gms/.games.chimera.GamesSystemBroadcastReceiverProxy
I/ActivityManager( 1016): Resuming delayed broadcast
I/ActivityManager( 1016): Start proc com.sonyericsson.trackid for broadcast com.sonyericsson.trackid/.model.android.receiver.TrackIdBroadcastReceiver: pid=10893 uid=10205 gids={50205, 3003, 1028, 1015}
W/ActivityManager( 1016): Unable to start service Intent { act=com.broadcom.fm.fmreceiver.IFmReceiverService } U=0: not found
I/ActivityManager( 1016): Delay finish: com.sonyericsson.trackid/.model.android.receiver.TrackIdBroadcastReceiver
I/ActivityManager( 1016): Resuming delayed broadcast
I/ActivityManager( 1016): Start proc com.cleanmaster.mguard for broadcast com.cleanmaster.mguard/com.ijinshan.cleaner.receiver.UninstallBroadcastReceiver: pid=10908 uid=10221 gids={50221, 1028, 1015, 3003}
I/ActivityManager( 1016): Process com.google.android.tts (pid 10399) has died.
I/ActivityManager( 1016): Process com.sonyericsson.album (pid 10733) has died.
I/ActivityManager( 1016): Start proc com.cleanmaster.mguard:worker for service com.cleanmaster.mguard/com.cleanmaster.screensave.newscreensaver.ScreenSaverService: pid=10942 uid=10221 gids={50221, 1028, 1015, 3003}
W/ActivityManager( 1016): Unable to start service Intent { act=com.cleanmaster.api.RT_ACCESS cmp=com.cmcm.skey/com.cmcm.rtstub.RTApiService } U=0: not found
W/ActivityManager( 1016): Unable to start service Intent { act=com.cleanmaster.api.RT_ACCESS cmp=com.cmcm.rtstub/.RTApiService } U=0: not found
I/ActivityManager( 1016): Delay finish: com.cleanmaster.mguard/com.ijinshan.cleaner.receiver.UninstallBroadcastReceiver
I/ActivityManager( 1016): Process com.google.android.apps.docs (pid 10794) has died.
I/ActivityManager( 1016): Resuming delayed broadcast
I/ActivityManager( 1016): Delay finish: com.android.exchange/.ExchangeBroadcastReceiver
I/ActivityManager( 1016): Resuming delayed broadcast
I/ActivityManager( 1016): Start proc com.sonymobile.mx.android for broadcast com.sonymobile.mx.android/.receivers.PackageIntentReceiver: pid=10990 uid=10033 gids={50033, 3003, 1028, 1015, 3002, 3001, 1007}
I/ActivityManager( 1016): Process com.android.keychain (pid 10827) has died.
I/ActivityManager( 1016): Process com.sonyericsson.updatecenter (pid 10782) has died.
W/ActivityManager( 1016): Unable to start service Intent { act=com.cleanmaster.api.RT_ACCESS cmp=com.cmcm.skey/com.cmcm.rtstub.RTApiService } U=0: not found
W/ActivityManager( 1016): Unable to start service Intent { act=com.cleanmaster.api.RT_ACCESS cmp=com.cmcm.rtstub/.RTApiService } U=0: not found
I/ActivityManager( 1016): Process com.sony.smallapp.managerservice (pid 10485) has died.
I/ActivityManager( 1016): Start proc com.svox.pico for broadcast com.svox.pico/.VoiceDataInstallerReceiver: pid=11023 uid=10039 gids={50039, 1028, 1015}
I/ActivityManager( 1016): Process com.android.defcontainer (pid 10619) has died.
I/ActivityManager( 1016): Start proc com.sonyericsson.album for broadcast com.sonyericsson.album/.online.playmemories.UpdateReceiver: pid=11043 uid=10043 gids={50043, 3003, 1028, 1015, 1023}
I/ActivityManager( 1016): Process com.android.vending (pid 10637) has died.
I/AlarmManager( 1016): set  [type=1 trigger on=(+7h0m0s0ms) repeatInt=0 repeatInt=PendingIntent{429965f0: PendingIntentRecord{424d0478 com.cleanmaster.mguard broadcastIntent}} worksource = null]
I/ActivityManager( 1016): Process com.google.android.googlequicksearchbox:search (pid 10876) has died.
I/ActivityManager( 1016): Process com.sonymobile.runtimeskinning.core (pid 10862) has died.
I/ActivityManager( 1016): Process com.realvnc.android.remote (pid 10848) has died.
I/ActivityManager( 1016): Start proc com.google.android.apps.docs for broadcast com.google.android.apps.docs/.receivers.AppPackageAddRemoveReceiver: pid=11072 uid=10094 gids={50094, 3003, 1028, 1015}
I/ActivityManager( 1016): Process com.sonyericsson.trackid (pid 10893) has died.
I/ActivityManager( 1016): Start proc com.sonymobile.autopairing for broadcast com.sonymobile.autopairing/.AndroidPackageIntentReceiver: pid=11099 uid=10155 gids={50155, 3002, 3001, 3003}
I/ActivityManager( 1016): Start proc com.sonymobile.advancedwidget.entrance for broadcast com.sonymobile.advancedwidget.entrance/com.sonymobile.entrance.logging.PackageInstallationReceiver: pid=11118 uid=10090 gids={50090, 3003, 1028, 1015, 3002, 3001}
I/ActivityManager( 1016): Process com.cleanmaster.mguard (pid 10908) has died.
W/ProcessCpuTracker( 1016): Skipping unknown process pid 11088
